Archive member included to satisfy reference by file (symbol)

D:/STM32CubeIDE/STM32CubeIDE_1.15.1/STM32CubeIDE/plugins/com.st.stm32cube.ide.mcu.externaltools.gnu-tools-for-stm32.12.3.rel1.win32_1.0.100.202403111256/tools/bin/../lib/gcc/arm-none-eabi/12.3.1/../../../../arm-none-eabi/lib/thumb/v7e-m+dp/hard\libc_nano.a(libc_a-exit.o)
                              D:/STM32CubeIDE/STM32CubeIDE_1.15.1/STM32CubeIDE/plugins/com.st.stm32cube.ide.mcu.externaltools.gnu-tools-for-stm32.12.3.rel1.win32_1.0.100.202403111256/tools/bin/../lib/gcc/arm-none-eabi/12.3.1/../../../../arm-none-eabi/lib/thumb/v7e-m+dp/hard/crt0.o (exit)
D:/STM32CubeIDE/STM32CubeIDE_1.15.1/STM32CubeIDE/plugins/com.st.stm32cube.ide.mcu.externaltools.gnu-tools-for-stm32.12.3.rel1.win32_1.0.100.202403111256/tools/bin/../lib/gcc/arm-none-eabi/12.3.1/../../../../arm-none-eabi/lib/thumb/v7e-m+dp/hard\libc_nano.a(libc_a-findfp.o)
                              D:/STM32CubeIDE/STM32CubeIDE_1.15.1/STM32CubeIDE/plugins/com.st.stm32cube.ide.mcu.externaltools.gnu-tools-for-stm32.12.3.rel1.win32_1.0.100.202403111256/tools/bin/../lib/gcc/arm-none-eabi/12.3.1/../../../../arm-none-eabi/lib/thumb/v7e-m+dp/hard\libc_nano.a(libc_a-exit.o) (__stdio_exit_handler)
D:/STM32CubeIDE/STM32CubeIDE_1.15.1/STM32CubeIDE/plugins/com.st.stm32cube.ide.mcu.externaltools.gnu-tools-for-stm32.12.3.rel1.win32_1.0.100.202403111256/tools/bin/../lib/gcc/arm-none-eabi/12.3.1/../../../../arm-none-eabi/lib/thumb/v7e-m+dp/hard\libc_nano.a(libc_a-fwalk.o)
                              D:/STM32CubeIDE/STM32CubeIDE_1.15.1/STM32CubeIDE/plugins/com.st.stm32cube.ide.mcu.externaltools.gnu-tools-for-stm32.12.3.rel1.win32_1.0.100.202403111256/tools/bin/../lib/gcc/arm-none-eabi/12.3.1/../../../../arm-none-eabi/lib/thumb/v7e-m+dp/hard\libc_nano.a(libc_a-findfp.o) (_fwalk_sglue)
D:/STM32CubeIDE/STM32CubeIDE_1.15.1/STM32CubeIDE/plugins/com.st.stm32cube.ide.mcu.externaltools.gnu-tools-for-stm32.12.3.rel1.win32_1.0.100.202403111256/tools/bin/../lib/gcc/arm-none-eabi/12.3.1/../../../../arm-none-eabi/lib/thumb/v7e-m+dp/hard\libc_nano.a(libc_a-stdio.o)
                              D:/STM32CubeIDE/STM32CubeIDE_1.15.1/STM32CubeIDE/plugins/com.st.stm32cube.ide.mcu.externaltools.gnu-tools-for-stm32.12.3.rel1.win32_1.0.100.202403111256/tools/bin/../lib/gcc/arm-none-eabi/12.3.1/../../../../arm-none-eabi/lib/thumb/v7e-m+dp/hard\libc_nano.a(libc_a-findfp.o) (__sread)
D:/STM32CubeIDE/STM32CubeIDE_1.15.1/STM32CubeIDE/plugins/com.st.stm32cube.ide.mcu.externaltools.gnu-tools-for-stm32.12.3.rel1.win32_1.0.100.202403111256/tools/bin/../lib/gcc/arm-none-eabi/12.3.1/../../../../arm-none-eabi/lib/thumb/v7e-m+dp/hard\libc_nano.a(libc_a-memset.o)
                              D:/STM32CubeIDE/STM32CubeIDE_1.15.1/STM32CubeIDE/plugins/com.st.stm32cube.ide.mcu.externaltools.gnu-tools-for-stm32.12.3.rel1.win32_1.0.100.202403111256/tools/bin/../lib/gcc/arm-none-eabi/12.3.1/../../../../arm-none-eabi/lib/thumb/v7e-m+dp/hard/crt0.o (memset)
D:/STM32CubeIDE/STM32CubeIDE_1.15.1/STM32CubeIDE/plugins/com.st.stm32cube.ide.mcu.externaltools.gnu-tools-for-stm32.12.3.rel1.win32_1.0.100.202403111256/tools/bin/../lib/gcc/arm-none-eabi/12.3.1/../../../../arm-none-eabi/lib/thumb/v7e-m+dp/hard\libc_nano.a(libc_a-closer.o)
                              D:/STM32CubeIDE/STM32CubeIDE_1.15.1/STM32CubeIDE/plugins/com.st.stm32cube.ide.mcu.externaltools.gnu-tools-for-stm32.12.3.rel1.win32_1.0.100.202403111256/tools/bin/../lib/gcc/arm-none-eabi/12.3.1/../../../../arm-none-eabi/lib/thumb/v7e-m+dp/hard\libc_nano.a(libc_a-stdio.o) (_close_r)
D:/STM32CubeIDE/STM32CubeIDE_1.15.1/STM32CubeIDE/plugins/com.st.stm32cube.ide.mcu.externaltools.gnu-tools-for-stm32.12.3.rel1.win32_1.0.100.202403111256/tools/bin/../lib/gcc/arm-none-eabi/12.3.1/../../../../arm-none-eabi/lib/thumb/v7e-m+dp/hard\libc_nano.a(libc_a-reent.o)
                              D:/STM32CubeIDE/STM32CubeIDE_1.15.1/STM32CubeIDE/plugins/com.st.stm32cube.ide.mcu.externaltools.gnu-tools-for-stm32.12.3.rel1.win32_1.0.100.202403111256/tools/bin/../lib/gcc/arm-none-eabi/12.3.1/../../../../arm-none-eabi/lib/thumb/v7e-m+dp/hard\libc_nano.a(libc_a-closer.o) (errno)
D:/STM32CubeIDE/STM32CubeIDE_1.15.1/STM32CubeIDE/plugins/com.st.stm32cube.ide.mcu.externaltools.gnu-tools-for-stm32.12.3.rel1.win32_1.0.100.202403111256/tools/bin/../lib/gcc/arm-none-eabi/12.3.1/../../../../arm-none-eabi/lib/thumb/v7e-m+dp/hard\libc_nano.a(libc_a-impure.o)
                              D:/STM32CubeIDE/STM32CubeIDE_1.15.1/STM32CubeIDE/plugins/com.st.stm32cube.ide.mcu.externaltools.gnu-tools-for-stm32.12.3.rel1.win32_1.0.100.202403111256/tools/bin/../lib/gcc/arm-none-eabi/12.3.1/../../../../arm-none-eabi/lib/thumb/v7e-m+dp/hard\libc_nano.a(libc_a-reent.o) (_impure_ptr)
[...]
Memory Configuration

Name             Origin             Length             Attributes
FLASH            0x08000000         0x00020000         xr
DTCMRAM          0x20000000         0x00020000         xrw
RAM_D1           0x24000000         0x00080000         xrw
RAM_D2           0x30000000         0x00048000         xrw
RAM_D3           0x38000000         0x00010000         xrw
ITCMRAM          0x00000000         0x00010000         xrw
*default*        0x00000000         0xffffffff

Linker script and memory map

LOAD D:/STM32CubeIDE/STM32CubeIDE_1.15.1/STM32CubeIDE/plugins/com.st.stm32cube.ide.mcu.externaltools.gnu-tools-for-stm32.12.3.rel1.win32_1.0.100.202403111256/tools/bin/../lib/gcc/arm-none-eabi/12.3.1/thumb/v7e-m+dp/hard/crti.o
LOAD D:/STM32CubeIDE/STM32CubeIDE_1.15.1/STM32CubeIDE/plugins/com.st.stm32cube.ide.mcu.externaltools.gnu-tools-for-stm32.12.3.rel1.win32_1.0.100.202403111256/tools/bin/../lib/gcc/arm-none-eabi/12.3.1/thumb/v7e-m+dp/hard/crtbegin.o
LOAD D:/STM32CubeIDE/STM32CubeIDE_1.15.1/STM32CubeIDE/plugins/com.st.stm32cube.ide.mcu.externaltools.gnu-tools-for-stm32.12.3.rel1.win32_1.0.100.202403111256/tools/bin/../lib/gcc/arm-none-eabi/12.3.1/../../../../arm-none-eabi/lib/thumb/v7e-m+dp/hard/crt0.o
LOAD ./Core/Src/gpio.o
LOAD ./Core/Src/i2c.o
LOAD ./Core/Src/main.o
LOAD ./Core/Src/spi.o
LOAD ./Core/Src/stm32h7xx_hal_msp.o
LOAD ./Core/Src/stm32h7xx_it.o
LOAD ./Core/Src/syscalls.o
LOAD ./Core/Src/sysmem.o
LOAD ./Core/Src/system_stm32h7xx.o
LOAD ./Core/Src/tim.o
LOAD ./Core/Src/usart.o
LOAD ./Core/Src/uwb.o
LOAD ./Core/Startup/startup_stm32h750vbtx.o
LOAD ./Drivers/DW1000/decadriver/Src/deca_device.o
LOAD ./Drivers/DW1000/decadriver/Src/deca_params_init.o
LOAD ./Drivers/DW1000/platform/Src/deca_mutex.o
LOAD ./Drivers/DW1000/platform/Src/deca_range_tables.o
LOAD ./Drivers/DW1000/platform/Src/deca_sleep.o
LOAD ./Drivers/DW1000/platform/Src/deca_spi.o
LOAD ./Drivers/DW1000/platform/Src/port.o
LOAD ./Drivers/STM32H7xx_HAL_Driver/Src/stm32h7xx_hal.o
LOAD ./Drivers/STM32H7xx_HAL_Driver/Src/stm32h7xx_hal_cortex.o
LOAD ./Drivers/STM32H7xx_HAL_Driver/Src/stm32h7xx_hal_dma.o
LOAD ./Drivers/STM32H7xx_HAL_Driver/Src/stm32h7xx_hal_dma_ex.o
LOAD ./Drivers/STM32H7xx_HAL_Driver/Src/stm32h7xx_hal_exti.o
LOAD ./Drivers/STM32H7xx_HAL_Driver/Src/stm32h7xx_hal_flash.o
LOAD ./Drivers/STM32H7xx_HAL_Driver/Src/stm32h7xx_hal_flash_ex.o
LOAD ./Drivers/STM32H7xx_HAL_Driver/Src/stm32h7xx_hal_gpio.o
LOAD ./Drivers/STM32H7xx_HAL_Driver/Src/stm32h7xx_hal_hsem.o
LOAD ./Drivers/STM32H7xx_HAL_Driver/Src/stm32h7xx_hal_i2c.o
LOAD ./Drivers/STM32H7xx_HAL_Driver/Src/stm32h7xx_hal_i2c_ex.o
LOAD ./Drivers/STM32H7xx_HAL_Driver/Src/stm32h7xx_hal_mdma.o
LOAD ./Drivers/STM32H7xx_HAL_Driver/Src/stm32h7xx_hal_pwr.o
LOAD ./Drivers/STM32H7xx_HAL_Driver/Src/stm32h7xx_hal_pwr_ex.o
LOAD ./Drivers/STM32H7xx_HAL_Driver/Src/stm32h7xx_hal_rcc.o
LOAD ./Drivers/STM32H7xx_HAL_Driver/Src/stm32h7xx_hal_rcc_ex.o
LOAD ./Drivers/STM32H7xx_HAL_Driver/Src/stm32h7xx_hal_spi.o
LOAD ./Drivers/STM32H7xx_HAL_Driver/Src/stm32h7xx_hal_spi_ex.o
LOAD ./Drivers/STM32H7xx_HAL_Driver/Src/stm32h7xx_hal_tim.o
LOAD ./Drivers/STM32H7xx_HAL_Driver/Src/stm32h7xx_hal_tim_ex.o
LOAD ./Drivers/STM32H7xx_HAL_Driver/Src/stm32h7xx_hal_uart.o
LOAD ./Drivers/STM32H7xx_HAL_Driver/Src/stm32h7xx_hal_uart_ex.o
START GROUP
LOAD D:/STM32CubeIDE/STM32CubeIDE_1.15.1/STM32CubeIDE/plugins/com.st.stm32cube.ide.mcu.externaltools.gnu-tools-for-stm32.12.3.rel1.win32_1.0.100.202403111256/tools/bin/../lib/gcc/arm-none-eabi/12.3.1/../../../../arm-none-eabi/lib/thumb/v7e-m+dp/hard\libc_nano.a
LOAD D:/STM32CubeIDE/STM32CubeIDE_1.15.1/STM32CubeIDE/plugins/com.st.stm32cube.ide.mcu.externaltools.gnu-tools-for-stm32.12.3.rel1.win32_1.0.100.202403111256/tools/bin/../lib/gcc/arm-none-eabi/12.3.1/../../../../arm-none-eabi/lib/thumb/v7e-m+dp/hard\libm.a
END GROUP
START GROUP
LOAD D:/STM32CubeIDE/STM32CubeIDE_1.15.1/STM32CubeIDE/plugins/com.st.stm32cube.ide.mcu.externaltools.gnu-tools-for-stm32.12.3.rel1.win32_1.0.100.202403111256/tools/bin/../lib/gcc/arm-none-eabi/12.3.1/thumb/v7e-m+dp/hard\libgcc.a
LOAD D:/STM32CubeIDE/STM32CubeIDE_1.15.1/STM32CubeIDE/plugins/com.st.stm32cube.ide.mcu.externaltools.gnu-tools-for-stm32.12.3.rel1.win32_1.0.100.202403111256/tools/bin/../lib/gcc/arm-none-eabi/12.3.1/../../../../arm-none-eabi/lib/thumb/v7e-m+dp/hard\libc_nano.a
END GROUP
START GROUP
LOAD D:/STM32CubeIDE/STM32CubeIDE_1.15.1/STM32CubeIDE/plugins/com.st.stm32cube.ide.mcu.externaltools.gnu-tools-for-stm32.12.3.rel1.win32_1.0.100.202403111256/tools/bin/../lib/gcc/arm-none-eabi/12.3.1/thumb/v7e-m+dp/hard\libgcc.a
LOAD D:/STM32CubeIDE/STM32CubeIDE_1.15.1/STM32CubeIDE/plugins/com.st.stm32cube.ide.mcu.externaltools.gnu-tools-for-stm32.12.3.rel1.win32_1.0.100.202403111256/tools/bin/../lib/gcc/arm-none-eabi/12.3.1/../../../../arm-none-eabi/lib/thumb/v7e-m+dp/hard\libc_nano.a
LOAD D:/STM32CubeIDE/STM32CubeIDE_1.15.1/STM32CubeIDE/plugins/com.st.stm32cube.ide.mcu.externaltools.gnu-tools-for-stm32.12.3.rel1.win32_1.0.100.202403111256/tools/bin/../lib/gcc/arm-none-eabi/12.3.1/../../../../arm-none-eabi/lib/thumb/v7e-m+dp/hard\libnosys.a
END GROUP
START GROUP
LOAD D:/STM32CubeIDE/STM32CubeIDE_1.15.1/STM32CubeIDE/plugins/com.st.stm32cube.ide.mcu.externaltools.gnu-tools-for-stm32.12.3.rel1.win32_1.0.100.202403111256/tools/bin/../lib/gcc/arm-none-eabi/12.3.1/thumb/v7e-m+dp/hard\libgcc.a
LOAD D:/STM32CubeIDE/STM32CubeIDE_1.15.1/STM32CubeIDE/plugins/com.st.stm32cube.ide.mcu.externaltools.gnu-tools-for-stm32.12.3.rel1.win32_1.0.100.202403111256/tools/bin/../lib/gcc/arm-none-eabi/12.3.1/../../../../arm-none-eabi/lib/thumb/v7e-m+dp/hard\libc_nano.a
LOAD D:/STM32CubeIDE/STM32CubeIDE_1.15.1/STM32CubeIDE/plugins/com.st.stm32cube.ide.mcu.externaltools.gnu-tools-for-stm32.12.3.rel1.win32_1.0.100.202403111256/tools/bin/../lib/gcc/arm-none-eabi/12.3.1/../../../../arm-none-eabi/lib/thumb/v7e-m+dp/hard\libnosys.a
END GROUP
LOAD D:/STM32CubeIDE/STM32CubeIDE_1.15.1/STM32CubeIDE/plugins/com.st.stm32cube.ide.mcu.externaltools.gnu-tools-for-stm32.12.3.rel1.win32_1.0.100.202403111256/tools/bin/../lib/gcc/arm-none-eabi/12.3.1/thumb/v7e-m+dp/hard/crtend.o
LOAD D:/STM32CubeIDE/STM32CubeIDE_1.15.1/STM32CubeIDE/plugins/com.st.stm32cube.ide.mcu.externaltools.gnu-tools-for-stm32.12.3.rel1.win32_1.0.100.202403111256/tools/bin/../lib/gcc/arm-none-eabi/12.3.1/thumb/v7e-m+dp/hard/crtn.o
                0x24080000                        _estack = (ORIGIN (RAM_D1) + LENGTH (RAM_D1))
                0x00000200                        _Min_Heap_Size = 0x200
                0x00000400                        _Min_Stack_Size = 0x400

.isr_vector     0x08000000      0x298
                0x08000000                        . = ALIGN (0x4)
 *(.isr_vector)
 .isr_vector    0x08000000      0x298 ./Core/Startup/startup_stm32h750vbtx.o
                0x08000000                g_pfnVectors
                0x08000298                        . = ALIGN (0x4)

.text           0x08000298     0x924c
                0x08000298                        . = ALIGN (0x4)
 *(.text)
 .text          0x08000298       0x40 D:/STM32CubeIDE/STM32CubeIDE_1.15.1/STM32CubeIDE/plugins/com.st.stm32cube.ide.mcu.externaltools.gnu-tools-for-stm32.12.3.rel1.win32_1.0.100.202403111256/tools/bin/../lib/gcc/arm-none-eabi/12.3.1/thumb/v7e-m+dp/hard/crtbegin.o
 .text          0x080002d8       0x30 D:/STM32CubeIDE/STM32CubeIDE_1.15.1/STM32CubeIDE/plugins/com.st.stm32cube.ide.mcu.externaltools.gnu-tools-for-stm32.12.3.rel1.win32_1.0.100.202403111256/tools/bin/../lib/gcc/arm-none-eabi/12.3.1/thumb/v7e-m+dp/hard\libgcc.a(_aeabi_uldivmod.o)
                0x080002d8                __aeabi_uldivmod
 .text          0x08000308      0x2bc D:/STM32CubeIDE/STM32CubeIDE_1.15.1/STM32CubeIDE/plugins/com.st.stm32cube.ide.mcu.externaltools.gnu-tools-for-stm32.12.3.rel1.win32_1.0.100.202403111256/tools/bin/../lib/gcc/arm-none-eabi/12.3.1/thumb/v7e-m+dp/hard\libgcc.a(_udivmoddi4.o)
                0x08000308                __udivmoddi4
 .text          0x080005c4        0x4 D:/STM32CubeIDE/STM32CubeIDE_1.15.1/STM32CubeIDE/plugins/com.st.stm32cube.ide.mcu.externaltools.gnu-tools-for-stm32.12.3.rel1.win32_1.0.100.202403111256/tools/bin/../lib/gcc/arm-none-eabi/12.3.1/thumb/v7e-m+dp/hard\libgcc.a(_dvmd_tls.o)
                0x080005c4                __aeabi_idiv0
                0x080005c4                __aeabi_ldiv0
 *(.text*)
 .text.MX_GPIO_Init
                0x080005c8      0x2cc ./Core/Src/gpio.o
                0x080005c8                MX_GPIO_Init
 .text.MX_I2C1_Init
                0x08000894       0x80 ./Core/Src/i2c.o
                0x08000894                MX_I2C1_Init
 .text.HAL_I2C_MspInit
                0x08000914       0xd0 ./Core/Src/i2c.o
                0x08000914                HAL_I2C_MspInit
 .text.__NVIC_SystemReset
                0x080009e4       0x2c ./Core/Src/main.o
 .text.main     0x08000a10       0x4c ./Core/Src/main.o
                0x08000a10                main
 .text.SystemClock_Config
                0x08000a5c       0xfc ./Core/Src/main.o
                0x08000a5c                SystemClock_Config
 .text.MPU_Config
                0x08000b58       0x58 ./Core/Src/main.o
 .text.Error_Handler
                0x08000bb0        0xc ./Core/Src/main.o
                0x08000bb0                Error_Handler
 .text.MX_SPI1_Init
                0x08000bbc       0xac ./Core/Src/spi.o
                0x08000bbc                MX_SPI1_Init
 .text.MX_SPI2_Init
                0x08000c68       0xac ./Core/Src/spi.o
                0x08000c68                MX_SPI2_Init
 .text.HAL_SPI_MspInit
                0x08000d14      0x170 ./Core/Src/spi.o
                0x08000d14                HAL_SPI_MspInit
 .text.HAL_MspInit
                0x08000e84       0x34 ./Core/Src/stm32h7xx_hal_msp.o
                0x08000e84                HAL_MspInit
 .text.NMI_Handler
                0x08000eb8        0x8 ./Core/Src/stm32h7xx_it.o
                0x08000eb8                NMI_Handler
 .text.HardFault_Handler
                0x08000ec0        0x8 ./Core/Src/stm32h7xx_it.o
                0x08000ec0                HardFault_Handler
 .text.MemManage_Handler
                0x08000ec8        0x8 ./Core/Src/stm32h7xx_it.o
                0x08000ec8                MemManage_Handler
 .text.BusFault_Handler
                0x08000ed0        0x8 ./Core/Src/stm32h7xx_it.o
                0x08000ed0                BusFault_Handler
 .text.UsageFault_Handler
                0x08000ed8        0x8 ./Core/Src/stm32h7xx_it.o
                0x08000ed8                UsageFault_Handler
 .text.SVC_Handler
                0x08000ee0        0xe ./Core/Src/stm32h7xx_it.o
                0x08000ee0                SVC_Handler
 .text.DebugMon_Handler
                0x08000eee        0xe ./Core/Src/stm32h7xx_it.o
                0x08000eee                DebugMon_Handler
 .text.PendSV_Handler
                0x08000efc        0xe ./Core/Src/stm32h7xx_it.o
                0x08000efc                PendSV_Handler
 .text.SysTick_Handler
                0x08000f0a        0xc ./Core/Src/stm32h7xx_it.o
                0x08000f0a                SysTick_Handler
 .text.EXTI0_IRQHandler
                0x08000f16        0xe ./Core/Src/stm32h7xx_it.o
                0x08000f16                EXTI0_IRQHandler
 .text.EXTI9_5_IRQHandler
                0x08000f24       0x16 ./Core/Src/stm32h7xx_it.o
                0x08000f24                EXTI9_5_IRQHandler
 .text.EXTI15_10_IRQHandler
                0x08000f3a       0x10 ./Core/Src/stm32h7xx_it.o
                0x08000f3a                EXTI15_10_IRQHandler
 *fill*         0x08000f4a        0x2 
 .text.SystemInit
                0x08000f4c      0x110 ./Core/Src/system_stm32h7xx.o
                0x08000f4c                SystemInit
 .text.MX_TIM1_Init
                0x0800105c       0xa8 ./Core/Src/tim.o
                0x0800105c                MX_TIM1_Init
 .text.MX_TIM2_Init
                0x08001104       0xf8 ./Core/Src/tim.o
                0x08001104                MX_TIM2_Init
 .text.HAL_TIM_Base_MspInit
                0x080011fc       0xc0 ./Core/Src/tim.o
                0x080011fc                HAL_TIM_Base_MspInit
 .text.HAL_TIM_MspPostInit
                0x080012bc       0x70 ./Core/Src/tim.o
                0x080012bc                HAL_TIM_MspPostInit
 .text.MX_UART4_Init
                0x0800132c       0x98 ./Core/Src/usart.o
                0x0800132c                MX_UART4_Init
 .text.HAL_UART_MspInit
                0x080013c4       0xd0 ./Core/Src/usart.o
                0x080013c4                HAL_UART_MspInit
 .text.Antenna_Array_Init
                0x08001494      0x2f0 ./Core/Src/uwb.o
                0x08001494                Antenna_Array_Init
 .text.get_rx_timestamp_u64
                0x08001784       0x7e ./Core/Src/uwb.o
 .text.rxOkCallback
                0x08001802       0x50 ./Core/Src/uwb.o
                0x08001802                rxOkCallback
 .text.rxToCallback
                0x08001852       0x22 ./Core/Src/uwb.o
                0x08001852                rxToCallback
 .text.rxErrCallback
                0x08001874       0x22 ./Core/Src/uwb.o
                0x08001874                rxErrCallback
 *fill*         0x08001896        0x2 
 .text.Check_DW1000RSTn
                0x08001898       0x80 ./Core/Src/uwb.o
                0x08001898                Check_DW1000RSTn
 .text.Reset_Handler
                0x08001918       0x50 ./Core/Startup/startup_stm32h750vbtx.o
                0x08001918                Reset_Handler
 .text.Default_Handler
                0x08001968        0x2 ./Core/Startup/startup_stm32h750vbtx.o
                0x08001968                RTC_Alarm_IRQHandler
                0x08001968                HASH_RNG_IRQHandler
                0x08001968                EXTI2_IRQHandler
                0x08001968                TIM8_CC_IRQHandler
                0x08001968                HRTIM1_Master_IRQHandler
                0x08001968                UART8_IRQHandler
                0x08001968                SPI4_IRQHandler
                0x08001968                TIM1_CC_IRQHandler
                0x08001968                BDMA_Channel6_IRQHandler
                0x08001968                DMA2_Stream5_IRQHandler
                0x08001968                HRTIM1_FLT_IRQHandler
                0x08001968                JPEG_IRQHandler
                0x08001968                DMA1_Stream5_IRQHandler
                0x08001968                BDMA_Channel1_IRQHandler
                0x08001968                HRTIM1_TIMD_IRQHandler
                0x08001968                TAMP_STAMP_IRQHandler
                0x08001968                EXTI3_IRQHandler
                0x08001968                LPTIM4_IRQHandler
                0x08001968                TIM8_TRG_COM_TIM14_IRQHandler
                0x08001968                LPTIM2_IRQHandler
                0x08001968                DFSDM1_FLT1_IRQHandler
                0x08001968                DMAMUX2_OVR_IRQHandler
                0x08001968                TIM8_UP_TIM13_IRQHandler
                0x08001968                I2C3_ER_IRQHandler
                0x08001968                DFSDM1_FLT2_IRQHandler
                0x08001968                MDMA_IRQHandler
                0x08001968                LPTIM3_IRQHandler
                0x08001968                HSEM1_IRQHandler
                0x08001968                I2C2_EV_IRQHandler
                0x08001968                DMA1_Stream2_IRQHandler
                0x08001968                FPU_IRQHandler
                0x08001968                OTG_HS_WKUP_IRQHandler
                0x08001968                FDCAN1_IT1_IRQHandler
                0x08001968                LTDC_ER_IRQHandler
                0x08001968                DMA2_Stream2_IRQHandler
                0x08001968                HRTIM1_TIME_IRQHandler
                0x08001968                SPI1_IRQHandler
                0x08001968                TIM6_DAC_IRQHandler
                0x08001968                DCMI_IRQHandler
                0x08001968                HRTIM1_TIMC_IRQHandler
                0x08001968                DMA2_Stream3_IRQHandler
                0x08001968                SAI2_IRQHandler
                0x08001968                DFSDM1_FLT3_IRQHandler
                0x08001968                USART6_IRQHandler
                0x08001968                TIM17_IRQHandler
                0x08001968                USART3_IRQHandler
                0x08001968                BDMA_Channel7_IRQHandler
                0x08001968                CRYP_IRQHandler
                0x08001968                LPTIM5_IRQHandler
                0x08001968                UART5_IRQHandler
                0x08001968                ADC3_IRQHandler
                0x08001968                DMA2_Stream0_IRQHandler
                0x08001968                TIM4_IRQHandler
                0x08001968                BDMA_Channel2_IRQHandler
                0x08001968                QUADSPI_IRQHandler
                0x08001968                I2C1_EV_IRQHandler
                0x08001968                DMA1_Stream6_IRQHandler
                0x08001968                DMAMUX1_OVR_IRQHandler
                0x08001968                DMA1_Stream1_IRQHandler
                0x08001968                TIM16_IRQHandler
                0x08001968                UART4_IRQHandler
                0x08001968                BDMA_Channel5_IRQHandler
                0x08001968                TIM3_IRQHandler
                0x08001968                RCC_IRQHandler
                0x08001968                TIM8_BRK_TIM12_IRQHandler
                0x08001968                TIM1_TRG_COM_IRQHandler
                0x08001968                Default_Handler
                0x08001968                ECC_IRQHandler
                0x08001968                CEC_IRQHandler
                0x08001968                BDMA_Channel0_IRQHandler
                0x08001968                ADC_IRQHandler
                0x08001968                DMA1_Stream7_IRQHandler
                0x08001968                HRTIM1_TIMA_IRQHandler
                0x08001968                SPI5_IRQHandler
                0x08001968                TIM7_IRQHandler
                0x08001968                SDMMC1_IRQHandler
                0x08001968                TIM5_IRQHandler
                0x08001968                DMA2_Stream7_IRQHandler
                0x08001968                TIM15_IRQHandler
                0x08001968                PVD_AVD_IRQHandler
                0x08001968                I2C3_EV_IRQHandler
                0x08001968                RTC_WKUP_IRQHandler
                0x08001968                LTDC_IRQHandler
                0x08001968                SAI3_IRQHandler
                0x08001968                ETH_WKUP_IRQHandler
                0x08001968                SPDIF_RX_IRQHandler
                0x08001968                SPI2_IRQHandler
                0x08001968                OTG_HS_EP1_IN_IRQHandler
                0x08001968                DMA1_Stream0_IRQHandler
                0x08001968                CRS_IRQHandler
                0x08001968                EXTI4_IRQHandler
                0x08001968                HRTIM1_TIMB_IRQHandler
                0x08001968                FDCAN2_IT1_IRQHandler
                0x08001968                ETH_IRQHandler
                0x08001968                TIM1_UP_IRQHandler
                0x08001968                BDMA_Channel4_IRQHandler
                0x08001968                OTG_HS_EP1_OUT_IRQHandler
                0x08001968                WWDG_IRQHandler
                0x08001968                SPI6_IRQHandler
                0x08001968                MDIOS_IRQHandler
                0x08001968                I2C4_EV_IRQHandler
                0x08001968                FDCAN2_IT0_IRQHandler
                0x08001968                LPUART1_IRQHandler
                0x08001968                FDCAN1_IT0_IRQHandler
                0x08001968                TIM2_IRQHandler
                0x08001968                OTG_FS_WKUP_IRQHandler
                0x08001968                OTG_HS_IRQHandler
                0x08001968                DMA2D_IRQHandler
                0x08001968                TIM1_BRK_IRQHandler
                0x08001968                EXTI1_IRQHandler
                0x08001968                SDMMC2_IRQHandler
                0x08001968                OTG_FS_EP1_OUT_IRQHandler
                0x08001968                BDMA_Channel3_IRQHandler
                0x08001968                UART7_IRQHandler
                0x08001968                MDIOS_WKUP_IRQHandler
                0x08001968                USART2_IRQHandler
                0x08001968                DFSDM1_FLT0_IRQHandler
                0x08001968                SAI4_IRQHandler
                0x08001968                I2C2_ER_IRQHandler
                0x08001968                DMA2_Stream1_IRQHandler
                0x08001968                FLASH_IRQHandler
                0x08001968                DMA2_Stream4_IRQHandler
                0x08001968                USART1_IRQHandler
                0x08001968                OTG_FS_IRQHandler
                0x08001968                SPI3_IRQHandler
                0x08001968                WAKEUP_PIN_IRQHandler
                0x08001968                DMA1_Stream4_IRQHandler
                0x08001968                OTG_FS_EP1_IN_IRQHandler
                0x08001968                I2C1_ER_IRQHandler
                0x08001968                FMC_IRQHandler
                0x08001968                FDCAN_CAL_IRQHandler
                0x08001968                SWPMI1_IRQHandler
                0x08001968                COMP1_IRQHandler
                0x08001968                LPTIM1_IRQHandler
                0x08001968                I2C4_ER_IRQHandler
                0x08001968                DMA2_Stream6_IRQHandler
                0x08001968                SAI1_IRQHandler
                0x08001968                DMA1_Stream3_IRQHandler
 *fill*         0x0800196a        0x2 
 .text.dwt_setlocaldataptr
                0x0800196c       0x3c ./Drivers/DW1000/decadriver/Src/deca_device.o
                0x0800196c                dwt_setlocaldataptr
 .text.dwt_initialise
                0x080019a8      0x2c4 ./Drivers/DW1000/decadriver/Src/deca_device.o
                0x080019a8                dwt_initialise
 .text.dwt_readdevid
                0x08001c6c       0x1c ./Drivers/DW1000/decadriver/Src/deca_device.o
                0x08001c6c                dwt_readdevid
 .text.dwt_configure
                0x08001c88      0x300 ./Drivers/DW1000/decadriver/Src/deca_device.o
                0x08001c88                dwt_configure
 .text.dwt_setrxantennadelay
                0x08001f88       0x22 ./Drivers/DW1000/decadriver/Src/deca_device.o
                0x08001f88                dwt_setrxantennadelay
 .text.dwt_settxantennadelay
                0x08001faa       0x20 ./Drivers/DW1000/decadriver/Src/deca_device.o
                0x08001faa                dwt_settxantennadelay
 .text.dwt_readrxdata
                0x08001fca       0x2a ./Drivers/DW1000/decadriver/Src/deca_device.o
                0x08001fca                dwt_readrxdata
 .text.dwt_readrxtimestamp
                0x08001ff4       0x22 ./Drivers/DW1000/decadriver/Src/deca_device.o
                0x08001ff4                dwt_readrxtimestamp
 .text.dwt_writetodevice
                0x08002016       0xb2 ./Drivers/DW1000/decadriver/Src/deca_device.o
                0x08002016                dwt_writetodevice
 .text.dwt_readfromdevice
                0x080020c8       0xac ./Drivers/DW1000/decadriver/Src/deca_device.o
                0x080020c8                dwt_readfromdevice
 .text.dwt_read32bitoffsetreg
                0x08002174       0x56 ./Drivers/DW1000/decadriver/Src/deca_device.o
                0x08002174                dwt_read32bitoffsetreg
 .text.dwt_read16bitoffsetreg
                0x080021ca       0x3e ./Drivers/DW1000/decadriver/Src/deca_device.o
                0x080021ca                dwt_read16bitoffsetreg
 .text.dwt_read8bitoffsetreg
                0x08002208       0x2e ./Drivers/DW1000/decadriver/Src/deca_device.o
                0x08002208                dwt_read8bitoffsetreg
 .text.dwt_write8bitoffsetreg
                0x08002236       0x2e ./Drivers/DW1000/decadriver/Src/deca_device.o
                0x08002236                dwt_write8bitoffsetreg
 .text.dwt_write16bitoffsetreg
                0x08002264       0x40 ./Drivers/DW1000/decadriver/Src/deca_device.o
                0x08002264                dwt_write16bitoffsetreg
 .text.dwt_write32bitoffsetreg
                0x080022a4       0x56 ./Drivers/DW1000/decadriver/Src/deca_device.o
                0x080022a4                dwt_write32bitoffsetreg
 .text._dwt_otpread
                0x080022fa       0x46 ./Drivers/DW1000/decadriver/Src/deca_device.o
                0x080022fa                _dwt_otpread
 .text._dwt_aonarrayupload
                0x08002340       0x28 ./Drivers/DW1000/decadriver/Src/deca_device.o
                0x08002340                _dwt_aonarrayupload
 .text._dwt_configlde
                0x08002368       0x48 ./Drivers/DW1000/decadriver/Src/deca_device.o
                0x08002368                _dwt_configlde
 .text._dwt_loaducodefromrom
                0x080023b0       0x34 ./Drivers/DW1000/decadriver/Src/deca_device.o
                0x080023b0                _dwt_loaducodefromrom
 .text.dwt_setcallbacks
                0x080023e4       0x40 ./Drivers/DW1000/decadriver/Src/deca_device.o
                0x080023e4                dwt_setcallbacks
 .text.dwt_isr  0x08002424      0x214 ./Drivers/DW1000/decadriver/Src/deca_device.o
                0x08002424                dwt_isr
 .text.dwt_setleds
                0x08002638       0xf2 ./Drivers/DW1000/decadriver/Src/deca_device.o
                0x08002638                dwt_setleds
 *fill*         0x0800272a        0x2 
 .text._dwt_enableclocks
                0x0800272c      0x148 ./Drivers/DW1000/decadriver/Src/deca_device.o
                0x0800272c                _dwt_enableclocks
 .text._dwt_disablesequencing
                0x08002874       0x24 ./Drivers/DW1000/decadriver/Src/deca_device.o
                0x08002874                _dwt_disablesequencing
 .text.dwt_forcetrxoff
                0x08002898       0x74 ./Drivers/DW1000/decadriver/Src/deca_device.o
                0x08002898                dwt_forcetrxoff
 .text.dwt_syncrxbufptrs
                0x0800290c       0x3a ./Drivers/DW1000/decadriver/Src/deca_device.o
                0x0800290c                dwt_syncrxbufptrs
 .text.dwt_rxenable
                0x08002946       0x8e ./Drivers/DW1000/decadriver/Src/deca_device.o
                0x08002946                dwt_rxenable
 .text.dwt_setrxtimeout
                0x080029d4       0x84 ./Drivers/DW1000/decadriver/Src/deca_device.o
                0x080029d4                dwt_setrxtimeout
 .text.dwt_setpreambledetecttimeout
                0x08002a58       0x20 ./Drivers/DW1000/decadriver/Src/deca_device.o
                0x08002a58                dwt_setpreambledetecttimeout
 .text.dwt_setinterrupt
                0x08002a78       0x6c ./Drivers/DW1000/decadriver/Src/deca_device.o
                0x08002a78                dwt_setinterrupt
 .text.dwt_rxreset
                0x08002ae4       0x28 ./Drivers/DW1000/decadriver/Src/deca_device.o
                0x08002ae4                dwt_rxreset
 .text.dwt_softreset
                0x08002b0c       0x60 ./Drivers/DW1000/decadriver/Src/deca_device.o
                0x08002b0c                dwt_softreset
 .text.dwt_setxtaltrim
                0x08002b6c       0x32 ./Drivers/DW1000/decadriver/Src/deca_device.o
                0x08002b6c                dwt_setxtaltrim
 .text.dwt_setecctrl
                0x08002b9e       0x24 ./Drivers/DW1000/decadriver/Src/deca_device.o
                0x08002b9e                dwt_setecctrl
 .text.decamutexon
                0x08002bc2       0x28 ./Drivers/DW1000/platform/Src/deca_mutex.o
                0x08002bc2                decamutexon
 .text.decamutexoff
                0x08002bea       0x1e ./Drivers/DW1000/platform/Src/deca_mutex.o
                0x08002bea                decamutexoff
 .text.deca_sleep
                0x08002c08       0x16 ./Drivers/DW1000/platform/Src/deca_sleep.o
                0x08002c08                deca_sleep
 *fill*         0x08002c1e        0x2 
 .text.writetospi
                0x08002c20       0x68 ./Drivers/DW1000/platform/Src/deca_spi.o
                0x08002c20                writetospi
 .text.readfromspi
                0x08002c88       0x68 ./Drivers/DW1000/platform/Src/deca_spi.o
                0x08002c88                readfromspi
 .text.__NVIC_EnableIRQ
                0x08002cf0       0x3c ./Drivers/DW1000/platform/Src/port.o
 .text.__NVIC_DisableIRQ
                0x08002d2c       0x48 ./Drivers/DW1000/platform/Src/port.o
 .text.usleep   0x08002d74       0x56 ./Drivers/DW1000/platform/Src/port.o
                0x08002d74                usleep
 .text.Sleep    0x08002dca       0x16 ./Drivers/DW1000/platform/Src/port.o
                0x08002dca                Sleep
 .text.EXTI_GetITEnStatus
                0x08002de0       0x3c ./Drivers/DW1000/platform/Src/port.o
                0x08002de0                EXTI_GetITEnStatus
 .text.reset_DW1000
                0x08002e1c       0x34 ./Drivers/DW1000/platform/Src/port.o
                0x08002e1c                reset_DW1000
 .text.setup_DW1000RSTnIRQ
                0x08002e50       0x16 ./Drivers/DW1000/platform/Src/port.o
                0x08002e50                setup_DW1000RSTnIRQ
 .text.port_set_dw1000_slowrate
                0x08002e66       0x24 ./Drivers/DW1000/platform/Src/port.o
                0x08002e66                port_set_dw1000_slowrate
 .text.port_set_dw1000_fastrate
                0x08002e8a       0x24 ./Drivers/DW1000/platform/Src/port.o
                0x08002e8a                port_set_dw1000_fastrate
 *fill*         0x08002eae        0x2 
 .text.HAL_GPIO_EXTI_Callback
                0x08002eb0      0x100 ./Drivers/DW1000/platform/Src/port.o
                0x08002eb0                HAL_GPIO_EXTI_Callback
 .text.process_deca_irq
                0x08002fb0       0x2c ./Drivers/DW1000/platform/Src/port.o
                0x08002fb0                process_deca_irq
 .text.port_DisableEXT_IRQ
                0x08002fdc       0x1c ./Drivers/DW1000/platform/Src/port.o
                0x08002fdc                port_DisableEXT_IRQ
 .text.port_EnableEXT_IRQ
                0x08002ff8       0x1c ./Drivers/DW1000/platform/Src/port.o
                0x08002ff8                port_EnableEXT_IRQ
 .text.port_GetEXT_IRQStatus
                0x08003014       0x1c ./Drivers/DW1000/platform/Src/port.o
                0x08003014                port_GetEXT_IRQStatus
 .text.port_CheckEXT_IRQ
                0x08003030       0x22 ./Drivers/DW1000/platform/Src/port.o
                0x08003030                port_CheckEXT_IRQ
 *fill*         0x08003052        0x2 
 .text.port_set_deca_isr
                0x08003054       0x40 ./Drivers/DW1000/platform/Src/port.o
                0x08003054                port_set_deca_isr
 .text.HAL_Init
                0x08003094       0x78 ./Drivers/STM32H7xx_HAL_Driver/Src/stm32h7xx_hal.o
                0x08003094                HAL_Init
 .text.HAL_InitTick
                0x0800310c       0x6c ./Drivers/STM32H7xx_HAL_Driver/Src/stm32h7xx_hal.o
                0x0800310c                HAL_InitTick
 .text.HAL_IncTick
                0x08003178       0x28 ./Drivers/STM32H7xx_HAL_Driver/Src/stm32h7xx_hal.o
                0x08003178                HAL_IncTick
 .text.HAL_GetTick
                0x080031a0       0x18 ./Drivers/STM32H7xx_HAL_Driver/Src/stm32h7xx_hal.o
                0x080031a0                HAL_GetTick
 .text.HAL_Delay
                0x080031b8       0x48 ./Drivers/STM32H7xx_HAL_Driver/Src/stm32h7xx_hal.o
                0x080031b8                HAL_Delay
 .text.HAL_GetREVID
                0x08003200       0x18 ./Drivers/STM32H7xx_HAL_Driver/Src/stm32h7xx_hal.o
                0x08003200                HAL_GetREVID
 .text.__NVIC_SetPriorityGrouping
                0x08003218       0x48 ./Drivers/STM32H7xx_HAL_Driver/Src/stm32h7xx_hal_cortex.o
 .text.__NVIC_GetPriorityGrouping
                0x08003260       0x1c ./Drivers/STM32H7xx_HAL_Driver/Src/stm32h7xx_hal_cortex.o
 .text.__NVIC_EnableIRQ
                0x0800327c       0x3c ./Drivers/STM32H7xx_HAL_Driver/Src/stm32h7xx_hal_cortex.o
 .text.__NVIC_SetPriority
                0x080032b8       0x54 ./Drivers/STM32H7xx_HAL_Driver/Src/stm32h7xx_hal_cortex.o
 .text.NVIC_EncodePriority
                0x0800330c       0x66 ./Drivers/STM32H7xx_HAL_Driver/Src/stm32h7xx_hal_cortex.o
 *fill*         0x08003372        0x2 
 .text.SysTick_Config
                0x08003374       0x44 ./Drivers/STM32H7xx_HAL_Driver/Src/stm32h7xx_hal_cortex.o
 .text.HAL_NVIC_SetPriorityGrouping
                0x080033b8       0x16 ./Drivers/STM32H7xx_HAL_Driver/Src/stm32h7xx_hal_cortex.o
                0x080033b8                HAL_NVIC_SetPriorityGrouping
 .text.HAL_NVIC_SetPriority
                0x080033ce       0x34 ./Drivers/STM32H7xx_HAL_Driver/Src/stm32h7xx_hal_cortex.o
                0x080033ce                HAL_NVIC_SetPriority
 .text.HAL_NVIC_EnableIRQ
                0x08003402       0x1c ./Drivers/STM32H7xx_HAL_Driver/Src/stm32h7xx_hal_cortex.o
                0x08003402                HAL_NVIC_EnableIRQ
 .text.HAL_SYSTICK_Config
                0x0800341e       0x18 ./Drivers/STM32H7xx_HAL_Driver/Src/stm32h7xx_hal_cortex.o
                0x0800341e                HAL_SYSTICK_Config
 *fill*         0x08003436        0x2 
 .text.HAL_MPU_Disable
                0x08003438       0x30 ./Drivers/STM32H7xx_HAL_Driver/Src/stm32h7xx_hal_cortex.o
                0x08003438                HAL_MPU_Disable
 .text.HAL_MPU_Enable
                0x08003468       0x40 ./Drivers/STM32H7xx_HAL_Driver/Src/stm32h7xx_hal_cortex.o
                0x08003468                HAL_MPU_Enable
 .text.HAL_MPU_ConfigRegion
                0x080034a8       0x80 ./Drivers/STM32H7xx_HAL_Driver/Src/stm32h7xx_hal_cortex.o
                0x080034a8                HAL_MPU_ConfigRegion
 .text.HAL_GPIO_Init
                0x08003528      0x360 ./Drivers/STM32H7xx_HAL_Driver/Src/stm32h7xx_hal_gpio.o
                0x08003528                HAL_GPIO_Init
 .text.HAL_GPIO_ReadPin
                0x08003888       0x30 ./Drivers/STM32H7xx_HAL_Driver/Src/stm32h7xx_hal_gpio.o
                0x08003888                HAL_GPIO_ReadPin
 .text.HAL_GPIO_WritePin
                0x080038b8       0x32 ./Drivers/STM32H7xx_HAL_Driver/Src/stm32h7xx_hal_gpio.o
                0x080038b8                HAL_GPIO_WritePin
 .text.HAL_GPIO_EXTI_IRQHandler
                0x080038ea       0x34 ./Drivers/STM32H7xx_HAL_Driver/Src/stm32h7xx_hal_gpio.o
                0x080038ea                HAL_GPIO_EXTI_IRQHandler
 *fill*         0x0800391e        0x2 
 .text.HAL_I2C_Init
                0x08003920      0x138 ./Drivers/STM32H7xx_HAL_Driver/Src/stm32h7xx_hal_i2c.o
                0x08003920                HAL_I2C_Init
 .text.HAL_I2CEx_ConfigAnalogFilter
                0x08003a58       0x96 ./Drivers/STM32H7xx_HAL_Driver/Src/stm32h7xx_hal_i2c_ex.o
                0x08003a58                HAL_I2CEx_ConfigAnalogFilter
 .text.HAL_I2CEx_ConfigDigitalFilter
                0x08003aee       0x98 ./Drivers/STM32H7xx_HAL_Driver/Src/stm32h7xx_hal_i2c_ex.o
                0x08003aee                HAL_I2CEx_ConfigDigitalFilter
 *fill*         0x08003b86        0x2 
 .text.HAL_PWREx_ConfigSupply
                0x08003b88       0x74 ./Drivers/STM32H7xx_HAL_Driver/Src/stm32h7xx_hal_pwr_ex.o
                0x08003b88                HAL_PWREx_ConfigSupply
 .text.HAL_RCC_OscConfig
                0x08003bfc      0x8b4 ./Drivers/STM32H7xx_HAL_Driver/Src/stm32h7xx_hal_rcc.o
                0x08003bfc                HAL_RCC_OscConfig
 .text.HAL_RCC_ClockConfig
                0x080044b0      0x36c ./Drivers/STM32H7xx_HAL_Driver/Src/stm32h7xx_hal_rcc.o
                0x080044b0                HAL_RCC_ClockConfig
 .text.HAL_RCC_GetSysClockFreq
                0x0800481c      0x2f4 ./Drivers/STM32H7xx_HAL_Driver/Src/stm32h7xx_hal_rcc.o
                0x0800481c                HAL_RCC_GetSysClockFreq
 .text.HAL_RCC_GetHCLKFreq
                0x08004b10       0x60 ./Drivers/STM32H7xx_HAL_Driver/Src/stm32h7xx_hal_rcc.o
                0x08004b10                HAL_RCC_GetHCLKFreq
 .text.HAL_RCC_GetPCLK1Freq
                0x08004b70       0x2c ./Drivers/STM32H7xx_HAL_Driver/Src/stm32h7xx_hal_rcc.o
                0x08004b70                HAL_RCC_GetPCLK1Freq
 .text.HAL_RCC_GetPCLK2Freq
                0x08004b9c       0x2c ./Drivers/STM32H7xx_HAL_Driver/Src/stm32h7xx_hal_rcc.o
                0x08004b9c                HAL_RCC_GetPCLK2Freq
 .text.HAL_RCCEx_PeriphCLKConfig
                0x08004bc8     0x1414 ./Drivers/STM32H7xx_HAL_Driver/Src/stm32h7xx_hal_rcc_ex.o
                0x08004bc8                HAL_RCCEx_PeriphCLKConfig
 .text.HAL_RCCEx_GetD3PCLK1Freq
                0x08005fdc       0x2c ./Drivers/STM32H7xx_HAL_Driver/Src/stm32h7xx_hal_rcc_ex.o
                0x08005fdc                HAL_RCCEx_GetD3PCLK1Freq
 .text.HAL_RCCEx_GetPLL2ClockFreq
                0x08006008      0x2a8 ./Drivers/STM32H7xx_HAL_Driver/Src/stm32h7xx_hal_rcc_ex.o
                0x08006008                HAL_RCCEx_GetPLL2ClockFreq
 .text.HAL_RCCEx_GetPLL3ClockFreq
                0x080062b0      0x2a8 ./Drivers/STM32H7xx_HAL_Driver/Src/stm32h7xx_hal_rcc_ex.o
                0x080062b0                HAL_RCCEx_GetPLL3ClockFreq
 .text.RCCEx_PLL2_Config
                0x08006558      0x164 ./Drivers/STM32H7xx_HAL_Driver/Src/stm32h7xx_hal_rcc_ex.o
 .text.RCCEx_PLL3_Config
                0x080066bc      0x164 ./Drivers/STM32H7xx_HAL_Driver/Src/stm32h7xx_hal_rcc_ex.o
 .text.HAL_SPI_Init
                0x08006820      0x248 ./Drivers/STM32H7xx_HAL_Driver/Src/stm32h7xx_hal_spi.o
                0x08006820                HAL_SPI_Init
 .text.HAL_SPI_Transmit
                0x08006a68      0x3dc ./Drivers/STM32H7xx_HAL_Driver/Src/stm32h7xx_hal_spi.o
                0x08006a68                HAL_SPI_Transmit
 .text.HAL_SPI_Receive
                0x08006e44      0x4e4 ./Drivers/STM32H7xx_HAL_Driver/Src/stm32h7xx_hal_spi.o
                0x08006e44                HAL_SPI_Receive
 .text.HAL_SPI_GetState
                0x08007328       0x1c ./Drivers/STM32H7xx_HAL_Driver/Src/stm32h7xx_hal_spi.o
                0x08007328                HAL_SPI_GetState
 .text.SPI_CloseTransfer
                0x08007344      0x140 ./Drivers/STM32H7xx_HAL_Driver/Src/stm32h7xx_hal_spi.o
 .text.SPI_WaitOnFlagUntilTimeout
                0x08007484       0x5c ./Drivers/STM32H7xx_HAL_Driver/Src/stm32h7xx_hal_spi.o
 .text.SPI_GetPacketSize
                0x080074e0       0x36 ./Drivers/STM32H7xx_HAL_Driver/Src/stm32h7xx_hal_spi.o
 .text.HAL_TIM_Base_Init
                0x08007516       0xae ./Drivers/STM32H7xx_HAL_Driver/Src/stm32h7xx_hal_tim.o
                0x08007516                HAL_TIM_Base_Init
 .text.HAL_TIM_OC_Init
                0x080075c4       0xae ./Drivers/STM32H7xx_HAL_Driver/Src/stm32h7xx_hal_tim.o
                0x080075c4                HAL_TIM_OC_Init
 .text.HAL_TIM_OC_MspInit
                0x08007672       0x14 ./Drivers/STM32H7xx_HAL_Driver/Src/stm32h7xx_hal_tim.o
                0x08007672                HAL_TIM_OC_MspInit
 *fill*         0x08007686        0x2 
 .text.HAL_TIM_OC_ConfigChannel
                0x08007688       0xf4 ./Drivers/STM32H7xx_HAL_Driver/Src/stm32h7xx_hal_tim.o
                0x08007688                HAL_TIM_OC_ConfigChannel
 .text.HAL_TIM_ConfigClockSource
                0x0800777c      0x1f0 ./Drivers/STM32H7xx_HAL_Driver/Src/stm32h7xx_hal_tim.o
                0x0800777c                HAL_TIM_ConfigClockSource
 .text.TIM_Base_SetConfig
                0x0800796c      0x14c ./Drivers/STM32H7xx_HAL_Driver/Src/stm32h7xx_hal_tim.o
                0x0800796c                TIM_Base_SetConfig
 .text.TIM_OC1_SetConfig
                0x08007ab8      0x120 ./Drivers/STM32H7xx_HAL_Driver/Src/stm32h7xx_hal_tim.o
 .text.TIM_OC2_SetConfig
                0x08007bd8      0x114 ./Drivers/STM32H7xx_HAL_Driver/Src/stm32h7xx_hal_tim.o
                0x08007bd8                TIM_OC2_SetConfig
 .text.TIM_OC3_SetConfig
                0x08007cec      0x110 ./Drivers/STM32H7xx_HAL_Driver/Src/stm32h7xx_hal_tim.o
 .text.TIM_OC4_SetConfig
                0x08007dfc       0xd4 ./Drivers/STM32H7xx_HAL_Driver/Src/stm32h7xx_hal_tim.o
 .text.TIM_OC5_SetConfig
                0x08007ed0       0xc8 ./Drivers/STM32H7xx_HAL_Driver/Src/stm32h7xx_hal_tim.o
 .text.TIM_OC6_SetConfig
                0x08007f98       0xcc ./Drivers/STM32H7xx_HAL_Driver/Src/stm32h7xx_hal_tim.o
 .text.TIM_TI1_ConfigInputStage
                0x08008064       0x5e ./Drivers/STM32H7xx_HAL_Driver/Src/stm32h7xx_hal_tim.o
 .text.TIM_TI2_ConfigInputStage
                0x080080c2       0x60 ./Drivers/STM32H7xx_HAL_Driver/Src/stm32h7xx_hal_tim.o
 *fill*         0x08008122        0x2 
 .text.TIM_ITRx_SetConfig
                0x08008124       0x3c ./Drivers/STM32H7xx_HAL_Driver/Src/stm32h7xx_hal_tim.o
 .text.TIM_ETR_SetConfig
                0x08008160       0x40 ./Drivers/STM32H7xx_HAL_Driver/Src/stm32h7xx_hal_tim.o
                0x08008160                TIM_ETR_SetConfig
 .text.HAL_TIMEx_MasterConfigSynchronization
                0x080081a0      0x11c ./Drivers/STM32H7xx_HAL_Driver/Src/stm32h7xx_hal_tim_ex.o
                0x080081a0                HAL_TIMEx_MasterConfigSynchronization
 .text.HAL_UART_Init
                0x080082bc       0xa0 ./Drivers/STM32H7xx_HAL_Driver/Src/stm32h7xx_hal_uart.o
                0x080082bc                HAL_UART_Init
 .text.UART_SetConfig
                0x0800835c      0xad0 ./Drivers/STM32H7xx_HAL_Driver/Src/stm32h7xx_hal_uart.o
                0x0800835c                UART_SetConfig
 .text.UART_AdvFeatureConfig
                0x08008e2c      0x144 ./Drivers/STM32H7xx_HAL_Driver/Src/stm32h7xx_hal_uart.o
                0x08008e2c                UART_AdvFeatureConfig
 .text.UART_CheckIdleState
                0x08008f70      0x154 ./Drivers/STM32H7xx_HAL_Driver/Src/stm32h7xx_hal_uart.o
                0x08008f70                UART_CheckIdleState
 .text.UART_WaitOnFlagUntilTimeout
                0x080090c4       0xda ./Drivers/STM32H7xx_HAL_Driver/Src/stm32h7xx_hal_uart.o
                0x080090c4                UART_WaitOnFlagUntilTimeout
 *fill*         0x0800919e        0x2 
 .text.UART_EndRxTransfer
                0x080091a0       0xcc ./Drivers/STM32H7xx_HAL_Driver/Src/stm32h7xx_hal_uart.o
 .text.HAL_UARTEx_DisableFifoMode
                0x0800926c       0x72 ./Drivers/STM32H7xx_HAL_Driver/Src/stm32h7xx_hal_uart_ex.o
                0x0800926c                HAL_UARTEx_DisableFifoMode
 .text.HAL_UARTEx_SetTxFifoThreshold
                0x080092de       0x7c ./Drivers/STM32H7xx_HAL_Driver/Src/stm32h7xx_hal_uart_ex.o
                0x080092de                HAL_UARTEx_SetTxFifoThreshold
 .text.HAL_UARTEx_SetRxFifoThreshold
                0x0800935a       0x7c ./Drivers/STM32H7xx_HAL_Driver/Src/stm32h7xx_hal_uart_ex.o
                0x0800935a                HAL_UARTEx_SetRxFifoThreshold
 *fill*         0x080093d6        0x2 
 .text.UARTEx_SetNbDataToProcess
                0x080093d8       0x9c ./Drivers/STM32H7xx_HAL_Driver/Src/stm32h7xx_hal_uart_ex.o
 .text.memset   0x08009474       0x10 D:/STM32CubeIDE/STM32CubeIDE_1.15.1/STM32CubeIDE/plugins/com.st.stm32cube.ide.mcu.externaltools.gnu-tools-for-stm32.12.3.rel1.win32_1.0.100.202403111256/tools/bin/../lib/gcc/arm-none-eabi/12.3.1/../../../../arm-none-eabi/lib/thumb/v7e-m+dp/hard\libc_nano.a(libc_a-memset.o)
                0x08009474                memset
 .text.__libc_init_array
                0x08009484       0x48 D:/STM32CubeIDE/STM32CubeIDE_1.15.1/STM32CubeIDE/plugins/com.st.stm32cube.ide.mcu.externaltools.gnu-tools-for-stm32.12.3.rel1.win32_1.0.100.202403111256/tools/bin/../lib/gcc/arm-none-eabi/12.3.1/../../../../arm-none-eabi/lib/thumb/v7e-m+dp/hard\libc_nano.a(libc_a-init.o)
                0x08009484                __libc_init_array
 *(.glue_7)
 .glue_7        0x080094cc        0x0 linker stubs
 *(.glue_7t)
 .glue_7t       0x080094cc        0x0 linker stubs
 *(.eh_frame)
 .eh_frame      0x080094cc        0x0 D:/STM32CubeIDE/STM32CubeIDE_1.15.1/STM32CubeIDE/plugins/com.st.stm32cube.ide.mcu.externaltools.gnu-tools-for-stm32.12.3.rel1.win32_1.0.100.202403111256/tools/bin/../lib/gcc/arm-none-eabi/12.3.1/thumb/v7e-m+dp/hard/crtbegin.o
 *(.init)
 .init          0x080094cc        0x4 D:/STM32CubeIDE/STM32CubeIDE_1.15.1/STM32CubeIDE/plugins/com.st.stm32cube.ide.mcu.externaltools.gnu-tools-for-stm32.12.3.rel1.win32_1.0.100.202403111256/tools/bin/../lib/gcc/arm-none-eabi/12.3.1/thumb/v7e-m+dp/hard/crti.o
                0x080094cc                _init
 .init          0x080094d0        0x8 D:/STM32CubeIDE/STM32CubeIDE_1.15.1/STM32CubeIDE/plugins/com.st.stm32cube.ide.mcu.externaltools.gnu-tools-for-stm32.12.3.rel1.win32_1.0.100.202403111256/tools/bin/../lib/gcc/arm-none-eabi/12.3.1/thumb/v7e-m+dp/hard/crtn.o
 *(.fini)
 .fini          0x080094d8        0x4 D:/STM32CubeIDE/STM32CubeIDE_1.15.1/STM32CubeIDE/plugins/com.st.stm32cube.ide.mcu.externaltools.gnu-tools-for-stm32.12.3.rel1.win32_1.0.100.202403111256/tools/bin/../lib/gcc/arm-none-eabi/12.3.1/thumb/v7e-m+dp/hard/crti.o
                0x080094d8                _fini
 .fini          0x080094dc        0x8 D:/STM32CubeIDE/STM32CubeIDE_1.15.1/STM32CubeIDE/plugins/com.st.stm32cube.ide.mcu.externaltools.gnu-tools-for-stm32.12.3.rel1.win32_1.0.100.202403111256/tools/bin/../lib/gcc/arm-none-eabi/12.3.1/thumb/v7e-m+dp/hard/crtn.o
                0x080094e4                        . = ALIGN (0x4)
                0x080094e4                        _etext = .

.vfp11_veneer   0x080094e4        0x0
 .vfp11_veneer  0x080094e4        0x0 linker stubs

.v4_bx          0x080094e4        0x0
 .v4_bx         0x080094e4        0x0 linker stubs

.iplt           0x080094e4        0x0
 .iplt          0x080094e4        0x0 D:/STM32CubeIDE/STM32CubeIDE_1.15.1/STM32CubeIDE/plugins/com.st.stm32cube.ide.mcu.externaltools.gnu-tools-for-stm32.12.3.rel1.win32_1.0.100.202403111256/tools/bin/../lib/gcc/arm-none-eabi/12.3.1/thumb/v7e-m+dp/hard/crtbegin.o

.rodata         0x080094e4       0xf4
                0x080094e4                        . = ALIGN (0x4)
 *(.rodata)
 *(.rodata*)
 .rodata.D1CorePrescTable
                0x080094e4       0x10 ./Core/Src/system_stm32h7xx.o
                0x080094e4                D1CorePrescTable
 .rodata.chan_idx
                0x080094f4        0x8 ./Drivers/DW1000/decadriver/Src/deca_params_init.o
                0x080094f4                chan_idx
 .rodata.tx_config
                0x080094fc       0x18 ./Drivers/DW1000/decadriver/Src/deca_params_init.o
                0x080094fc                tx_config
 .rodata.fs_pll_cfg
                0x08009514       0x18 ./Drivers/DW1000/decadriver/Src/deca_params_init.o
                0x08009514                fs_pll_cfg
 .rodata.fs_pll_tune
                0x0800952c        0x6 ./Drivers/DW1000/decadriver/Src/deca_params_init.o
                0x0800952c                fs_pll_tune
 *fill*         0x08009532        0x2 
 .rodata.tc_pgdelay
                0x08009534        0x6 ./Drivers/DW1000/decadriver/Src/deca_params_init.o
                0x08009534                tc_pgdelay
 *fill*         0x0800953a        0x2 
 .rodata.rx_config
                0x0800953c        0x2 ./Drivers/DW1000/decadriver/Src/deca_params_init.o
                0x0800953c                rx_config
 *fill*         0x0800953e        0x2 
 .rodata.agc_config
                0x08009540        0x8 ./Drivers/DW1000/decadriver/Src/deca_params_init.o
                0x08009540                agc_config
 .rodata.dwnsSFDlen
                0x08009548        0x3 ./Drivers/DW1000/decadriver/Src/deca_params_init.o
                0x08009548                dwnsSFDlen
 *fill*         0x0800954b        0x1 
 .rodata.sftsh  0x0800954c        0xc ./Drivers/DW1000/decadriver/Src/deca_params_init.o
                0x0800954c                sftsh
 .rodata.dtune1
                0x08009558        0x4 ./Drivers/DW1000/decadriver/Src/deca_params_init.o
                0x08009558                dtune1
 .rodata.digital_bb_config
                0x0800955c       0x20 ./Drivers/DW1000/decadriver/Src/deca_params_init.o
                0x0800955c                digital_bb_config
 .rodata.lde_replicaCoeff
                0x0800957c       0x32 ./Drivers/DW1000/decadriver/Src/deca_params_init.o
                0x0800957c                lde_replicaCoeff
 *fill*         0x080095ae        0x2 
 .rodata.UARTPrescTable
                0x080095b0       0x18 ./Drivers/STM32H7xx_HAL_Driver/Src/stm32h7xx_hal_uart.o
                0x080095b0                UARTPrescTable
 .rodata.numerator.1
                0x080095c8        0x8 ./Drivers/STM32H7xx_HAL_Driver/Src/stm32h7xx_hal_uart_ex.o
 .rodata.denominator.0
                0x080095d0        0x8 ./Drivers/STM32H7xx_HAL_Driver/Src/stm32h7xx_hal_uart_ex.o
                0x080095d8                        . = ALIGN (0x4)

.ARM.extab
 *(.ARM.extab* .gnu.linkonce.armextab.*)

.ARM            0x080095d8        0x8
                0x080095d8                        __exidx_start = .
 *(.ARM.exidx*)
 .ARM.exidx     0x080095d8        0x8 D:/STM32CubeIDE/STM32CubeIDE_1.15.1/STM32CubeIDE/plugins/com.st.stm32cube.ide.mcu.externaltools.gnu-tools-for-stm32.12.3.rel1.win32_1.0.100.202403111256/tools/bin/../lib/gcc/arm-none-eabi/12.3.1/thumb/v7e-m+dp/hard\libgcc.a(_udivmoddi4.o)
                0x080095e0                        __exidx_end = .

.preinit_array  0x080095e0        0x0
                0x080095e0                        PROVIDE (__preinit_array_start = .)
 *(.preinit_array*)
                0x080095e0                        PROVIDE (__preinit_array_end = .)

.init_array     0x080095e0        0x4
                0x080095e0                        PROVIDE (__init_array_start = .)
 *(SORT_BY_NAME(.init_array.*))
 *(.init_array*)
 .init_array    0x080095e0        0x4 D:/STM32CubeIDE/STM32CubeIDE_1.15.1/STM32CubeIDE/plugins/com.st.stm32cube.ide.mcu.externaltools.gnu-tools-for-stm32.12.3.rel1.win32_1.0.100.202403111256/tools/bin/../lib/gcc/arm-none-eabi/12.3.1/thumb/v7e-m+dp/hard/crtbegin.o
                0x080095e4                        PROVIDE (__init_array_end = .)

.fini_array     0x080095e4        0x4
                [!provide]                        PROVIDE (__fini_array_start = .)
 *(SORT_BY_NAME(.fini_array.*))
 *(.fini_array*)
 .fini_array    0x080095e4        0x4 D:/STM32CubeIDE/STM32CubeIDE_1.15.1/STM32CubeIDE/plugins/com.st.stm32cube.ide.mcu.externaltools.gnu-tools-for-stm32.12.3.rel1.win32_1.0.100.202403111256/tools/bin/../lib/gcc/arm-none-eabi/12.3.1/thumb/v7e-m+dp/hard/crtbegin.o
                [!provide]                        PROVIDE (__fini_array_end = .)
                0x080095e8                        _sidata = LOADADDR (.data)

.rel.dyn        0x080095e8        0x0
 .rel.iplt      0x080095e8        0x0 D:/STM32CubeIDE/STM32CubeIDE_1.15.1/STM32CubeIDE/plugins/com.st.stm32cube.ide.mcu.externaltools.gnu-tools-for-stm32.12.3.rel1.win32_1.0.100.202403111256/tools/bin/../lib/gcc/arm-none-eabi/12.3.1/thumb/v7e-m+dp/hard/crtbegin.o

.data           0x24000000       0x20 load address 0x080095e8
                0x24000000                        . = ALIGN (0x4)
                0x24000000                        _sdata = .
 *(.data)
 *(.data*)
 .data.SystemCoreClock
                0x24000000        0x4 ./Core/Src/system_stm32h7xx.o
                0x24000000                SystemCoreClock
 .data.SystemD2Clock
                0x24000004        0x4 ./Core/Src/system_stm32h7xx.o
                0x24000004                SystemD2Clock
 .data.config   0x24000008        0xc ./Core/Src/uwb.o
 .data.pdw1000local
                0x24000014        0x4 ./Drivers/DW1000/decadriver/Src/deca_device.o
 .data.uwTickPrio
                0x24000018        0x4 ./Drivers/STM32H7xx_HAL_Driver/Src/stm32h7xx_hal.o
                0x24000018                uwTickPrio
 .data.uwTickFreq
                0x2400001c        0x1 ./Drivers/STM32H7xx_HAL_Driver/Src/stm32h7xx_hal.o
                0x2400001c                uwTickFreq
 *(.RamFunc)
 *(.RamFunc*)
                0x24000020                        . = ALIGN (0x4)
 *fill*         0x2400001d        0x3 
                0x24000020                        _edata = .

.igot.plt       0x24000020        0x0 load address 0x08009608
 .igot.plt      0x24000020        0x0 D:/STM32CubeIDE/STM32CubeIDE_1.15.1/STM32CubeIDE/plugins/com.st.stm32cube.ide.mcu.externaltools.gnu-tools-for-stm32.12.3.rel1.win32_1.0.100.202403111256/tools/bin/../lib/gcc/arm-none-eabi/12.3.1/thumb/v7e-m+dp/hard/crtbegin.o
                0x24000020                        . = ALIGN (0x4)

.bss            0x24000020      0x868 load address 0x08009608
                0x24000020                        _sbss = .
                0x24000020                        __bss_start__ = _sbss
 *(.bss)
 .bss           0x24000020       0x1c D:/STM32CubeIDE/STM32CubeIDE_1.15.1/STM32CubeIDE/plugins/com.st.stm32cube.ide.mcu.externaltools.gnu-tools-for-stm32.12.3.rel1.win32_1.0.100.202403111256/tools/bin/../lib/gcc/arm-none-eabi/12.3.1/thumb/v7e-m+dp/hard/crtbegin.o
 *(.bss*)
 .bss.hi2c1     0x2400003c       0x54 ./Core/Src/i2c.o
                0x2400003c                hi2c1
 .bss.UWB_device_array
                0x24000090      0x4d0 ./Core/Src/main.o
                0x24000090                UWB_device_array
 .bss.hspi1     0x24000560       0x88 ./Core/Src/spi.o
                0x24000560                hspi1
 .bss.hspi2     0x240005e8       0x88 ./Core/Src/spi.o
                0x240005e8                hspi2
 .bss.htim1     0x24000670       0x4c ./Core/Src/tim.o
                0x24000670                htim1
 .bss.htim2     0x240006bc       0x4c ./Core/Src/tim.o
                0x240006bc                htim2
 .bss.huart4    0x24000708       0x94 ./Core/Src/usart.o
                0x24000708                huart4
 .bss.dw1000local
                0x2400079c       0xe0 ./Drivers/DW1000/decadriver/Src/deca_device.o
 .bss.signalResetDone
                0x2400087c        0x4 ./Drivers/DW1000/platform/Src/port.o
 .bss.port_deca_isr
                0x24000880        0x4 ./Drivers/DW1000/platform/Src/port.o
                0x24000880                port_deca_isr
 .bss.uwTick    0x24000884        0x4 ./Drivers/STM32H7xx_HAL_Driver/Src/stm32h7xx_hal.o
                0x24000884                uwTick
 *(COMMON)
                0x24000888                        . = ALIGN (0x4)
                0x24000888                        _ebss = .
                0x24000888                        __bss_end__ = _ebss

._user_heap_stack
                0x24000888      0x600 load address 0x08009608
                0x24000888                        . = ALIGN (0x8)
                [!provide]                        PROVIDE (end = .)
                0x24000888                        PROVIDE (_end = .)
                0x24000a88                        . = (. + _Min_Heap_Size)
 *fill*         0x24000888      0x200 
                0x24000e88                        . = (. + _Min_Stack_Size)
 *fill*         0x24000a88      0x400 
                0x24000e88                        . = ALIGN (0x8)

/DISCARD/
 libc.a(*)
 libm.a(*)
 libgcc.a(*)

.ARM.attributes
                0x00000000       0x2e
 *(.ARM.attributes)
 .ARM.attributes
                0x00000000       0x20 D:/STM32CubeIDE/STM32CubeIDE_1.15.1/STM32CubeIDE/plugins/com.st.stm32cube.ide.mcu.externaltools.gnu-tools-for-stm32.12.3.rel1.win32_1.0.100.202403111256/tools/bin/../lib/gcc/arm-none-eabi/12.3.1/thumb/v7e-m+dp/hard/crti.o
 .ARM.attributes
                0x00000020       0x32 D:/STM32CubeIDE/STM32CubeIDE_1.15.1/STM32CubeIDE/plugins/com.st.stm32cube.ide.mcu.externaltools.gnu-tools-for-stm32.12.3.rel1.win32_1.0.100.202403111256/tools/bin/../lib/gcc/arm-none-eabi/12.3.1/thumb/v7e-m+dp/hard/crtbegin.o
 .ARM.attributes
                0x00000052       0x32 ./Core/Src/gpio.o
 .ARM.attributes
                0x00000084       0x32 ./Core/Src/i2c.o
 .ARM.attributes
                0x000000b6       0x32 ./Core/Src/main.o
 .ARM.attributes
                0x000000e8       0x32 ./Core/Src/spi.o
 .ARM.attributes
                0x0000011a       0x32 ./Core/Src/stm32h7xx_hal_msp.o
 .ARM.attributes
                0x0000014c       0x32 ./Core/Src/stm32h7xx_it.o
 .ARM.attributes
                0x0000017e       0x32 ./Core/Src/system_stm32h7xx.o
 .ARM.attributes
                0x000001b0       0x32 ./Core/Src/tim.o
 .ARM.attributes
                0x000001e2       0x32 ./Core/Src/usart.o
 .ARM.attributes
                0x00000214       0x32 ./Core/Src/uwb.o
 .ARM.attributes
                0x00000246       0x21 ./Core/Startup/startup_stm32h750vbtx.o
 .ARM.attributes
                0x00000267       0x32 ./Drivers/DW1000/decadriver/Src/deca_device.o
 .ARM.attributes
                0x00000299       0x32 ./Drivers/DW1000/decadriver/Src/deca_params_init.o
 .ARM.attributes
                0x000002cb       0x32 ./Drivers/DW1000/platform/Src/deca_mutex.o
 .ARM.attributes
                0x000002fd       0x32 ./Drivers/DW1000/platform/Src/deca_sleep.o
 .ARM.attributes
                0x0000032f       0x32 ./Drivers/DW1000/platform/Src/deca_spi.o
 .ARM.attributes
                0x00000361       0x32 ./Drivers/DW1000/platform/Src/port.o
 .ARM.attributes
                0x00000393       0x32 ./Drivers/STM32H7xx_HAL_Driver/Src/stm32h7xx_hal.o
 .ARM.attributes
                0x000003c5       0x32 ./Drivers/STM32H7xx_HAL_Driver/Src/stm32h7xx_hal_cortex.o
 .ARM.attributes
                0x000003f7       0x32 ./Drivers/STM32H7xx_HAL_Driver/Src/stm32h7xx_hal_gpio.o
 .ARM.attributes
                0x00000429       0x32 ./Drivers/STM32H7xx_HAL_Driver/Src/stm32h7xx_hal_i2c.o
 .ARM.attributes
                0x0000045b       0x32 ./Drivers/STM32H7xx_HAL_Driver/Src/stm32h7xx_hal_i2c_ex.o
 .ARM.attributes
                0x0000048d       0x32 ./Drivers/STM32H7xx_HAL_Driver/Src/stm32h7xx_hal_pwr_ex.o
 .ARM.attributes
                0x000004bf       0x32 ./Drivers/STM32H7xx_HAL_Driver/Src/stm32h7xx_hal_rcc.o
 .ARM.attributes
                0x000004f1       0x32 ./Drivers/STM32H7xx_HAL_Driver/Src/stm32h7xx_hal_rcc_ex.o
 .ARM.attributes
                0x00000523       0x32 ./Drivers/STM32H7xx_HAL_Driver/Src/stm32h7xx_hal_spi.o
 .ARM.attributes
                0x00000555       0x32 ./Drivers/STM32H7xx_HAL_Driver/Src/stm32h7xx_hal_tim.o
 .ARM.attributes
                0x00000587       0x32 ./Drivers/STM32H7xx_HAL_Driver/Src/stm32h7xx_hal_tim_ex.o
 .ARM.attributes
                0x000005b9       0x32 ./Drivers/STM32H7xx_HAL_Driver/Src/stm32h7xx_hal_uart.o
 .ARM.attributes
                0x000005eb       0x32 ./Drivers/STM32H7xx_HAL_Driver/Src/stm32h7xx_hal_uart_ex.o
 .ARM.attributes
                0x0000061d       0x32 D:/STM32CubeIDE/STM32CubeIDE_1.15.1/STM32CubeIDE/plugins/com.st.stm32cube.ide.mcu.externaltools.gnu-tools-for-stm32.12.3.rel1.win32_1.0.100.202403111256/tools/bin/../lib/gcc/arm-none-eabi/12.3.1/../../../../arm-none-eabi/lib/thumb/v7e-m+dp/hard\libc_nano.a(libc_a-memset.o)
 .ARM.attributes
                0x0000064f       0x32 D:/STM32CubeIDE/STM32CubeIDE_1.15.1/STM32CubeIDE/plugins/com.st.stm32cube.ide.mcu.externaltools.gnu-tools-for-stm32.12.3.rel1.win32_1.0.100.202403111256/tools/bin/../lib/gcc/arm-none-eabi/12.3.1/../../../../arm-none-eabi/lib/thumb/v7e-m+dp/hard\libc_nano.a(libc_a-init.o)
 .ARM.attributes
                0x00000681       0x20 D:/STM32CubeIDE/STM32CubeIDE_1.15.1/STM32CubeIDE/plugins/com.st.stm32cube.ide.mcu.externaltools.gnu-tools-for-stm32.12.3.rel1.win32_1.0.100.202403111256/tools/bin/../lib/gcc/arm-none-eabi/12.3.1/thumb/v7e-m+dp/hard\libgcc.a(_aeabi_uldivmod.o)
 .ARM.attributes
                0x000006a1       0x32 D:/STM32CubeIDE/STM32CubeIDE_1.15.1/STM32CubeIDE/plugins/com.st.stm32cube.ide.mcu.externaltools.gnu-tools-for-stm32.12.3.rel1.win32_1.0.100.202403111256/tools/bin/../lib/gcc/arm-none-eabi/12.3.1/thumb/v7e-m+dp/hard\libgcc.a(_udivmoddi4.o)
 .ARM.attributes
                0x000006d3       0x20 D:/STM32CubeIDE/STM32CubeIDE_1.15.1/STM32CubeIDE/plugins/com.st.stm32cube.ide.mcu.externaltools.gnu-tools-for-stm32.12.3.rel1.win32_1.0.100.202403111256/tools/bin/../lib/gcc/arm-none-eabi/12.3.1/thumb/v7e-m+dp/hard\libgcc.a(_dvmd_tls.o)
 .ARM.attributes
                0x000006f3       0x20 D:/STM32CubeIDE/STM32CubeIDE_1.15.1/STM32CubeIDE/plugins/com.st.stm32cube.ide.mcu.externaltools.gnu-tools-for-stm32.12.3.rel1.win32_1.0.100.202403111256/tools/bin/../lib/gcc/arm-none-eabi/12.3.1/thumb/v7e-m+dp/hard/crtn.o
OUTPUT(antenna_6UWB.elf elf32-littlearm)
LOAD linker stubs
LOAD D:/STM32CubeIDE/STM32CubeIDE_1.15.1/STM32CubeIDE/plugins/com.st.stm32cube.ide.mcu.externaltools.gnu-tools-for-stm32.12.3.rel1.win32_1.0.100.202403111256/tools/bin/../lib/gcc/arm-none-eabi/12.3.1/../../../../arm-none-eabi/lib/thumb/v7e-m+dp/hard\libc.a
LOAD D:/STM32CubeIDE/STM32CubeIDE_1.15.1/STM32CubeIDE/plugins/com.st.stm32cube.ide.mcu.externaltools.gnu-tools-for-stm32.12.3.rel1.win32_1.0.100.202403111256/tools/bin/../lib/gcc/arm-none-eabi/12.3.1/../../../../arm-none-eabi/lib/thumb/v7e-m+dp/hard\libm.a
LOAD D:/STM32CubeIDE/STM32CubeIDE_1.15.1/STM32CubeIDE/plugins/com.st.stm32cube.ide.mcu.externaltools.gnu-tools-for-stm32.12.3.rel1.win32_1.0.100.202403111256/tools/bin/../lib/gcc/arm-none-eabi/12.3.1/thumb/v7e-m+dp/hard\libgcc.a

.debug_info     0x00000000    0x229db
 .debug_info    0x00000000      0xa2b ./Core/Src/gpio.o
 .debug_info    0x00000a2b      0xff2 ./Core/Src/i2c.o
 .debug_info    0x00001a1d     0x147d ./Core/Src/main.o
 .debug_info    0x00002e9a     0x10e5 ./Core/Src/spi.o
 .debug_info    0x00003f7f      0x464 ./Core/Src/stm32h7xx_hal_msp.o
 .debug_info    0x000043e3      0x181 ./Core/Src/stm32h7xx_it.o
 .debug_info    0x00004564      0xcef ./Core/Src/system_stm32h7xx.o
 .debug_info    0x00005253      0xfd1 ./Core/Src/tim.o
 .debug_info    0x00006224     0x10b0 ./Core/Src/usart.o
 .debug_info    0x000072d4     0x1492 ./Core/Src/uwb.o
 .debug_info    0x00008766       0x30 ./Core/Startup/startup_stm32h750vbtx.o
 .debug_info    0x00008796     0x2c91 ./Drivers/DW1000/decadriver/Src/deca_device.o
 .debug_info    0x0000b427      0x2e2 ./Drivers/DW1000/decadriver/Src/deca_params_init.o
 .debug_info    0x0000b709      0x9bb ./Drivers/DW1000/platform/Src/deca_mutex.o
 .debug_info    0x0000c0c4       0xd9 ./Drivers/DW1000/platform/Src/deca_sleep.o
 .debug_info    0x0000c19d      0xcb4 ./Drivers/DW1000/platform/Src/deca_spi.o
 .debug_info    0x0000ce51     0x1603 ./Drivers/DW1000/platform/Src/port.o
 .debug_info    0x0000e454     0x1541 ./Drivers/STM32H7xx_HAL_Driver/Src/stm32h7xx_hal.o
 .debug_info    0x0000f995     0x10b2 ./Drivers/STM32H7xx_HAL_Driver/Src/stm32h7xx_hal_cortex.o
 .debug_info    0x00010a47      0xc4b ./Drivers/STM32H7xx_HAL_Driver/Src/stm32h7xx_hal_gpio.o
 .debug_info    0x00011692     0x22a1 ./Drivers/STM32H7xx_HAL_Driver/Src/stm32h7xx_hal_i2c.o
 .debug_info    0x00013933      0xd84 ./Drivers/STM32H7xx_HAL_Driver/Src/stm32h7xx_hal_i2c_ex.o
 .debug_info    0x000146b7     0x1008 ./Drivers/STM32H7xx_HAL_Driver/Src/stm32h7xx_hal_pwr_ex.o
 .debug_info    0x000156bf      0xe5b ./Drivers/STM32H7xx_HAL_Driver/Src/stm32h7xx_hal_rcc.o
 .debug_info    0x0001651a     0x1216 ./Drivers/STM32H7xx_HAL_Driver/Src/stm32h7xx_hal_rcc_ex.o
 .debug_info    0x00017730     0x1440 ./Drivers/STM32H7xx_HAL_Driver/Src/stm32h7xx_hal_spi.o
 .debug_info    0x00018b70     0x2bae ./Drivers/STM32H7xx_HAL_Driver/Src/stm32h7xx_hal_tim.o
 .debug_info    0x0001b71e     0x17eb ./Drivers/STM32H7xx_HAL_Driver/Src/stm32h7xx_hal_tim_ex.o
 .debug_info    0x0001cf09     0x4b13 ./Drivers/STM32H7xx_HAL_Driver/Src/stm32h7xx_hal_uart.o
 .debug_info    0x00021a1c      0xfbf ./Drivers/STM32H7xx_HAL_Driver/Src/stm32h7xx_hal_uart_ex.o

.debug_abbrev   0x00000000     0x40d8
 .debug_abbrev  0x00000000      0x18d ./Core/Src/gpio.o
 .debug_abbrev  0x0000018d      0x245 ./Core/Src/i2c.o
 .debug_abbrev  0x000003d2      0x339 ./Core/Src/main.o
 .debug_abbrev  0x0000070b      0x22f ./Core/Src/spi.o
 .debug_abbrev  0x0000093a       0xdb ./Core/Src/stm32h7xx_hal_msp.o
 .debug_abbrev  0x00000a15       0xa0 ./Core/Src/stm32h7xx_it.o
 .debug_abbrev  0x00000ab5      0x14c ./Core/Src/system_stm32h7xx.o
 .debug_abbrev  0x00000c01      0x241 ./Core/Src/tim.o
 .debug_abbrev  0x00000e42      0x241 ./Core/Src/usart.o
 .debug_abbrev  0x00001083      0x2c2 ./Core/Src/uwb.o
 .debug_abbrev  0x00001345       0x24 ./Core/Startup/startup_stm32h750vbtx.o
 .debug_abbrev  0x00001369      0x2fa ./Drivers/DW1000/decadriver/Src/deca_device.o
 .debug_abbrev  0x00001663       0x96 ./Drivers/DW1000/decadriver/Src/deca_params_init.o
 .debug_abbrev  0x000016f9      0x1f8 ./Drivers/DW1000/platform/Src/deca_mutex.o
 .debug_abbrev  0x000018f1       0x81 ./Drivers/DW1000/platform/Src/deca_sleep.o
 .debug_abbrev  0x00001972      0x21c ./Drivers/DW1000/platform/Src/deca_spi.o
 .debug_abbrev  0x00001b8e      0x39d ./Drivers/DW1000/platform/Src/port.o
 .debug_abbrev  0x00001f2b      0x295 ./Drivers/STM32H7xx_HAL_Driver/Src/stm32h7xx_hal.o
 .debug_abbrev  0x000021c0      0x339 ./Drivers/STM32H7xx_HAL_Driver/Src/stm32h7xx_hal_cortex.o
 .debug_abbrev  0x000024f9      0x1fe ./Drivers/STM32H7xx_HAL_Driver/Src/stm32h7xx_hal_gpio.o
 .debug_abbrev  0x000026f7      0x25d ./Drivers/STM32H7xx_HAL_Driver/Src/stm32h7xx_hal_i2c.o
 .debug_abbrev  0x00002954      0x1f5 ./Drivers/STM32H7xx_HAL_Driver/Src/stm32h7xx_hal_i2c_ex.o
 .debug_abbrev  0x00002b49      0x2a7 ./Drivers/STM32H7xx_HAL_Driver/Src/stm32h7xx_hal_pwr_ex.o
 .debug_abbrev  0x00002df0      0x2c8 ./Drivers/STM32H7xx_HAL_Driver/Src/stm32h7xx_hal_rcc.o
 .debug_abbrev  0x000030b8      0x269 ./Drivers/STM32H7xx_HAL_Driver/Src/stm32h7xx_hal_rcc_ex.o
 .debug_abbrev  0x00003321      0x2b1 ./Drivers/STM32H7xx_HAL_Driver/Src/stm32h7xx_hal_spi.o
 .debug_abbrev  0x000035d2      0x276 ./Drivers/STM32H7xx_HAL_Driver/Src/stm32h7xx_hal_tim.o
 .debug_abbrev  0x00003848      0x281 ./Drivers/STM32H7xx_HAL_Driver/Src/stm32h7xx_hal_tim_ex.o
 .debug_abbrev  0x00003ac9      0x33d ./Drivers/STM32H7xx_HAL_Driver/Src/stm32h7xx_hal_uart.o
 .debug_abbrev  0x00003e06      0x2d2 ./Drivers/STM32H7xx_HAL_Driver/Src/stm32h7xx_hal_uart_ex.o

.debug_aranges  0x00000000     0x1a18
 .debug_aranges
                0x00000000       0x20 ./Core/Src/gpio.o
 .debug_aranges
                0x00000020       0x30 ./Core/Src/i2c.o
 .debug_aranges
                0x00000050       0x40 ./Core/Src/main.o
 .debug_aranges
                0x00000090       0x38 ./Core/Src/spi.o
 .debug_aranges
                0x000000c8       0x20 ./Core/Src/stm32h7xx_hal_msp.o
 .debug_aranges
                0x000000e8       0x78 ./Core/Src/stm32h7xx_it.o
 .debug_aranges
                0x00000160       0x28 ./Core/Src/system_stm32h7xx.o
 .debug_aranges
                0x00000188       0x40 ./Core/Src/tim.o
 .debug_aranges
                0x000001c8       0x30 ./Core/Src/usart.o
 .debug_aranges
                0x000001f8       0x60 ./Core/Src/uwb.o
 .debug_aranges
                0x00000258       0x28 ./Core/Startup/startup_stm32h750vbtx.o
 .debug_aranges
                0x00000280      0x368 ./Drivers/DW1000/decadriver/Src/deca_device.o
 .debug_aranges
                0x000005e8       0x18 ./Drivers/DW1000/decadriver/Src/deca_params_init.o
 .debug_aranges
                0x00000600       0x28 ./Drivers/DW1000/platform/Src/deca_mutex.o
 .debug_aranges
                0x00000628       0x20 ./Drivers/DW1000/platform/Src/deca_sleep.o
 .debug_aranges
                0x00000648       0x38 ./Drivers/DW1000/platform/Src/deca_spi.o
 .debug_aranges
                0x00000680       0xb8 ./Drivers/DW1000/platform/Src/port.o
 .debug_aranges
                0x00000738      0x198 ./Drivers/STM32H7xx_HAL_Driver/Src/stm32h7xx_hal.o
 .debug_aranges
                0x000008d0      0x130 ./Drivers/STM32H7xx_HAL_Driver/Src/stm32h7xx_hal_cortex.o
 .debug_aranges
                0x00000a00       0x58 ./Drivers/STM32H7xx_HAL_Driver/Src/stm32h7xx_hal_gpio.o
 .debug_aranges
                0x00000a58      0x2a0 ./Drivers/STM32H7xx_HAL_Driver/Src/stm32h7xx_hal_i2c.o
 .debug_aranges
                0x00000cf8       0x48 ./Drivers/STM32H7xx_HAL_Driver/Src/stm32h7xx_hal_i2c_ex.o
 .debug_aranges
                0x00000d40      0x158 ./Drivers/STM32H7xx_HAL_Driver/Src/stm32h7xx_hal_pwr_ex.o
 .debug_aranges
                0x00000e98       0x88 ./Drivers/STM32H7xx_HAL_Driver/Src/stm32h7xx_hal_rcc.o
 .debug_aranges
                0x00000f20       0xf8 ./Drivers/STM32H7xx_HAL_Driver/Src/stm32h7xx_hal_rcc_ex.o
 .debug_aranges
                0x00001018      0x1a8 ./Drivers/STM32H7xx_HAL_Driver/Src/stm32h7xx_hal_spi.o
 .debug_aranges
                0x000011c0      0x3e0 ./Drivers/STM32H7xx_HAL_Driver/Src/stm32h7xx_hal_tim.o
 .debug_aranges
                0x000015a0      0x188 ./Drivers/STM32H7xx_HAL_Driver/Src/stm32h7xx_hal_tim_ex.o
 .debug_aranges
                0x00001728      0x248 ./Drivers/STM32H7xx_HAL_Driver/Src/stm32h7xx_hal_uart.o
 .debug_aranges
                0x00001970       0xa8 ./Drivers/STM32H7xx_HAL_Driver/Src/stm32h7xx_hal_uart_ex.o

.debug_rnglists
                0x00000000     0x1436
 .debug_rnglists
                0x00000000       0x14 ./Core/Src/gpio.o
 .debug_rnglists
                0x00000014       0x21 ./Core/Src/i2c.o
 .debug_rnglists
                0x00000035       0x2c ./Core/Src/main.o
 .debug_rnglists
                0x00000061       0x28 ./Core/Src/spi.o
 .debug_rnglists
                0x00000089       0x13 ./Core/Src/stm32h7xx_hal_msp.o
 .debug_rnglists
                0x0000009c       0x55 ./Core/Src/stm32h7xx_it.o
 .debug_rnglists
                0x000000f1       0x1b ./Core/Src/system_stm32h7xx.o
 .debug_rnglists
                0x0000010c       0x2e ./Core/Src/tim.o
 .debug_rnglists
                0x0000013a       0x21 ./Core/Src/usart.o
 .debug_rnglists
                0x0000015b       0x47 ./Core/Src/uwb.o
 .debug_rnglists
                0x000001a2       0x19 ./Core/Startup/startup_stm32h750vbtx.o
 .debug_rnglists
                0x000001bb      0x2a1 ./Drivers/DW1000/decadriver/Src/deca_device.o
 .debug_rnglists
                0x0000045c       0x19 ./Drivers/DW1000/platform/Src/deca_mutex.o
 .debug_rnglists
                0x00000475       0x13 ./Drivers/DW1000/platform/Src/deca_sleep.o
 .debug_rnglists
                0x00000488       0x25 ./Drivers/DW1000/platform/Src/deca_spi.o
 .debug_rnglists
                0x000004ad       0x87 ./Drivers/DW1000/platform/Src/port.o
 .debug_rnglists
                0x00000534      0x131 ./Drivers/STM32H7xx_HAL_Driver/Src/stm32h7xx_hal.o
 .debug_rnglists
                0x00000665       0xe0 ./Drivers/STM32H7xx_HAL_Driver/Src/stm32h7xx_hal_cortex.o
 .debug_rnglists
                0x00000745       0x3f ./Drivers/STM32H7xx_HAL_Driver/Src/stm32h7xx_hal_gpio.o
 .debug_rnglists
                0x00000784      0x22a ./Drivers/STM32H7xx_HAL_Driver/Src/stm32h7xx_hal_i2c.o
 .debug_rnglists
                0x000009ae       0x35 ./Drivers/STM32H7xx_HAL_Driver/Src/stm32h7xx_hal_i2c_ex.o
 .debug_rnglists
                0x000009e3      0x103 ./Drivers/STM32H7xx_HAL_Driver/Src/stm32h7xx_hal_pwr_ex.o
 .debug_rnglists
                0x00000ae6       0x68 ./Drivers/STM32H7xx_HAL_Driver/Src/stm32h7xx_hal_rcc.o
 .debug_rnglists
                0x00000b4e       0xc0 ./Drivers/STM32H7xx_HAL_Driver/Src/stm32h7xx_hal_rcc_ex.o
 .debug_rnglists
                0x00000c0e      0x148 ./Drivers/STM32H7xx_HAL_Driver/Src/stm32h7xx_hal_spi.o
 .debug_rnglists
                0x00000d56      0x328 ./Drivers/STM32H7xx_HAL_Driver/Src/stm32h7xx_hal_tim.o
 .debug_rnglists
                0x0000107e      0x13f ./Drivers/STM32H7xx_HAL_Driver/Src/stm32h7xx_hal_tim_ex.o
 .debug_rnglists
                0x000011bd      0x1fa ./Drivers/STM32H7xx_HAL_Driver/Src/stm32h7xx_hal_uart.o
 .debug_rnglists
                0x000013b7       0x7f ./Drivers/STM32H7xx_HAL_Driver/Src/stm32h7xx_hal_uart_ex.o

.debug_macro    0x00000000    0x3d1c4
 .debug_macro   0x00000000      0x2db ./Core/Src/gpio.o
 .debug_macro   0x000002db      0xacc ./Core/Src/gpio.o
 .debug_macro   0x00000da7      0x23e ./Core/Src/gpio.o
 .debug_macro   0x00000fe5       0x2e ./Core/Src/gpio.o
 .debug_macro   0x00001013       0x3b ./Core/Src/gpio.o
 .debug_macro   0x0000104e       0x22 ./Core/Src/gpio.o
 .debug_macro   0x00001070       0x8e ./Core/Src/gpio.o
 .debug_macro   0x000010fe       0x51 ./Core/Src/gpio.o
 .debug_macro   0x0000114f      0x103 ./Core/Src/gpio.o
 .debug_macro   0x00001252       0x6a ./Core/Src/gpio.o
 .debug_macro   0x000012bc      0x1df ./Core/Src/gpio.o
 .debug_macro   0x0000149b       0x1c ./Core/Src/gpio.o
 .debug_macro   0x000014b7       0x22 ./Core/Src/gpio.o
 .debug_macro   0x000014d9       0xfb ./Core/Src/gpio.o
 .debug_macro   0x000015d4     0x1305 ./Core/Src/gpio.o
 .debug_macro   0x000028d9      0x11f ./Core/Src/gpio.o
 .debug_macro   0x000029f8       0x27 ./Core/Src/gpio.o
 .debug_macro   0x00002a1f    0x25eee ./Core/Src/gpio.o
 .debug_macro   0x0002890d       0x6d ./Core/Src/gpio.o
 .debug_macro   0x0002897a     0x3d79 ./Core/Src/gpio.o
 .debug_macro   0x0002c6f3      0x189 ./Core/Src/gpio.o
 .debug_macro   0x0002c87c       0x61 ./Core/Src/gpio.o
 .debug_macro   0x0002c8dd       0x29 ./Core/Src/gpio.o
 .debug_macro   0x0002c906       0x43 ./Core/Src/gpio.o
 .debug_macro   0x0002c949       0x34 ./Core/Src/gpio.o
 .debug_macro   0x0002c97d       0x16 ./Core/Src/gpio.o
 .debug_macro   0x0002c993       0x43 ./Core/Src/gpio.o
 .debug_macro   0x0002c9d6       0x34 ./Core/Src/gpio.o
 .debug_macro   0x0002ca0a       0x10 ./Core/Src/gpio.o
 .debug_macro   0x0002ca1a       0x58 ./Core/Src/gpio.o
 .debug_macro   0x0002ca72       0x8e ./Core/Src/gpio.o
 .debug_macro   0x0002cb00       0x1c ./Core/Src/gpio.o
 .debug_macro   0x0002cb1c      0x177 ./Core/Src/gpio.o
 .debug_macro   0x0002cc93      0x369 ./Core/Src/gpio.o
 .debug_macro   0x0002cffc      0x19b ./Core/Src/gpio.o
 .debug_macro   0x0002d197       0x5d ./Core/Src/gpio.o
 .debug_macro   0x0002d1f4     0x240e ./Core/Src/gpio.o
 .debug_macro   0x0002f602     0x102c ./Core/Src/gpio.o
 .debug_macro   0x0003062e      0x154 ./Core/Src/gpio.o
 .debug_macro   0x00030782      0x114 ./Core/Src/gpio.o
 .debug_macro   0x00030896      0x3b6 ./Core/Src/gpio.o
 .debug_macro   0x00030c4c       0xac ./Core/Src/gpio.o
 .debug_macro   0x00030cf8      0x72d ./Core/Src/gpio.o
 .debug_macro   0x00031425      0x228 ./Core/Src/gpio.o
 .debug_macro   0x0003164d       0x66 ./Core/Src/gpio.o
 .debug_macro   0x000316b3      0x3bb ./Core/Src/gpio.o
 .debug_macro   0x00031a6e      0x3e4 ./Core/Src/gpio.o
 .debug_macro   0x00031e52      0x275 ./Core/Src/gpio.o
 .debug_macro   0x000320c7      0x3ca ./Core/Src/gpio.o
 .debug_macro   0x00032491      0x3de ./Core/Src/gpio.o
 .debug_macro   0x0003286f       0x3c ./Core/Src/gpio.o
 .debug_macro   0x000328ab       0x4a ./Core/Src/gpio.o
 .debug_macro   0x000328f5      0x22c ./Core/Src/gpio.o
 .debug_macro   0x00032b21       0x67 ./Core/Src/gpio.o
 .debug_macro   0x00032b88       0xa5 ./Core/Src/gpio.o
 .debug_macro   0x00032c2d      0x1c4 ./Core/Src/gpio.o
 .debug_macro   0x00032df1      0x25e ./Core/Src/gpio.o
 .debug_macro   0x0003304f       0x35 ./Core/Src/gpio.o
 .debug_macro   0x00033084      0x5e4 ./Core/Src/gpio.o
 .debug_macro   0x00033668       0xc1 ./Core/Src/gpio.o
 .debug_macro   0x00033729      0xafa ./Core/Src/gpio.o
 .debug_macro   0x00034223      0x29f ./Core/Src/gpio.o
 .debug_macro   0x000344c2      0x693 ./Core/Src/gpio.o
 .debug_macro   0x00034b55       0xa6 ./Core/Src/gpio.o
 .debug_macro   0x00034bfb      0x5a0 ./Core/Src/gpio.o
 .debug_macro   0x0003519b       0xe8 ./Core/Src/gpio.o
 .debug_macro   0x00035283      0x2db ./Core/Src/i2c.o
 .debug_macro   0x0003555e      0x430 ./Core/Src/main.o
 .debug_macro   0x0003598e       0x1c ./Core/Src/main.o
 .debug_macro   0x000359aa       0x35 ./Core/Src/main.o
 .debug_macro   0x000359df       0x10 ./Core/Src/main.o
 .debug_macro   0x000359ef       0x1c ./Core/Src/main.o
 .debug_macro   0x00035a0b       0x16 ./Core/Src/main.o
 .debug_macro   0x00035a21      0x146 ./Core/Src/main.o
 .debug_macro   0x00035b67       0x16 ./Core/Src/main.o
 .debug_macro   0x00035b7d       0x20 ./Core/Src/main.o
 .debug_macro   0x00035b9d       0x16 ./Core/Src/main.o
 .debug_macro   0x00035bb3       0x16 ./Core/Src/main.o
 .debug_macro   0x00035bc9       0x29 ./Core/Src/main.o
 .debug_macro   0x00035bf2       0x16 ./Core/Src/main.o
 .debug_macro   0x00035c08       0x22 ./Core/Src/main.o
 .debug_macro   0x00035c2a       0x1c ./Core/Src/main.o
 .debug_macro   0x00035c46       0x22 ./Core/Src/main.o
 .debug_macro   0x00035c68       0x5d ./Core/Src/main.o
 .debug_macro   0x00035cc5      0x2f2 ./Core/Src/main.o
 .debug_macro   0x00035fb7       0x16 ./Core/Src/main.o
 .debug_macro   0x00035fcd     0x1878 ./Core/Src/main.o
 .debug_macro   0x00037845       0xf4 ./Core/Src/main.o
 .debug_macro   0x00037939      0x2db ./Core/Src/spi.o
 .debug_macro   0x00037c14      0x2d1 ./Core/Src/stm32h7xx_hal_msp.o
 .debug_macro   0x00037ee5      0x2db ./Core/Src/stm32h7xx_it.o
 .debug_macro   0x000381c0      0x2c2 ./Core/Src/system_stm32h7xx.o
 .debug_macro   0x00038482      0x2db ./Core/Src/tim.o
 .debug_macro   0x0003875d      0x2db ./Core/Src/usart.o
 .debug_macro   0x00038a38      0x40c ./Core/Src/uwb.o
 .debug_macro   0x00038e44      0x486 ./Drivers/DW1000/decadriver/Src/deca_device.o
 .debug_macro   0x000392ca      0x11c ./Drivers/DW1000/decadriver/Src/deca_device.o
 .debug_macro   0x000393e6       0x94 ./Drivers/DW1000/decadriver/Src/deca_device.o
 .debug_macro   0x0003947a       0x2e ./Drivers/DW1000/decadriver/Src/deca_device.o
 .debug_macro   0x000394a8       0x8e ./Drivers/DW1000/decadriver/Src/deca_device.o
 .debug_macro   0x00039536       0x22 ./Drivers/DW1000/decadriver/Src/deca_device.o
 .debug_macro   0x00039558       0x57 ./Drivers/DW1000/decadriver/Src/deca_device.o
 .debug_macro   0x000395af       0x1c ./Drivers/DW1000/decadriver/Src/deca_device.o
 .debug_macro   0x000395cb      0x2ce ./Drivers/DW1000/decadriver/Src/deca_device.o
 .debug_macro   0x00039899       0x10 ./Drivers/DW1000/decadriver/Src/deca_device.o
 .debug_macro   0x000398a9      0x3e6 ./Drivers/DW1000/decadriver/Src/deca_params_init.o
 .debug_macro   0x00039c8f      0x3c5 ./Drivers/DW1000/platform/Src/deca_mutex.o
 .debug_macro   0x0003a054       0x10 ./Drivers/DW1000/platform/Src/deca_mutex.o
 .debug_macro   0x0003a064      0x3cf ./Drivers/DW1000/platform/Src/deca_sleep.o
 .debug_macro   0x0003a433      0x3ee ./Drivers/DW1000/platform/Src/deca_spi.o
 .debug_macro   0x0003a821       0x34 ./Drivers/DW1000/platform/Src/deca_spi.o
 .debug_macro   0x0003a855      0x3dd ./Drivers/DW1000/platform/Src/port.o
 .debug_macro   0x0003ac32      0x2ec ./Drivers/STM32H7xx_HAL_Driver/Src/stm32h7xx_hal.o
 .debug_macro   0x0003af1e      0x2c2 ./Drivers/STM32H7xx_HAL_Driver/Src/stm32h7xx_hal_cortex.o
 .debug_macro   0x0003b1e0      0x2c9 ./Drivers/STM32H7xx_HAL_Driver/Src/stm32h7xx_hal_gpio.o
 .debug_macro   0x0003b4a9      0x38e ./Drivers/STM32H7xx_HAL_Driver/Src/stm32h7xx_hal_i2c.o
 .debug_macro   0x0003b837      0x2c2 ./Drivers/STM32H7xx_HAL_Driver/Src/stm32h7xx_hal_i2c_ex.o
 .debug_macro   0x0003baf9      0x2fb ./Drivers/STM32H7xx_HAL_Driver/Src/stm32h7xx_hal_pwr_ex.o
 .debug_macro   0x0003bdf4      0x2e6 ./Drivers/STM32H7xx_HAL_Driver/Src/stm32h7xx_hal_rcc.o
 .debug_macro   0x0003c0da      0x2e0 ./Drivers/STM32H7xx_HAL_Driver/Src/stm32h7xx_hal_rcc_ex.o
 .debug_macro   0x0003c3ba      0x2ca ./Drivers/STM32H7xx_HAL_Driver/Src/stm32h7xx_hal_spi.o
 .debug_macro   0x0003c684      0x2c3 ./Drivers/STM32H7xx_HAL_Driver/Src/stm32h7xx_hal_tim.o
 .debug_macro   0x0003c947      0x2c2 ./Drivers/STM32H7xx_HAL_Driver/Src/stm32h7xx_hal_tim_ex.o
 .debug_macro   0x0003cc09      0x2ed ./Drivers/STM32H7xx_HAL_Driver/Src/stm32h7xx_hal_uart.o
 .debug_macro   0x0003cef6      0x2ce ./Drivers/STM32H7xx_HAL_Driver/Src/stm32h7xx_hal_uart_ex.o

.debug_line     0x00000000    0x2686b
 .debug_line    0x00000000      0xab0 ./Core/Src/gpio.o
 .debug_line    0x00000ab0      0xa93 ./Core/Src/i2c.o
 .debug_line    0x00001543      0xcda ./Core/Src/main.o
 .debug_line    0x0000221d      0xb44 ./Core/Src/spi.o
 .debug_line    0x00002d61      0xa03 ./Core/Src/stm32h7xx_hal_msp.o
 .debug_line    0x00003764      0xb10 ./Core/Src/stm32h7xx_it.o
 .debug_line    0x00004274      0xbc0 ./Core/Src/system_stm32h7xx.o
 .debug_line    0x00004e34      0xb52 ./Core/Src/tim.o
 .debug_line    0x00005986      0xaa5 ./Core/Src/usart.o
 .debug_line    0x0000642b      0xf02 ./Core/Src/uwb.o
 .debug_line    0x0000732d       0x7a ./Core/Startup/startup_stm32h750vbtx.o
 .debug_line    0x000073a7     0x2302 ./Drivers/DW1000/decadriver/Src/deca_device.o
 .debug_line    0x000096a9      0xb61 ./Drivers/DW1000/decadriver/Src/deca_params_init.o
 .debug_line    0x0000a20a      0xb50 ./Drivers/DW1000/platform/Src/deca_mutex.o
 .debug_line    0x0000ad5a      0xb34 ./Drivers/DW1000/platform/Src/deca_sleep.o
 .debug_line    0x0000b88e      0xc17 ./Drivers/DW1000/platform/Src/deca_spi.o
 .debug_line    0x0000c4a5      0xe58 ./Drivers/DW1000/platform/Src/port.o
 .debug_line    0x0000d2fd      0xfb5 ./Drivers/STM32H7xx_HAL_Driver/Src/stm32h7xx_hal.o
 .debug_line    0x0000e2b2      0xfe4 ./Drivers/STM32H7xx_HAL_Driver/Src/stm32h7xx_hal_cortex.o
 .debug_line    0x0000f296      0xe8d ./Drivers/STM32H7xx_HAL_Driver/Src/stm32h7xx_hal_gpio.o
 .debug_line    0x00010123     0x4021 ./Drivers/STM32H7xx_HAL_Driver/Src/stm32h7xx_hal_i2c.o
 .debug_line    0x00014144      0xc22 ./Drivers/STM32H7xx_HAL_Driver/Src/stm32h7xx_hal_i2c_ex.o
 .debug_line    0x00014d66     0x10d8 ./Drivers/STM32H7xx_HAL_Driver/Src/stm32h7xx_hal_pwr_ex.o
 .debug_line    0x00015e3e     0x1585 ./Drivers/STM32H7xx_HAL_Driver/Src/stm32h7xx_hal_rcc.o
 .debug_line    0x000173c3     0x1e9d ./Drivers/STM32H7xx_HAL_Driver/Src/stm32h7xx_hal_rcc_ex.o
 .debug_line    0x00019260     0x24d5 ./Drivers/STM32H7xx_HAL_Driver/Src/stm32h7xx_hal_spi.o
 .debug_line    0x0001b735     0x414b ./Drivers/STM32H7xx_HAL_Driver/Src/stm32h7xx_hal_tim.o
 .debug_line    0x0001f880     0x1f55 ./Drivers/STM32H7xx_HAL_Driver/Src/stm32h7xx_hal_tim_ex.o
 .debug_line    0x000217d5     0x4043 ./Drivers/STM32H7xx_HAL_Driver/Src/stm32h7xx_hal_uart.o
 .debug_line    0x00025818     0x1053 ./Drivers/STM32H7xx_HAL_Driver/Src/stm32h7xx_hal_uart_ex.o

.debug_str      0x00000000   0x171765
 .debug_str     0x00000000   0x1625ff ./Core/Src/gpio.o
                             0x162aee (size before relaxing)
 .debug_str     0x001625ff      0x907 ./Core/Src/i2c.o
                             0x162c38 (size before relaxing)
 .debug_str     0x00162f06     0x789b ./Core/Src/main.o
                             0x169e1b (size before relaxing)
 .debug_str     0x0016a7a1       0x57 ./Core/Src/spi.o
                             0x162c4c (size before relaxing)
 .debug_str     0x0016a7f8       0x2c ./Core/Src/stm32h7xx_hal_msp.o
                             0x1621c5 (size before relaxing)
 .debug_str     0x0016a824      0x11b ./Core/Src/stm32h7xx_it.o
                             0x16208a (size before relaxing)
 .debug_str     0x0016a93f      0x237 ./Core/Src/system_stm32h7xx.o
                             0x162109 (size before relaxing)
 .debug_str     0x0016ab76      0x4aa ./Core/Src/tim.o
                             0x162af9 (size before relaxing)
 .debug_str     0x0016b020      0x27b ./Core/Src/usart.o
                             0x162c42 (size before relaxing)
 .debug_str     0x0016b29b      0x378 ./Core/Src/uwb.o
                             0x16a490 (size before relaxing)
 .debug_str     0x0016b613       0x44 ./Core/Startup/startup_stm32h750vbtx.o
                                 0x6f (size before relaxing)
 .debug_str     0x0016b657     0x1073 ./Drivers/DW1000/decadriver/Src/deca_device.o
                             0x16ab21 (size before relaxing)
 .debug_str     0x0016c6ca       0x34 ./Drivers/DW1000/decadriver/Src/deca_params_init.o
                             0x169055 (size before relaxing)
 .debug_str     0x0016c6fe       0x69 ./Drivers/DW1000/platform/Src/deca_mutex.o
                             0x163ccb (size before relaxing)
 .debug_str     0x0016c767       0x45 ./Drivers/DW1000/platform/Src/deca_sleep.o
                             0x1635a7 (size before relaxing)
 .debug_str     0x0016c7ac       0xd5 ./Drivers/DW1000/platform/Src/deca_spi.o
                             0x163e04 (size before relaxing)
 .debug_str     0x0016c881      0x1c3 ./Drivers/DW1000/platform/Src/port.o
                             0x1648a8 (size before relaxing)
 .debug_str     0x0016ca44      0x7d4 ./Drivers/STM32H7xx_HAL_Driver/Src/stm32h7xx_hal.o
                             0x16302e (size before relaxing)
 .debug_str     0x0016d218      0x294 ./Drivers/STM32H7xx_HAL_Driver/Src/stm32h7xx_hal_cortex.o
                             0x162a69 (size before relaxing)
 .debug_str     0x0016d4ac       0xa2 ./Drivers/STM32H7xx_HAL_Driver/Src/stm32h7xx_hal_gpio.o
                             0x1620c0 (size before relaxing)
 .debug_str     0x0016d54e      0xe55 ./Drivers/STM32H7xx_HAL_Driver/Src/stm32h7xx_hal_i2c.o
                             0x163158 (size before relaxing)
 .debug_str     0x0016e3a3       0xb8 ./Drivers/STM32H7xx_HAL_Driver/Src/stm32h7xx_hal_i2c_ex.o
                             0x162505 (size before relaxing)
 .debug_str     0x0016e45b      0x63b ./Drivers/STM32H7xx_HAL_Driver/Src/stm32h7xx_hal_pwr_ex.o
                             0x162581 (size before relaxing)
 .debug_str     0x0016ea96      0x22e ./Drivers/STM32H7xx_HAL_Driver/Src/stm32h7xx_hal_rcc.o
                             0x1624a4 (size before relaxing)
 .debug_str     0x0016ecc4      0x639 ./Drivers/STM32H7xx_HAL_Driver/Src/stm32h7xx_hal_rcc_ex.o
                             0x162985 (size before relaxing)
 .debug_str     0x0016f2fd      0x503 ./Drivers/STM32H7xx_HAL_Driver/Src/stm32h7xx_hal_spi.o
                             0x1627c8 (size before relaxing)
 .debug_str     0x0016f800      0xd9f ./Drivers/STM32H7xx_HAL_Driver/Src/stm32h7xx_hal_tim.o
                             0x163243 (size before relaxing)
 .debug_str     0x0017059f      0x590 ./Drivers/STM32H7xx_HAL_Driver/Src/stm32h7xx_hal_tim_ex.o
                             0x162b6b (size before relaxing)
 .debug_str     0x00170b2f      0x9d0 ./Drivers/STM32H7xx_HAL_Driver/Src/stm32h7xx_hal_uart.o
                             0x162fe5 (size before relaxing)
 .debug_str     0x001714ff      0x266 ./Drivers/STM32H7xx_HAL_Driver/Src/stm32h7xx_hal_uart_ex.o
                             0x1625a5 (size before relaxing)

.comment        0x00000000       0x43
 .comment       0x00000000       0x43 ./Core/Src/gpio.o
                                 0x44 (size before relaxing)
 .comment       0x00000043       0x44 ./Core/Src/i2c.o
 .comment       0x00000043       0x44 ./Core/Src/main.o
 .comment       0x00000043       0x44 ./Core/Src/spi.o
 .comment       0x00000043       0x44 ./Core/Src/stm32h7xx_hal_msp.o
 .comment       0x00000043       0x44 ./Core/Src/stm32h7xx_it.o
 .comment       0x00000043       0x44 ./Core/Src/system_stm32h7xx.o
 .comment       0x00000043       0x44 ./Core/Src/tim.o
 .comment       0x00000043       0x44 ./Core/Src/usart.o
 .comment       0x00000043       0x44 ./Core/Src/uwb.o
 .comment       0x00000043       0x44 ./Drivers/DW1000/decadriver/Src/deca_device.o
 .comment       0x00000043       0x44 ./Drivers/DW1000/decadriver/Src/deca_params_init.o
 .comment       0x00000043       0x44 ./Drivers/DW1000/platform/Src/deca_mutex.o
 .comment       0x00000043       0x44 ./Drivers/DW1000/platform/Src/deca_sleep.o
 .comment       0x00000043       0x44 ./Drivers/DW1000/platform/Src/deca_spi.o
 .comment       0x00000043       0x44 ./Drivers/DW1000/platform/Src/port.o
 .comment       0x00000043       0x44 ./Drivers/STM32H7xx_HAL_Driver/Src/stm32h7xx_hal.o
 .comment       0x00000043       0x44 ./Drivers/STM32H7xx_HAL_Driver/Src/stm32h7xx_hal_cortex.o
 .comment       0x00000043       0x44 ./Drivers/STM32H7xx_HAL_Driver/Src/stm32h7xx_hal_gpio.o
 .comment       0x00000043       0x44 ./Drivers/STM32H7xx_HAL_Driver/Src/stm32h7xx_hal_i2c.o
 .comment       0x00000043       0x44 ./Drivers/STM32H7xx_HAL_Driver/Src/stm32h7xx_hal_i2c_ex.o
 .comment       0x00000043       0x44 ./Drivers/STM32H7xx_HAL_Driver/Src/stm32h7xx_hal_pwr_ex.o
 .comment       0x00000043       0x44 ./Drivers/STM32H7xx_HAL_Driver/Src/stm32h7xx_hal_rcc.o
 .comment       0x00000043       0x44 ./Drivers/STM32H7xx_HAL_Driver/Src/stm32h7xx_hal_rcc_ex.o
 .comment       0x00000043       0x44 ./Drivers/STM32H7xx_HAL_Driver/Src/stm32h7xx_hal_spi.o
 .comment       0x00000043       0x44 ./Drivers/STM32H7xx_HAL_Driver/Src/stm32h7xx_hal_tim.o
 .comment       0x00000043       0x44 ./Drivers/STM32H7xx_HAL_Driver/Src/stm32h7xx_hal_tim_ex.o
 .comment       0x00000043       0x44 ./Drivers/STM32H7xx_HAL_Driver/Src/stm32h7xx_hal_uart.o
 .comment       0x00000043       0x44 ./Drivers/STM32H7xx_HAL_Driver/Src/stm32h7xx_hal_uart_ex.o

.debug_frame    0x00000000     0x6e1c
 .debug_frame   0x00000000       0x38 ./Core/Src/gpio.o
 .debug_frame   0x00000038       0x78 ./Core/Src/i2c.o
 .debug_frame   0x000000b0       0xa4 ./Core/Src/main.o
 .debug_frame   0x00000154       0x94 ./Core/Src/spi.o
 .debug_frame   0x000001e8       0x38 ./Core/Src/stm32h7xx_hal_msp.o
 .debug_frame   0x00000220      0x158 ./Core/Src/stm32h7xx_it.o
 .debug_frame   0x00000378       0x58 ./Core/Src/system_stm32h7xx.o
 .debug_frame   0x000003d0       0xc4 ./Core/Src/tim.o
 .debug_frame   0x00000494       0x78 ./Core/Src/usart.o
 .debug_frame   0x0000050c      0x17c ./Core/Src/uwb.o
 .debug_frame   0x00000688      0xf2c ./Drivers/DW1000/decadriver/Src/deca_device.o
 .debug_frame   0x000015b4       0x58 ./Drivers/DW1000/platform/Src/deca_mutex.o
 .debug_frame   0x0000160c       0x34 ./Drivers/DW1000/platform/Src/deca_sleep.o
 .debug_frame   0x00001640       0xa8 ./Drivers/DW1000/platform/Src/deca_spi.o
 .debug_frame   0x000016e8      0x2e8 ./Drivers/DW1000/platform/Src/port.o
 .debug_frame   0x000019d0      0x690 ./Drivers/STM32H7xx_HAL_Driver/Src/stm32h7xx_hal.o
 .debug_frame   0x00002060      0x508 ./Drivers/STM32H7xx_HAL_Driver/Src/stm32h7xx_hal_cortex.o
 .debug_frame   0x00002568      0x14c ./Drivers/STM32H7xx_HAL_Driver/Src/stm32h7xx_hal_gpio.o
 .debug_frame   0x000026b4      0xc40 ./Drivers/STM32H7xx_HAL_Driver/Src/stm32h7xx_hal_i2c.o
 .debug_frame   0x000032f4      0x100 ./Drivers/STM32H7xx_HAL_Driver/Src/stm32h7xx_hal_i2c_ex.o
 .debug_frame   0x000033f4      0x580 ./Drivers/STM32H7xx_HAL_Driver/Src/stm32h7xx_hal_pwr_ex.o
 .debug_frame   0x00003974      0x1f8 ./Drivers/STM32H7xx_HAL_Driver/Src/stm32h7xx_hal_rcc.o
 .debug_frame   0x00003b6c      0x414 ./Drivers/STM32H7xx_HAL_Driver/Src/stm32h7xx_hal_rcc_ex.o
 .debug_frame   0x00003f80      0x7a8 ./Drivers/STM32H7xx_HAL_Driver/Src/stm32h7xx_hal_spi.o
 .debug_frame   0x00004728     0x121c ./Drivers/STM32H7xx_HAL_Driver/Src/stm32h7xx_hal_tim.o
 .debug_frame   0x00005944      0x6d8 ./Drivers/STM32H7xx_HAL_Driver/Src/stm32h7xx_hal_tim_ex.o
 .debug_frame   0x0000601c      0xa94 ./Drivers/STM32H7xx_HAL_Driver/Src/stm32h7xx_hal_uart.o
 .debug_frame   0x00006ab0      0x2c0 ./Drivers/STM32H7xx_HAL_Driver/Src/stm32h7xx_hal_uart_ex.o
 .debug_frame   0x00006d70       0x20 D:/STM32CubeIDE/STM32CubeIDE_1.15.1/STM32CubeIDE/plugins/com.st.stm32cube.ide.mcu.externaltools.gnu-tools-for-stm32.12.3.rel1.win32_1.0.100.202403111256/tools/bin/../lib/gcc/arm-none-eabi/12.3.1/../../../../arm-none-eabi/lib/thumb/v7e-m+dp/hard\libc_nano.a(libc_a-memset.o)
 .debug_frame   0x00006d90       0x2c D:/STM32CubeIDE/STM32CubeIDE_1.15.1/STM32CubeIDE/plugins/com.st.stm32cube.ide.mcu.externaltools.gnu-tools-for-stm32.12.3.rel1.win32_1.0.100.202403111256/tools/bin/../lib/gcc/arm-none-eabi/12.3.1/../../../../arm-none-eabi/lib/thumb/v7e-m+dp/hard\libc_nano.a(libc_a-init.o)
 .debug_frame   0x00006dbc       0x2c D:/STM32CubeIDE/STM32CubeIDE_1.15.1/STM32CubeIDE/plugins/com.st.stm32cube.ide.mcu.externaltools.gnu-tools-for-stm32.12.3.rel1.win32_1.0.100.202403111256/tools/bin/../lib/gcc/arm-none-eabi/12.3.1/thumb/v7e-m+dp/hard\libgcc.a(_aeabi_uldivmod.o)
 .debug_frame   0x00006de8       0x34 D:/STM32CubeIDE/STM32CubeIDE_1.15.1/STM32CubeIDE/plugins/com.st.stm32cube.ide.mcu.externaltools.gnu-tools-for-stm32.12.3.rel1.win32_1.0.100.202403111256/tools/bin/../lib/gcc/arm-none-eabi/12.3.1/thumb/v7e-m+dp/hard\libgcc.a(_udivmoddi4.o)

.debug_line_str
                0x00000000       0x53
 .debug_line_str
                0x00000000       0x53 ./Core/Startup/startup_stm32h750vbtx.o

.debug_loclists
                0x00000000       0x92
 .debug_loclists
                0x00000000       0x92 ./Drivers/DW1000/platform/Src/deca_spi.o