Archive member included to satisfy reference by file (symbol)

C:/ST/STM32CubeIDE_1.14.0/STM32CubeIDE/plugins/com.st.stm32cube.ide.mcu.externaltools.gnu-tools-for-stm32.12.3.rel1.win32_1.1.0.202410251130/tools/bin/../lib/gcc/arm-none-eabi/12.3.1/../../../../arm-none-eabi/lib/thumb/v7e-m+dp/hard\libc_nano.a(libc_a-exit.o)
                              C:/ST/STM32CubeIDE_1.14.0/STM32CubeIDE/plugins/com.st.stm32cube.ide.mcu.externaltools.gnu-tools-for-stm32.12.3.rel1.win32_1.1.0.202410251130/tools/bin/../lib/gcc/arm-none-eabi/12.3.1/../../../../arm-none-eabi/lib/thumb/v7e-m+dp/hard/crt0.o (exit)
C:/ST/STM32CubeIDE_1.14.0/STM32CubeIDE/plugins/com.st.stm32cube.ide.mcu.externaltools.gnu-tools-for-stm32.12.3.rel1.win32_1.1.0.202410251130/tools/bin/../lib/gcc/arm-none-eabi/12.3.1/../../../../arm-none-eabi/lib/thumb/v7e-m+dp/hard\libc_nano.a(libc_a-nano-vfprintf_float.o)
                              (_printf_float)
C:/ST/STM32CubeIDE_1.14.0/STM32CubeIDE/plugins/com.st.stm32cube.ide.mcu.externaltools.gnu-tools-for-stm32.12.3.rel1.win32_1.1.0.202410251130/tools/bin/../lib/gcc/arm-none-eabi/12.3.1/../../../../arm-none-eabi/lib/thumb/v7e-m+dp/hard\libc_nano.a(libc_a-nano-vfprintf_i.o)
                              C:/ST/STM32CubeIDE_1.14.0/STM32CubeIDE/plugins/com.st.stm32cube.ide.mcu.externaltools.gnu-tools-for-stm32.12.3.rel1.win32_1.1.0.202410251130/tools/bin/../lib/gcc/arm-none-eabi/12.3.1/../../../../arm-none-eabi/lib/thumb/v7e-m+dp/hard\libc_nano.a(libc_a-nano-vfprintf_float.o) (_printf_common)
C:/ST/STM32CubeIDE_1.14.0/STM32CubeIDE/plugins/com.st.stm32cube.ide.mcu.externaltools.gnu-tools-for-stm32.12.3.rel1.win32_1.1.0.202410251130/tools/bin/../lib/gcc/arm-none-eabi/12.3.1/../../../../arm-none-eabi/lib/thumb/v7e-m+dp/hard\libc_nano.a(libc_a-findfp.o)
                              C:/ST/STM32CubeIDE_1.14.0/STM32CubeIDE/plugins/com.st.stm32cube.ide.mcu.externaltools.gnu-tools-for-stm32.12.3.rel1.win32_1.1.0.202410251130/tools/bin/../lib/gcc/arm-none-eabi/12.3.1/../../../../arm-none-eabi/lib/thumb/v7e-m+dp/hard\libc_nano.a(libc_a-exit.o) (__stdio_exit_handler)
C:/ST/STM32CubeIDE_1.14.0/STM32CubeIDE/plugins/com.st.stm32cube.ide.mcu.externaltools.gnu-tools-for-stm32.12.3.rel1.win32_1.1.0.202410251130/tools/bin/../lib/gcc/arm-none-eabi/12.3.1/../../../../arm-none-eabi/lib/thumb/v7e-m+dp/hard\libc_nano.a(libc_a-fwalk.o)
                              C:/ST/STM32CubeIDE_1.14.0/STM32CubeIDE/plugins/com.st.stm32cube.ide.mcu.externaltools.gnu-tools-for-stm32.12.3.rel1.win32_1.1.0.202410251130/tools/bin/../lib/gcc/arm-none-eabi/12.3.1/../../../../arm-none-eabi/lib/thumb/v7e-m+dp/hard\libc_nano.a(libc_a-findfp.o) (_fwalk_sglue)
C:/ST/STM32CubeIDE_1.14.0/STM32CubeIDE/plugins/com.st.stm32cube.ide.mcu.externaltools.gnu-tools-for-stm32.12.3.rel1.win32_1.1.0.202410251130/tools/bin/../lib/gcc/arm-none-eabi/12.3.1/../../../../arm-none-eabi/lib/thumb/v7e-m+dp/hard\libc_nano.a(libc_a-printf.o)
                              ./Core/Src/main.o (printf)
C:/ST/STM32CubeIDE_1.14.0/STM32CubeIDE/plugins/com.st.stm32cube.ide.mcu.externaltools.gnu-tools-for-stm32.12.3.rel1.win32_1.1.0.202410251130/tools/bin/../lib/gcc/arm-none-eabi/12.3.1/../../../../arm-none-eabi/lib/thumb/v7e-m+dp/hard\libc_nano.a(libc_a-stdio.o)
                              C:/ST/STM32CubeIDE_1.14.0/STM32CubeIDE/plugins/com.st.stm32cube.ide.mcu.externaltools.gnu-tools-for-stm32.12.3.rel1.win32_1.1.0.202410251130/tools/bin/../lib/gcc/arm-none-eabi/12.3.1/../../../../arm-none-eabi/lib/thumb/v7e-m+dp/hard\libc_nano.a(libc_a-findfp.o) (__sread)
C:/ST/STM32CubeIDE_1.14.0/STM32CubeIDE/plugins/com.st.stm32cube.ide.mcu.externaltools.gnu-tools-for-stm32.12.3.rel1.win32_1.1.0.202410251130/tools/bin/../lib/gcc/arm-none-eabi/12.3.1/../../../../arm-none-eabi/lib/thumb/v7e-m+dp/hard\libc_nano.a(libc_a-memset.o)
                              C:/ST/STM32CubeIDE_1.14.0/STM32CubeIDE/plugins/com.st.stm32cube.ide.mcu.externaltools.gnu-tools-for-stm32.12.3.rel1.win32_1.1.0.202410251130/tools/bin/../lib/gcc/arm-none-eabi/12.3.1/../../../../arm-none-eabi/lib/thumb/v7e-m+dp/hard/crt0.o (memset)
C:/ST/STM32CubeIDE_1.14.0/STM32CubeIDE/plugins/com.st.stm32cube.ide.mcu.externaltools.gnu-tools-for-stm32.12.3.rel1.win32_1.1.0.202410251130/tools/bin/../lib/gcc/arm-none-eabi/12.3.1/../../../../arm-none-eabi/lib/thumb/v7e-m+dp/hard\libc_nano.a(libc_a-localeconv.o)
                              C:/ST/STM32CubeIDE_1.14.0/STM32CubeIDE/plugins/com.st.stm32cube.ide.mcu.externaltools.gnu-tools-for-stm32.12.3.rel1.win32_1.1.0.202410251130/tools/bin/../lib/gcc/arm-none-eabi/12.3.1/../../../../arm-none-eabi/lib/thumb/v7e-m+dp/hard\libc_nano.a(libc_a-nano-vfprintf_float.o) (_localeconv_r)
C:/ST/STM32CubeIDE_1.14.0/STM32CubeIDE/plugins/com.st.stm32cube.ide.mcu.externaltools.gnu-tools-for-stm32.12.3.rel1.win32_1.1.0.202410251130/tools/bin/../lib/gcc/arm-none-eabi/12.3.1/../../../../arm-none-eabi/lib/thumb/v7e-m+dp/hard\libc_nano.a(libc_a-closer.o)
[...]
Memory Configuration

Name             Origin             Length             Attributes
FLASH            0x08000000         0x00020000         xr
DTCMRAM          0x20000000         0x00020000         xrw
RAM_D1           0x24000000         0x00080000         xrw
RAM_D2           0x30000000         0x00048000         xrw
RAM_D3           0x38000000         0x00010000         xrw
ITCMRAM          0x00000000         0x00010000         xrw
*default*        0x00000000         0xffffffff

Linker script and memory map

LOAD C:/ST/STM32CubeIDE_1.14.0/STM32CubeIDE/plugins/com.st.stm32cube.ide.mcu.externaltools.gnu-tools-for-stm32.12.3.rel1.win32_1.1.0.202410251130/tools/bin/../lib/gcc/arm-none-eabi/12.3.1/thumb/v7e-m+dp/hard/crti.o
LOAD C:/ST/STM32CubeIDE_1.14.0/STM32CubeIDE/plugins/com.st.stm32cube.ide.mcu.externaltools.gnu-tools-for-stm32.12.3.rel1.win32_1.1.0.202410251130/tools/bin/../lib/gcc/arm-none-eabi/12.3.1/thumb/v7e-m+dp/hard/crtbegin.o
LOAD C:/ST/STM32CubeIDE_1.14.0/STM32CubeIDE/plugins/com.st.stm32cube.ide.mcu.externaltools.gnu-tools-for-stm32.12.3.rel1.win32_1.1.0.202410251130/tools/bin/../lib/gcc/arm-none-eabi/12.3.1/../../../../arm-none-eabi/lib/thumb/v7e-m+dp/hard/crt0.o
LOAD ./Core/Src/aoa_qeuue.o
LOAD ./Core/Src/gpio.o
LOAD ./Core/Src/i2c.o
LOAD ./Core/Src/main.o
LOAD ./Core/Src/spi.o
LOAD ./Core/Src/stm32h7xx_hal_msp.o
LOAD ./Core/Src/stm32h7xx_it.o
LOAD ./Core/Src/syscalls.o
LOAD ./Core/Src/sysmem.o
LOAD ./Core/Src/system_stm32h7xx.o
LOAD ./Core/Src/tim.o
LOAD ./Core/Src/usart.o
LOAD ./Core/Src/uwb.o
LOAD ./Core/Startup/startup_stm32h750vbtx.o
LOAD ./Drivers/DW1000/decadriver/Src/deca_device.o
LOAD ./Drivers/DW1000/decadriver/Src/deca_params_init.o
LOAD ./Drivers/DW1000/platform/Src/deca_mutex.o
LOAD ./Drivers/DW1000/platform/Src/deca_range_tables.o
LOAD ./Drivers/DW1000/platform/Src/deca_sleep.o
LOAD ./Drivers/DW1000/platform/Src/deca_spi.o
LOAD ./Drivers/DW1000/platform/Src/port.o
LOAD ./Drivers/STM32H7xx_HAL_Driver/Src/stm32h7xx_hal.o
LOAD ./Drivers/STM32H7xx_HAL_Driver/Src/stm32h7xx_hal_cortex.o
LOAD ./Drivers/STM32H7xx_HAL_Driver/Src/stm32h7xx_hal_dma.o
LOAD ./Drivers/STM32H7xx_HAL_Driver/Src/stm32h7xx_hal_dma_ex.o
LOAD ./Drivers/STM32H7xx_HAL_Driver/Src/stm32h7xx_hal_exti.o
LOAD ./Drivers/STM32H7xx_HAL_Driver/Src/stm32h7xx_hal_flash.o
LOAD ./Drivers/STM32H7xx_HAL_Driver/Src/stm32h7xx_hal_flash_ex.o
LOAD ./Drivers/STM32H7xx_HAL_Driver/Src/stm32h7xx_hal_gpio.o
LOAD ./Drivers/STM32H7xx_HAL_Driver/Src/stm32h7xx_hal_hsem.o
LOAD ./Drivers/STM32H7xx_HAL_Driver/Src/stm32h7xx_hal_i2c.o
LOAD ./Drivers/STM32H7xx_HAL_Driver/Src/stm32h7xx_hal_i2c_ex.o
LOAD ./Drivers/STM32H7xx_HAL_Driver/Src/stm32h7xx_hal_mdma.o
LOAD ./Drivers/STM32H7xx_HAL_Driver/Src/stm32h7xx_hal_pwr.o
LOAD ./Drivers/STM32H7xx_HAL_Driver/Src/stm32h7xx_hal_pwr_ex.o
LOAD ./Drivers/STM32H7xx_HAL_Driver/Src/stm32h7xx_hal_rcc.o
LOAD ./Drivers/STM32H7xx_HAL_Driver/Src/stm32h7xx_hal_rcc_ex.o
LOAD ./Drivers/STM32H7xx_HAL_Driver/Src/stm32h7xx_hal_spi.o
LOAD ./Drivers/STM32H7xx_HAL_Driver/Src/stm32h7xx_hal_spi_ex.o
LOAD ./Drivers/STM32H7xx_HAL_Driver/Src/stm32h7xx_hal_tim.o
LOAD ./Drivers/STM32H7xx_HAL_Driver/Src/stm32h7xx_hal_tim_ex.o
LOAD ./Drivers/STM32H7xx_HAL_Driver/Src/stm32h7xx_hal_uart.o
LOAD ./Drivers/STM32H7xx_HAL_Driver/Src/stm32h7xx_hal_uart_ex.o
START GROUP
LOAD C:/ST/STM32CubeIDE_1.14.0/STM32CubeIDE/plugins/com.st.stm32cube.ide.mcu.externaltools.gnu-tools-for-stm32.12.3.rel1.win32_1.1.0.202410251130/tools/bin/../lib/gcc/arm-none-eabi/12.3.1/../../../../arm-none-eabi/lib/thumb/v7e-m+dp/hard\libc_nano.a
LOAD C:/ST/STM32CubeIDE_1.14.0/STM32CubeIDE/plugins/com.st.stm32cube.ide.mcu.externaltools.gnu-tools-for-stm32.12.3.rel1.win32_1.1.0.202410251130/tools/bin/../lib/gcc/arm-none-eabi/12.3.1/../../../../arm-none-eabi/lib/thumb/v7e-m+dp/hard\libm.a
END GROUP
START GROUP
LOAD C:/ST/STM32CubeIDE_1.14.0/STM32CubeIDE/plugins/com.st.stm32cube.ide.mcu.externaltools.gnu-tools-for-stm32.12.3.rel1.win32_1.1.0.202410251130/tools/bin/../lib/gcc/arm-none-eabi/12.3.1/thumb/v7e-m+dp/hard\libgcc.a
LOAD C:/ST/STM32CubeIDE_1.14.0/STM32CubeIDE/plugins/com.st.stm32cube.ide.mcu.externaltools.gnu-tools-for-stm32.12.3.rel1.win32_1.1.0.202410251130/tools/bin/../lib/gcc/arm-none-eabi/12.3.1/../../../../arm-none-eabi/lib/thumb/v7e-m+dp/hard\libc_nano.a
END GROUP
START GROUP
LOAD C:/ST/STM32CubeIDE_1.14.0/STM32CubeIDE/plugins/com.st.stm32cube.ide.mcu.externaltools.gnu-tools-for-stm32.12.3.rel1.win32_1.1.0.202410251130/tools/bin/../lib/gcc/arm-none-eabi/12.3.1/thumb/v7e-m+dp/hard\libgcc.a
LOAD C:/ST/STM32CubeIDE_1.14.0/STM32CubeIDE/plugins/com.st.stm32cube.ide.mcu.externaltools.gnu-tools-for-stm32.12.3.rel1.win32_1.1.0.202410251130/tools/bin/../lib/gcc/arm-none-eabi/12.3.1/../../../../arm-none-eabi/lib/thumb/v7e-m+dp/hard\libc_nano.a
LOAD C:/ST/STM32CubeIDE_1.14.0/STM32CubeIDE/plugins/com.st.stm32cube.ide.mcu.externaltools.gnu-tools-for-stm32.12.3.rel1.win32_1.1.0.202410251130/tools/bin/../lib/gcc/arm-none-eabi/12.3.1/../../../../arm-none-eabi/lib/thumb/v7e-m+dp/hard\libnosys.a
END GROUP
START GROUP
LOAD C:/ST/STM32CubeIDE_1.14.0/STM32CubeIDE/plugins/com.st.stm32cube.ide.mcu.externaltools.gnu-tools-for-stm32.12.3.rel1.win32_1.1.0.202410251130/tools/bin/../lib/gcc/arm-none-eabi/12.3.1/thumb/v7e-m+dp/hard\libgcc.a
LOAD C:/ST/STM32CubeIDE_1.14.0/STM32CubeIDE/plugins/com.st.stm32cube.ide.mcu.externaltools.gnu-tools-for-stm32.12.3.rel1.win32_1.1.0.202410251130/tools/bin/../lib/gcc/arm-none-eabi/12.3.1/../../../../arm-none-eabi/lib/thumb/v7e-m+dp/hard\libc_nano.a
LOAD C:/ST/STM32CubeIDE_1.14.0/STM32CubeIDE/plugins/com.st.stm32cube.ide.mcu.externaltools.gnu-tools-for-stm32.12.3.rel1.win32_1.1.0.202410251130/tools/bin/../lib/gcc/arm-none-eabi/12.3.1/../../../../arm-none-eabi/lib/thumb/v7e-m+dp/hard\libnosys.a
END GROUP
LOAD C:/ST/STM32CubeIDE_1.14.0/STM32CubeIDE/plugins/com.st.stm32cube.ide.mcu.externaltools.gnu-tools-for-stm32.12.3.rel1.win32_1.1.0.202410251130/tools/bin/../lib/gcc/arm-none-eabi/12.3.1/thumb/v7e-m+dp/hard/crtend.o
LOAD C:/ST/STM32CubeIDE_1.14.0/STM32CubeIDE/plugins/com.st.stm32cube.ide.mcu.externaltools.gnu-tools-for-stm32.12.3.rel1.win32_1.1.0.202410251130/tools/bin/../lib/gcc/arm-none-eabi/12.3.1/thumb/v7e-m+dp/hard/crtn.o
                0x24080000                        _estack = (ORIGIN (RAM_D1) + LENGTH (RAM_D1))
                0x00000200                        _Min_Heap_Size = 0x200
                0x00000400                        _Min_Stack_Size = 0x400

.isr_vector     0x08000000      0x298
                0x08000000                        . = ALIGN (0x4)
 *(.isr_vector)
 .isr_vector    0x08000000      0x298 ./Core/Startup/startup_stm32h750vbtx.o
                0x08000000                g_pfnVectors
                0x08000298                        . = ALIGN (0x4)

.text           0x080002a0     0xc530
                0x080002a0                        . = ALIGN (0x4)
 *(.text)
 .text          0x080002a0       0x40 C:/ST/STM32CubeIDE_1.14.0/STM32CubeIDE/plugins/com.st.stm32cube.ide.mcu.externaltools.gnu-tools-for-stm32.12.3.rel1.win32_1.1.0.202410251130/tools/bin/../lib/gcc/arm-none-eabi/12.3.1/thumb/v7e-m+dp/hard/crtbegin.o
 .text          0x080002e0       0xa0 C:/ST/STM32CubeIDE_1.14.0/STM32CubeIDE/plugins/com.st.stm32cube.ide.mcu.externaltools.gnu-tools-for-stm32.12.3.rel1.win32_1.1.0.202410251130/tools/bin/../lib/gcc/arm-none-eabi/12.3.1/../../../../arm-none-eabi/lib/thumb/v7e-m+dp/hard\libc_nano.a(libc_a-memchr.o)
                0x080002e0                memchr
 .text          0x08000380       0x10 C:/ST/STM32CubeIDE_1.14.0/STM32CubeIDE/plugins/com.st.stm32cube.ide.mcu.externaltools.gnu-tools-for-stm32.12.3.rel1.win32_1.1.0.202410251130/tools/bin/../lib/gcc/arm-none-eabi/12.3.1/../../../../arm-none-eabi/lib/thumb/v7e-m+dp/hard\libc_nano.a(libc_a-strlen.o)
                0x08000380                strlen
 .text          0x08000390       0x30 C:/ST/STM32CubeIDE_1.14.0/STM32CubeIDE/plugins/com.st.stm32cube.ide.mcu.externaltools.gnu-tools-for-stm32.12.3.rel1.win32_1.1.0.202410251130/tools/bin/../lib/gcc/arm-none-eabi/12.3.1/thumb/v7e-m+dp/hard\libgcc.a(_aeabi_uldivmod.o)
                0x08000390                __aeabi_uldivmod
 .text          0x080003c0      0x2bc C:/ST/STM32CubeIDE_1.14.0/STM32CubeIDE/plugins/com.st.stm32cube.ide.mcu.externaltools.gnu-tools-for-stm32.12.3.rel1.win32_1.1.0.202410251130/tools/bin/../lib/gcc/arm-none-eabi/12.3.1/thumb/v7e-m+dp/hard\libgcc.a(_udivmoddi4.o)
                0x080003c0                __udivmoddi4
 .text          0x0800067c        0x4 C:/ST/STM32CubeIDE_1.14.0/STM32CubeIDE/plugins/com.st.stm32cube.ide.mcu.externaltools.gnu-tools-for-stm32.12.3.rel1.win32_1.1.0.202410251130/tools/bin/../lib/gcc/arm-none-eabi/12.3.1/thumb/v7e-m+dp/hard\libgcc.a(_dvmd_tls.o)
                0x0800067c                __aeabi_idiv0
                0x0800067c                __aeabi_ldiv0
 *(.text*)
 .text.enqueueData
                0x08000680       0x7c ./Core/Src/aoa_qeuue.o
                0x08000680                enqueueData
 .text.dequeueData
                0x080006fc       0x60 ./Core/Src/aoa_qeuue.o
                0x080006fc                dequeueData
 .text.MX_GPIO_Init
                0x0800075c      0x2cc ./Core/Src/gpio.o
                0x0800075c                MX_GPIO_Init
 .text.MX_I2C1_Init
                0x08000a28       0x80 ./Core/Src/i2c.o
                0x08000a28                MX_I2C1_Init
 .text.HAL_I2C_MspInit
                0x08000aa8       0xd0 ./Core/Src/i2c.o
                0x08000aa8                HAL_I2C_MspInit
 .text.__NVIC_SystemReset
                0x08000b78       0x2c ./Core/Src/main.o
 .text.main     0x08000ba4       0xb8 ./Core/Src/main.o
                0x08000ba4                main
 .text.SystemClock_Config
                0x08000c5c       0xfc ./Core/Src/main.o
                0x08000c5c                SystemClock_Config
 .text.MPU_Config
                0x08000d58       0x58 ./Core/Src/main.o
 .text.Error_Handler
                0x08000db0        0xc ./Core/Src/main.o
                0x08000db0                Error_Handler
 .text.MX_SPI1_Init
                0x08000dbc       0xac ./Core/Src/spi.o
                0x08000dbc                MX_SPI1_Init
 .text.MX_SPI2_Init
                0x08000e68       0xac ./Core/Src/spi.o
                0x08000e68                MX_SPI2_Init
 .text.HAL_SPI_MspInit
                0x08000f14      0x170 ./Core/Src/spi.o
                0x08000f14                HAL_SPI_MspInit
 .text.HAL_MspInit
                0x08001084       0x34 ./Core/Src/stm32h7xx_hal_msp.o
                0x08001084                HAL_MspInit
 .text.NMI_Handler
                0x080010b8        0x8 ./Core/Src/stm32h7xx_it.o
                0x080010b8                NMI_Handler
 .text.HardFault_Handler
                0x080010c0        0x8 ./Core/Src/stm32h7xx_it.o
                0x080010c0                HardFault_Handler
 .text.MemManage_Handler
                0x080010c8        0x8 ./Core/Src/stm32h7xx_it.o
                0x080010c8                MemManage_Handler
 .text.BusFault_Handler
                0x080010d0        0x8 ./Core/Src/stm32h7xx_it.o
                0x080010d0                BusFault_Handler
 .text.UsageFault_Handler
                0x080010d8        0x8 ./Core/Src/stm32h7xx_it.o
                0x080010d8                UsageFault_Handler
 .text.SVC_Handler
                0x080010e0        0xe ./Core/Src/stm32h7xx_it.o
                0x080010e0                SVC_Handler
 .text.DebugMon_Handler
                0x080010ee        0xe ./Core/Src/stm32h7xx_it.o
                0x080010ee                DebugMon_Handler
 .text.PendSV_Handler
                0x080010fc        0xe ./Core/Src/stm32h7xx_it.o
                0x080010fc                PendSV_Handler
 .text.SysTick_Handler
                0x0800110a        0xc ./Core/Src/stm32h7xx_it.o
                0x0800110a                SysTick_Handler
 .text.EXTI0_IRQHandler
                0x08001116        0xe ./Core/Src/stm32h7xx_it.o
                0x08001116                EXTI0_IRQHandler
 .text.EXTI9_5_IRQHandler
                0x08001124       0x16 ./Core/Src/stm32h7xx_it.o
                0x08001124                EXTI9_5_IRQHandler
 .text.EXTI15_10_IRQHandler
                0x0800113a       0x10 ./Core/Src/stm32h7xx_it.o
                0x0800113a                EXTI15_10_IRQHandler
 .text._getpid  0x0800114a       0x10 ./Core/Src/syscalls.o
                0x0800114a                _getpid
 .text._kill    0x0800115a       0x20 ./Core/Src/syscalls.o
                0x0800115a                _kill
 .text._exit    0x0800117a       0x16 ./Core/Src/syscalls.o
                0x0800117a                _exit
 .text._read    0x08001190       0x3a ./Core/Src/syscalls.o
                0x08001190                _read
 .text._close   0x080011ca       0x18 ./Core/Src/syscalls.o
                0x080011ca                _close
 .text._fstat   0x080011e2       0x20 ./Core/Src/syscalls.o
                0x080011e2                _fstat
 .text._isatty  0x08001202       0x16 ./Core/Src/syscalls.o
                0x08001202                _isatty
 .text._lseek   0x08001218       0x1a ./Core/Src/syscalls.o
                0x08001218                _lseek
 *fill*         0x08001232        0x2 
 .text._sbrk    0x08001234       0x6c ./Core/Src/sysmem.o
                0x08001234                _sbrk
 .text.SystemInit
                0x080012a0      0x110 ./Core/Src/system_stm32h7xx.o
                0x080012a0                SystemInit
 .text.MX_TIM1_Init
                0x080013b0       0xa8 ./Core/Src/tim.o
                0x080013b0                MX_TIM1_Init
 .text.MX_TIM2_Init
                0x08001458       0xf8 ./Core/Src/tim.o
                0x08001458                MX_TIM2_Init
 .text.HAL_TIM_Base_MspInit
                0x08001550       0xc0 ./Core/Src/tim.o
                0x08001550                HAL_TIM_Base_MspInit
 .text.HAL_TIM_MspPostInit
                0x08001610       0x70 ./Core/Src/tim.o
                0x08001610                HAL_TIM_MspPostInit
 .text.MX_UART4_Init
                0x08001680       0x98 ./Core/Src/usart.o
                0x08001680                MX_UART4_Init
 .text.HAL_UART_MspInit
                0x08001718       0xd0 ./Core/Src/usart.o
                0x08001718                HAL_UART_MspInit
 .text._write   0x080017e8       0x28 ./Core/Src/usart.o
                0x080017e8                _write
 .text.Antenna_Array_Init
                0x08001810      0x2f0 ./Core/Src/uwb.o
                0x08001810                Antenna_Array_Init
 .text.get_rx_timestamp_u64
                0x08001b00       0x7e ./Core/Src/uwb.o
 .text.uwb_get_fp_angle
                0x08001b7e       0x6a ./Core/Src/uwb.o
 .text.read_pdoa
                0x08001be8      0x1a8 ./Core/Src/uwb.o
 .text.rxOkCallback
                0x08001d90       0x54 ./Core/Src/uwb.o
                0x08001d90                rxOkCallback
 .text.rxToCallback
                0x08001de4       0x22 ./Core/Src/uwb.o
                0x08001de4                rxToCallback
 .text.rxErrCallback
                0x08001e06       0x22 ./Core/Src/uwb.o
                0x08001e06                rxErrCallback
 .text.Check_DW1000RSTn
                0x08001e28       0x80 ./Core/Src/uwb.o
                0x08001e28                Check_DW1000RSTn
 .text.Reset_Handler
                0x08001ea8       0x50 ./Core/Startup/startup_stm32h750vbtx.o
                0x08001ea8                Reset_Handler
 .text.Default_Handler
                0x08001ef8        0x2 ./Core/Startup/startup_stm32h750vbtx.o
                0x08001ef8                RTC_Alarm_IRQHandler
                0x08001ef8                HASH_RNG_IRQHandler
                0x08001ef8                EXTI2_IRQHandler
                0x08001ef8                TIM8_CC_IRQHandler
                0x08001ef8                HRTIM1_Master_IRQHandler
                0x08001ef8                UART8_IRQHandler
                0x08001ef8                SPI4_IRQHandler
                0x08001ef8                TIM1_CC_IRQHandler
                0x08001ef8                BDMA_Channel6_IRQHandler
                0x08001ef8                DMA2_Stream5_IRQHandler
                0x08001ef8                HRTIM1_FLT_IRQHandler
                0x08001ef8                JPEG_IRQHandler
                0x08001ef8                DMA1_Stream5_IRQHandler
                0x08001ef8                BDMA_Channel1_IRQHandler
                0x08001ef8                HRTIM1_TIMD_IRQHandler
                0x08001ef8                TAMP_STAMP_IRQHandler
                0x08001ef8                EXTI3_IRQHandler
                0x08001ef8                LPTIM4_IRQHandler
                0x08001ef8                TIM8_TRG_COM_TIM14_IRQHandler
                0x08001ef8                LPTIM2_IRQHandler
                0x08001ef8                DFSDM1_FLT1_IRQHandler
                0x08001ef8                DMAMUX2_OVR_IRQHandler
                0x08001ef8                TIM8_UP_TIM13_IRQHandler
                0x08001ef8                I2C3_ER_IRQHandler
                0x08001ef8                DFSDM1_FLT2_IRQHandler
                0x08001ef8                MDMA_IRQHandler
                0x08001ef8                LPTIM3_IRQHandler
                0x08001ef8                HSEM1_IRQHandler
                0x08001ef8                I2C2_EV_IRQHandler
                0x08001ef8                DMA1_Stream2_IRQHandler
                0x08001ef8                FPU_IRQHandler
                0x08001ef8                OTG_HS_WKUP_IRQHandler
                0x08001ef8                FDCAN1_IT1_IRQHandler
                0x08001ef8                LTDC_ER_IRQHandler
                0x08001ef8                DMA2_Stream2_IRQHandler
                0x08001ef8                HRTIM1_TIME_IRQHandler
                0x08001ef8                SPI1_IRQHandler
                0x08001ef8                TIM6_DAC_IRQHandler
                0x08001ef8                DCMI_IRQHandler
                0x08001ef8                HRTIM1_TIMC_IRQHandler
                0x08001ef8                DMA2_Stream3_IRQHandler
                0x08001ef8                SAI2_IRQHandler
                0x08001ef8                DFSDM1_FLT3_IRQHandler
                0x08001ef8                USART6_IRQHandler
                0x08001ef8                TIM17_IRQHandler
                0x08001ef8                USART3_IRQHandler
                0x08001ef8                BDMA_Channel7_IRQHandler
                0x08001ef8                CRYP_IRQHandler
                0x08001ef8                LPTIM5_IRQHandler
                0x08001ef8                UART5_IRQHandler
                0x08001ef8                ADC3_IRQHandler
                0x08001ef8                DMA2_Stream0_IRQHandler
                0x08001ef8                TIM4_IRQHandler
                0x08001ef8                BDMA_Channel2_IRQHandler
                0x08001ef8                QUADSPI_IRQHandler
                0x08001ef8                I2C1_EV_IRQHandler
                0x08001ef8                DMA1_Stream6_IRQHandler
                0x08001ef8                DMAMUX1_OVR_IRQHandler
                0x08001ef8                DMA1_Stream1_IRQHandler
                0x08001ef8                TIM16_IRQHandler
                0x08001ef8                UART4_IRQHandler
                0x08001ef8                BDMA_Channel5_IRQHandler
                0x08001ef8                TIM3_IRQHandler
                0x08001ef8                RCC_IRQHandler
                0x08001ef8                TIM8_BRK_TIM12_IRQHandler
                0x08001ef8                TIM1_TRG_COM_IRQHandler
                0x08001ef8                Default_Handler
                0x08001ef8                ECC_IRQHandler
                0x08001ef8                CEC_IRQHandler
                0x08001ef8                BDMA_Channel0_IRQHandler
                0x08001ef8                ADC_IRQHandler
                0x08001ef8                DMA1_Stream7_IRQHandler
                0x08001ef8                HRTIM1_TIMA_IRQHandler
                0x08001ef8                SPI5_IRQHandler
                0x08001ef8                TIM7_IRQHandler
                0x08001ef8                SDMMC1_IRQHandler
                0x08001ef8                TIM5_IRQHandler
                0x08001ef8                DMA2_Stream7_IRQHandler
                0x08001ef8                TIM15_IRQHandler
                0x08001ef8                PVD_AVD_IRQHandler
                0x08001ef8                I2C3_EV_IRQHandler
                0x08001ef8                RTC_WKUP_IRQHandler
                0x08001ef8                LTDC_IRQHandler
                0x08001ef8                SAI3_IRQHandler
                0x08001ef8                ETH_WKUP_IRQHandler
                0x08001ef8                SPDIF_RX_IRQHandler
                0x08001ef8                SPI2_IRQHandler
                0x08001ef8                OTG_HS_EP1_IN_IRQHandler
                0x08001ef8                DMA1_Stream0_IRQHandler
                0x08001ef8                CRS_IRQHandler
                0x08001ef8                EXTI4_IRQHandler
                0x08001ef8                HRTIM1_TIMB_IRQHandler
                0x08001ef8                FDCAN2_IT1_IRQHandler
                0x08001ef8                ETH_IRQHandler
                0x08001ef8                TIM1_UP_IRQHandler
                0x08001ef8                BDMA_Channel4_IRQHandler
                0x08001ef8                OTG_HS_EP1_OUT_IRQHandler
                0x08001ef8                WWDG_IRQHandler
                0x08001ef8                SPI6_IRQHandler
                0x08001ef8                MDIOS_IRQHandler
                0x08001ef8                I2C4_EV_IRQHandler
                0x08001ef8                FDCAN2_IT0_IRQHandler
                0x08001ef8                LPUART1_IRQHandler
                0x08001ef8                FDCAN1_IT0_IRQHandler
                0x08001ef8                TIM2_IRQHandler
                0x08001ef8                OTG_FS_WKUP_IRQHandler
                0x08001ef8                OTG_HS_IRQHandler
                0x08001ef8                DMA2D_IRQHandler
                0x08001ef8                TIM1_BRK_IRQHandler
                0x08001ef8                EXTI1_IRQHandler
                0x08001ef8                SDMMC2_IRQHandler
                0x08001ef8                OTG_FS_EP1_OUT_IRQHandler
                0x08001ef8                BDMA_Channel3_IRQHandler
                0x08001ef8                UART7_IRQHandler
                0x08001ef8                MDIOS_WKUP_IRQHandler
                0x08001ef8                USART2_IRQHandler
                0x08001ef8                DFSDM1_FLT0_IRQHandler
                0x08001ef8                SAI4_IRQHandler
                0x08001ef8                I2C2_ER_IRQHandler
                0x08001ef8                DMA2_Stream1_IRQHandler
                0x08001ef8                FLASH_IRQHandler
                0x08001ef8                DMA2_Stream4_IRQHandler
                0x08001ef8                USART1_IRQHandler
                0x08001ef8                OTG_FS_IRQHandler
                0x08001ef8                SPI3_IRQHandler
                0x08001ef8                WAKEUP_PIN_IRQHandler
                0x08001ef8                DMA1_Stream4_IRQHandler
                0x08001ef8                OTG_FS_EP1_IN_IRQHandler
                0x08001ef8                I2C1_ER_IRQHandler
                0x08001ef8                FMC_IRQHandler
                0x08001ef8                FDCAN_CAL_IRQHandler
                0x08001ef8                SWPMI1_IRQHandler
                0x08001ef8                COMP1_IRQHandler
                0x08001ef8                LPTIM1_IRQHandler
                0x08001ef8                I2C4_ER_IRQHandler
                0x08001ef8                DMA2_Stream6_IRQHandler
                0x08001ef8                SAI1_IRQHandler
                0x08001ef8                DMA1_Stream3_IRQHandler
 *fill*         0x08001efa        0x2 
 .text.dwt_setlocaldataptr
                0x08001efc       0x3c ./Drivers/DW1000/decadriver/Src/deca_device.o
                0x08001efc                dwt_setlocaldataptr
 .text.dwt_initialise
                0x08001f38      0x2c4 ./Drivers/DW1000/decadriver/Src/deca_device.o
                0x08001f38                dwt_initialise
 .text.dwt_readdevid
                0x080021fc       0x1c ./Drivers/DW1000/decadriver/Src/deca_device.o
                0x080021fc                dwt_readdevid
 .text.dwt_configure
                0x08002218      0x300 ./Drivers/DW1000/decadriver/Src/deca_device.o
                0x08002218                dwt_configure
 .text.dwt_setrxantennadelay
                0x08002518       0x22 ./Drivers/DW1000/decadriver/Src/deca_device.o
                0x08002518                dwt_setrxantennadelay
 .text.dwt_settxantennadelay
                0x0800253a       0x20 ./Drivers/DW1000/decadriver/Src/deca_device.o
                0x0800253a                dwt_settxantennadelay
 .text.dwt_readrxdata
                0x0800255a       0x2a ./Drivers/DW1000/decadriver/Src/deca_device.o
                0x0800255a                dwt_readrxdata
 .text.dwt_readaccdata
                0x08002584       0x3a ./Drivers/DW1000/decadriver/Src/deca_device.o
                0x08002584                dwt_readaccdata
 .text.dwt_readdiagnostics
                0x080025be       0x88 ./Drivers/DW1000/decadriver/Src/deca_device.o
                0x080025be                dwt_readdiagnostics
 .text.dwt_readrxtimestamp
                0x08002646       0x22 ./Drivers/DW1000/decadriver/Src/deca_device.o
                0x08002646                dwt_readrxtimestamp
 .text.dwt_writetodevice
                0x08002668       0xb2 ./Drivers/DW1000/decadriver/Src/deca_device.o
                0x08002668                dwt_writetodevice
 .text.dwt_readfromdevice
                0x0800271a       0xac ./Drivers/DW1000/decadriver/Src/deca_device.o
                0x0800271a                dwt_readfromdevice
 .text.dwt_read32bitoffsetreg
                0x080027c6       0x56 ./Drivers/DW1000/decadriver/Src/deca_device.o
                0x080027c6                dwt_read32bitoffsetreg
 .text.dwt_read16bitoffsetreg
                0x0800281c       0x3e ./Drivers/DW1000/decadriver/Src/deca_device.o
                0x0800281c                dwt_read16bitoffsetreg
 .text.dwt_read8bitoffsetreg
                0x0800285a       0x2e ./Drivers/DW1000/decadriver/Src/deca_device.o
                0x0800285a                dwt_read8bitoffsetreg
 .text.dwt_write8bitoffsetreg
                0x08002888       0x2e ./Drivers/DW1000/decadriver/Src/deca_device.o
                0x08002888                dwt_write8bitoffsetreg
 .text.dwt_write16bitoffsetreg
                0x080028b6       0x40 ./Drivers/DW1000/decadriver/Src/deca_device.o
                0x080028b6                dwt_write16bitoffsetreg
 .text.dwt_write32bitoffsetreg
                0x080028f6       0x56 ./Drivers/DW1000/decadriver/Src/deca_device.o
                0x080028f6                dwt_write32bitoffsetreg
 .text._dwt_otpread
                0x0800294c       0x46 ./Drivers/DW1000/decadriver/Src/deca_device.o
                0x0800294c                _dwt_otpread
 .text._dwt_aonarrayupload
                0x08002992       0x28 ./Drivers/DW1000/decadriver/Src/deca_device.o
                0x08002992                _dwt_aonarrayupload
 .text._dwt_configlde
                0x080029ba       0x48 ./Drivers/DW1000/decadriver/Src/deca_device.o
                0x080029ba                _dwt_configlde
 .text._dwt_loaducodefromrom
                0x08002a02       0x34 ./Drivers/DW1000/decadriver/Src/deca_device.o
                0x08002a02                _dwt_loaducodefromrom
 *fill*         0x08002a36        0x2 
 .text.dwt_setcallbacks
                0x08002a38       0x40 ./Drivers/DW1000/decadriver/Src/deca_device.o
                0x08002a38                dwt_setcallbacks
 .text.dwt_isr  0x08002a78      0x214 ./Drivers/DW1000/decadriver/Src/deca_device.o
                0x08002a78                dwt_isr
 .text.dwt_setleds
                0x08002c8c       0xf2 ./Drivers/DW1000/decadriver/Src/deca_device.o
                0x08002c8c                dwt_setleds
 *fill*         0x08002d7e        0x2 
 .text._dwt_enableclocks
                0x08002d80      0x148 ./Drivers/DW1000/decadriver/Src/deca_device.o
                0x08002d80                _dwt_enableclocks
 .text._dwt_disablesequencing
                0x08002ec8       0x24 ./Drivers/DW1000/decadriver/Src/deca_device.o
                0x08002ec8                _dwt_disablesequencing
 .text.dwt_forcetrxoff
                0x08002eec       0x74 ./Drivers/DW1000/decadriver/Src/deca_device.o
                0x08002eec                dwt_forcetrxoff
 .text.dwt_syncrxbufptrs
                0x08002f60       0x3a ./Drivers/DW1000/decadriver/Src/deca_device.o
                0x08002f60                dwt_syncrxbufptrs
 .text.dwt_rxenable
                0x08002f9a       0x8e ./Drivers/DW1000/decadriver/Src/deca_device.o
                0x08002f9a                dwt_rxenable
 .text.dwt_setrxtimeout
                0x08003028       0x84 ./Drivers/DW1000/decadriver/Src/deca_device.o
                0x08003028                dwt_setrxtimeout
 .text.dwt_setpreambledetecttimeout
                0x080030ac       0x20 ./Drivers/DW1000/decadriver/Src/deca_device.o
                0x080030ac                dwt_setpreambledetecttimeout
 .text.dwt_setinterrupt
                0x080030cc       0x6c ./Drivers/DW1000/decadriver/Src/deca_device.o
                0x080030cc                dwt_setinterrupt
 .text.dwt_rxreset
                0x08003138       0x28 ./Drivers/DW1000/decadriver/Src/deca_device.o
                0x08003138                dwt_rxreset
 .text.dwt_softreset
                0x08003160       0x60 ./Drivers/DW1000/decadriver/Src/deca_device.o
                0x08003160                dwt_softreset
 .text.dwt_setxtaltrim
                0x080031c0       0x32 ./Drivers/DW1000/decadriver/Src/deca_device.o
                0x080031c0                dwt_setxtaltrim
 .text.dwt_readrcphase
                0x080031f2       0x4e ./Drivers/DW1000/decadriver/Src/deca_device.o
                0x080031f2                dwt_readrcphase
 .text.dwt_setecctrl
                0x08003240       0x24 ./Drivers/DW1000/decadriver/Src/deca_device.o
                0x08003240                dwt_setecctrl
 .text.decamutexon
                0x08003264       0x28 ./Drivers/DW1000/platform/Src/deca_mutex.o
                0x08003264                decamutexon
 .text.decamutexoff
                0x0800328c       0x1e ./Drivers/DW1000/platform/Src/deca_mutex.o
                0x0800328c                decamutexoff
 .text.deca_sleep
                0x080032aa       0x16 ./Drivers/DW1000/platform/Src/deca_sleep.o
                0x080032aa                deca_sleep
 .text.writetospi
                0x080032c0       0x68 ./Drivers/DW1000/platform/Src/deca_spi.o
                0x080032c0                writetospi
 .text.readfromspi
                0x08003328       0x68 ./Drivers/DW1000/platform/Src/deca_spi.o
                0x08003328                readfromspi
 .text.__NVIC_EnableIRQ
                0x08003390       0x3c ./Drivers/DW1000/platform/Src/port.o
 .text.__NVIC_DisableIRQ
                0x080033cc       0x48 ./Drivers/DW1000/platform/Src/port.o
 .text.usleep   0x08003414       0x56 ./Drivers/DW1000/platform/Src/port.o
                0x08003414                usleep
 .text.Sleep    0x0800346a       0x16 ./Drivers/DW1000/platform/Src/port.o
                0x0800346a                Sleep
 .text.EXTI_GetITEnStatus
                0x08003480       0x3c ./Drivers/DW1000/platform/Src/port.o
                0x08003480                EXTI_GetITEnStatus
 .text.reset_DW1000
                0x080034bc       0x34 ./Drivers/DW1000/platform/Src/port.o
                0x080034bc                reset_DW1000
 .text.setup_DW1000RSTnIRQ
                0x080034f0       0x16 ./Drivers/DW1000/platform/Src/port.o
                0x080034f0                setup_DW1000RSTnIRQ
 .text.port_set_dw1000_slowrate
                0x08003506       0x24 ./Drivers/DW1000/platform/Src/port.o
                0x08003506                port_set_dw1000_slowrate
 .text.port_set_dw1000_fastrate
                0x0800352a       0x24 ./Drivers/DW1000/platform/Src/port.o
                0x0800352a                port_set_dw1000_fastrate
 *fill*         0x0800354e        0x2 
 .text.HAL_GPIO_EXTI_Callback
                0x08003550      0x100 ./Drivers/DW1000/platform/Src/port.o
                0x08003550                HAL_GPIO_EXTI_Callback
 .text.process_deca_irq
                0x08003650       0x2c ./Drivers/DW1000/platform/Src/port.o
                0x08003650                process_deca_irq
 .text.port_DisableEXT_IRQ
                0x0800367c       0x1c ./Drivers/DW1000/platform/Src/port.o
                0x0800367c                port_DisableEXT_IRQ
 .text.port_EnableEXT_IRQ
                0x08003698       0x1c ./Drivers/DW1000/platform/Src/port.o
                0x08003698                port_EnableEXT_IRQ
 .text.port_GetEXT_IRQStatus
                0x080036b4       0x1c ./Drivers/DW1000/platform/Src/port.o
                0x080036b4                port_GetEXT_IRQStatus
 .text.port_CheckEXT_IRQ
                0x080036d0       0x22 ./Drivers/DW1000/platform/Src/port.o
                0x080036d0                port_CheckEXT_IRQ
 *fill*         0x080036f2        0x2 
 .text.port_set_deca_isr
                0x080036f4       0x40 ./Drivers/DW1000/platform/Src/port.o
                0x080036f4                port_set_deca_isr
 .text.HAL_Init
                0x08003734       0x78 ./Drivers/STM32H7xx_HAL_Driver/Src/stm32h7xx_hal.o
                0x08003734                HAL_Init
 .text.HAL_InitTick
                0x080037ac       0x6c ./Drivers/STM32H7xx_HAL_Driver/Src/stm32h7xx_hal.o
                0x080037ac                HAL_InitTick
 .text.HAL_IncTick
                0x08003818       0x28 ./Drivers/STM32H7xx_HAL_Driver/Src/stm32h7xx_hal.o
                0x08003818                HAL_IncTick
 .text.HAL_GetTick
                0x08003840       0x18 ./Drivers/STM32H7xx_HAL_Driver/Src/stm32h7xx_hal.o
                0x08003840                HAL_GetTick
 .text.HAL_Delay
                0x08003858       0x48 ./Drivers/STM32H7xx_HAL_Driver/Src/stm32h7xx_hal.o
                0x08003858                HAL_Delay
 .text.HAL_GetREVID
                0x080038a0       0x18 ./Drivers/STM32H7xx_HAL_Driver/Src/stm32h7xx_hal.o
                0x080038a0                HAL_GetREVID
 .text.__NVIC_SetPriorityGrouping
                0x080038b8       0x48 ./Drivers/STM32H7xx_HAL_Driver/Src/stm32h7xx_hal_cortex.o
 .text.__NVIC_GetPriorityGrouping
                0x08003900       0x1c ./Drivers/STM32H7xx_HAL_Driver/Src/stm32h7xx_hal_cortex.o
 .text.__NVIC_EnableIRQ
                0x0800391c       0x3c ./Drivers/STM32H7xx_HAL_Driver/Src/stm32h7xx_hal_cortex.o
 .text.__NVIC_SetPriority
                0x08003958       0x54 ./Drivers/STM32H7xx_HAL_Driver/Src/stm32h7xx_hal_cortex.o
 .text.NVIC_EncodePriority
                0x080039ac       0x66 ./Drivers/STM32H7xx_HAL_Driver/Src/stm32h7xx_hal_cortex.o
 *fill*         0x08003a12        0x2 
 .text.SysTick_Config
                0x08003a14       0x44 ./Drivers/STM32H7xx_HAL_Driver/Src/stm32h7xx_hal_cortex.o
 .text.HAL_NVIC_SetPriorityGrouping
                0x08003a58       0x16 ./Drivers/STM32H7xx_HAL_Driver/Src/stm32h7xx_hal_cortex.o
                0x08003a58                HAL_NVIC_SetPriorityGrouping
 .text.HAL_NVIC_SetPriority
                0x08003a6e       0x34 ./Drivers/STM32H7xx_HAL_Driver/Src/stm32h7xx_hal_cortex.o
                0x08003a6e                HAL_NVIC_SetPriority
 .text.HAL_NVIC_EnableIRQ
                0x08003aa2       0x1c ./Drivers/STM32H7xx_HAL_Driver/Src/stm32h7xx_hal_cortex.o
                0x08003aa2                HAL_NVIC_EnableIRQ
 .text.HAL_SYSTICK_Config
                0x08003abe       0x18 ./Drivers/STM32H7xx_HAL_Driver/Src/stm32h7xx_hal_cortex.o
                0x08003abe                HAL_SYSTICK_Config
 *fill*         0x08003ad6        0x2 
 .text.HAL_MPU_Disable
                0x08003ad8       0x30 ./Drivers/STM32H7xx_HAL_Driver/Src/stm32h7xx_hal_cortex.o
                0x08003ad8                HAL_MPU_Disable
 .text.HAL_MPU_Enable
                0x08003b08       0x40 ./Drivers/STM32H7xx_HAL_Driver/Src/stm32h7xx_hal_cortex.o
                0x08003b08                HAL_MPU_Enable
 .text.HAL_MPU_ConfigRegion
                0x08003b48       0x80 ./Drivers/STM32H7xx_HAL_Driver/Src/stm32h7xx_hal_cortex.o
                0x08003b48                HAL_MPU_ConfigRegion
 .text.HAL_GPIO_Init
                0x08003bc8      0x360 ./Drivers/STM32H7xx_HAL_Driver/Src/stm32h7xx_hal_gpio.o
                0x08003bc8                HAL_GPIO_Init
 .text.HAL_GPIO_ReadPin
                0x08003f28       0x30 ./Drivers/STM32H7xx_HAL_Driver/Src/stm32h7xx_hal_gpio.o
                0x08003f28                HAL_GPIO_ReadPin
 .text.HAL_GPIO_WritePin
                0x08003f58       0x32 ./Drivers/STM32H7xx_HAL_Driver/Src/stm32h7xx_hal_gpio.o
                0x08003f58                HAL_GPIO_WritePin
 .text.HAL_GPIO_EXTI_IRQHandler
                0x08003f8a       0x34 ./Drivers/STM32H7xx_HAL_Driver/Src/stm32h7xx_hal_gpio.o
                0x08003f8a                HAL_GPIO_EXTI_IRQHandler
 *fill*         0x08003fbe        0x2 
 .text.HAL_I2C_Init
                0x08003fc0      0x138 ./Drivers/STM32H7xx_HAL_Driver/Src/stm32h7xx_hal_i2c.o
                0x08003fc0                HAL_I2C_Init
 .text.HAL_I2CEx_ConfigAnalogFilter
                0x080040f8       0x96 ./Drivers/STM32H7xx_HAL_Driver/Src/stm32h7xx_hal_i2c_ex.o
                0x080040f8                HAL_I2CEx_ConfigAnalogFilter
 .text.HAL_I2CEx_ConfigDigitalFilter
                0x0800418e       0x98 ./Drivers/STM32H7xx_HAL_Driver/Src/stm32h7xx_hal_i2c_ex.o
                0x0800418e                HAL_I2CEx_ConfigDigitalFilter
 *fill*         0x08004226        0x2 
 .text.HAL_PWREx_ConfigSupply
                0x08004228       0x74 ./Drivers/STM32H7xx_HAL_Driver/Src/stm32h7xx_hal_pwr_ex.o
                0x08004228                HAL_PWREx_ConfigSupply
 .text.HAL_RCC_OscConfig
                0x0800429c      0x8b4 ./Drivers/STM32H7xx_HAL_Driver/Src/stm32h7xx_hal_rcc.o
                0x0800429c                HAL_RCC_OscConfig
 .text.HAL_RCC_ClockConfig
                0x08004b50      0x36c ./Drivers/STM32H7xx_HAL_Driver/Src/stm32h7xx_hal_rcc.o
                0x08004b50                HAL_RCC_ClockConfig
 .text.HAL_RCC_GetSysClockFreq
                0x08004ebc      0x2f4 ./Drivers/STM32H7xx_HAL_Driver/Src/stm32h7xx_hal_rcc.o
                0x08004ebc                HAL_RCC_GetSysClockFreq
 .text.HAL_RCC_GetHCLKFreq
                0x080051b0       0x60 ./Drivers/STM32H7xx_HAL_Driver/Src/stm32h7xx_hal_rcc.o
                0x080051b0                HAL_RCC_GetHCLKFreq
 .text.HAL_RCC_GetPCLK1Freq
                0x08005210       0x2c ./Drivers/STM32H7xx_HAL_Driver/Src/stm32h7xx_hal_rcc.o
                0x08005210                HAL_RCC_GetPCLK1Freq
 .text.HAL_RCC_GetPCLK2Freq
                0x0800523c       0x2c ./Drivers/STM32H7xx_HAL_Driver/Src/stm32h7xx_hal_rcc.o
                0x0800523c                HAL_RCC_GetPCLK2Freq
 .text.HAL_RCCEx_PeriphCLKConfig
                0x08005268     0x1414 ./Drivers/STM32H7xx_HAL_Driver/Src/stm32h7xx_hal_rcc_ex.o
                0x08005268                HAL_RCCEx_PeriphCLKConfig
 .text.HAL_RCCEx_GetD3PCLK1Freq
                0x0800667c       0x2c ./Drivers/STM32H7xx_HAL_Driver/Src/stm32h7xx_hal_rcc_ex.o
                0x0800667c                HAL_RCCEx_GetD3PCLK1Freq
 .text.HAL_RCCEx_GetPLL2ClockFreq
                0x080066a8      0x2a8 ./Drivers/STM32H7xx_HAL_Driver/Src/stm32h7xx_hal_rcc_ex.o
                0x080066a8                HAL_RCCEx_GetPLL2ClockFreq
 .text.HAL_RCCEx_GetPLL3ClockFreq
                0x08006950      0x2a8 ./Drivers/STM32H7xx_HAL_Driver/Src/stm32h7xx_hal_rcc_ex.o
                0x08006950                HAL_RCCEx_GetPLL3ClockFreq
 .text.RCCEx_PLL2_Config
                0x08006bf8      0x164 ./Drivers/STM32H7xx_HAL_Driver/Src/stm32h7xx_hal_rcc_ex.o
 .text.RCCEx_PLL3_Config
                0x08006d5c      0x164 ./Drivers/STM32H7xx_HAL_Driver/Src/stm32h7xx_hal_rcc_ex.o
 .text.HAL_SPI_Init
                0x08006ec0      0x248 ./Drivers/STM32H7xx_HAL_Driver/Src/stm32h7xx_hal_spi.o
                0x08006ec0                HAL_SPI_Init
 .text.HAL_SPI_Transmit
                0x08007108      0x3dc ./Drivers/STM32H7xx_HAL_Driver/Src/stm32h7xx_hal_spi.o
                0x08007108                HAL_SPI_Transmit
 .text.HAL_SPI_Receive
                0x080074e4      0x4e4 ./Drivers/STM32H7xx_HAL_Driver/Src/stm32h7xx_hal_spi.o
                0x080074e4                HAL_SPI_Receive
 .text.HAL_SPI_GetState
                0x080079c8       0x1c ./Drivers/STM32H7xx_HAL_Driver/Src/stm32h7xx_hal_spi.o
                0x080079c8                HAL_SPI_GetState
 .text.SPI_CloseTransfer
                0x080079e4      0x140 ./Drivers/STM32H7xx_HAL_Driver/Src/stm32h7xx_hal_spi.o
 .text.SPI_WaitOnFlagUntilTimeout
                0x08007b24       0x5c ./Drivers/STM32H7xx_HAL_Driver/Src/stm32h7xx_hal_spi.o
 .text.SPI_GetPacketSize
                0x08007b80       0x36 ./Drivers/STM32H7xx_HAL_Driver/Src/stm32h7xx_hal_spi.o
 .text.HAL_TIM_Base_Init
                0x08007bb6       0xae ./Drivers/STM32H7xx_HAL_Driver/Src/stm32h7xx_hal_tim.o
                0x08007bb6                HAL_TIM_Base_Init
 .text.HAL_TIM_OC_Init
                0x08007c64       0xae ./Drivers/STM32H7xx_HAL_Driver/Src/stm32h7xx_hal_tim.o
                0x08007c64                HAL_TIM_OC_Init
 .text.HAL_TIM_OC_MspInit
                0x08007d12       0x14 ./Drivers/STM32H7xx_HAL_Driver/Src/stm32h7xx_hal_tim.o
                0x08007d12                HAL_TIM_OC_MspInit
 *fill*         0x08007d26        0x2 
 .text.HAL_TIM_OC_ConfigChannel
                0x08007d28       0xf4 ./Drivers/STM32H7xx_HAL_Driver/Src/stm32h7xx_hal_tim.o
                0x08007d28                HAL_TIM_OC_ConfigChannel
 .text.HAL_TIM_ConfigClockSource
                0x08007e1c      0x1f0 ./Drivers/STM32H7xx_HAL_Driver/Src/stm32h7xx_hal_tim.o
                0x08007e1c                HAL_TIM_ConfigClockSource
 .text.TIM_Base_SetConfig
                0x0800800c      0x14c ./Drivers/STM32H7xx_HAL_Driver/Src/stm32h7xx_hal_tim.o
                0x0800800c                TIM_Base_SetConfig
 .text.TIM_OC1_SetConfig
                0x08008158      0x120 ./Drivers/STM32H7xx_HAL_Driver/Src/stm32h7xx_hal_tim.o
 .text.TIM_OC2_SetConfig
                0x08008278      0x114 ./Drivers/STM32H7xx_HAL_Driver/Src/stm32h7xx_hal_tim.o
                0x08008278                TIM_OC2_SetConfig
 .text.TIM_OC3_SetConfig
                0x0800838c      0x110 ./Drivers/STM32H7xx_HAL_Driver/Src/stm32h7xx_hal_tim.o
 .text.TIM_OC4_SetConfig
                0x0800849c       0xd4 ./Drivers/STM32H7xx_HAL_Driver/Src/stm32h7xx_hal_tim.o
 .text.TIM_OC5_SetConfig
                0x08008570       0xc8 ./Drivers/STM32H7xx_HAL_Driver/Src/stm32h7xx_hal_tim.o
 .text.TIM_OC6_SetConfig
                0x08008638       0xcc ./Drivers/STM32H7xx_HAL_Driver/Src/stm32h7xx_hal_tim.o
 .text.TIM_TI1_ConfigInputStage
                0x08008704       0x5e ./Drivers/STM32H7xx_HAL_Driver/Src/stm32h7xx_hal_tim.o
 .text.TIM_TI2_ConfigInputStage
                0x08008762       0x60 ./Drivers/STM32H7xx_HAL_Driver/Src/stm32h7xx_hal_tim.o
 *fill*         0x080087c2        0x2 
 .text.TIM_ITRx_SetConfig
                0x080087c4       0x3c ./Drivers/STM32H7xx_HAL_Driver/Src/stm32h7xx_hal_tim.o
 .text.TIM_ETR_SetConfig
                0x08008800       0x40 ./Drivers/STM32H7xx_HAL_Driver/Src/stm32h7xx_hal_tim.o
                0x08008800                TIM_ETR_SetConfig
 .text.HAL_TIMEx_MasterConfigSynchronization
                0x08008840      0x11c ./Drivers/STM32H7xx_HAL_Driver/Src/stm32h7xx_hal_tim_ex.o
                0x08008840                HAL_TIMEx_MasterConfigSynchronization
 .text.HAL_UART_Init
                0x0800895c       0xa0 ./Drivers/STM32H7xx_HAL_Driver/Src/stm32h7xx_hal_uart.o
                0x0800895c                HAL_UART_Init
 .text.HAL_UART_Transmit
                0x080089fc      0x11c ./Drivers/STM32H7xx_HAL_Driver/Src/stm32h7xx_hal_uart.o
                0x080089fc                HAL_UART_Transmit
 .text.UART_SetConfig
                0x08008b18      0xad0 ./Drivers/STM32H7xx_HAL_Driver/Src/stm32h7xx_hal_uart.o
                0x08008b18                UART_SetConfig
 .text.UART_AdvFeatureConfig
                0x080095e8      0x144 ./Drivers/STM32H7xx_HAL_Driver/Src/stm32h7xx_hal_uart.o
                0x080095e8                UART_AdvFeatureConfig
 .text.UART_CheckIdleState
                0x0800972c      0x154 ./Drivers/STM32H7xx_HAL_Driver/Src/stm32h7xx_hal_uart.o
                0x0800972c                UART_CheckIdleState
 .text.UART_WaitOnFlagUntilTimeout
                0x08009880       0xda ./Drivers/STM32H7xx_HAL_Driver/Src/stm32h7xx_hal_uart.o
                0x08009880                UART_WaitOnFlagUntilTimeout
 *fill*         0x0800995a        0x2 
 .text.UART_EndRxTransfer
                0x0800995c       0xcc ./Drivers/STM32H7xx_HAL_Driver/Src/stm32h7xx_hal_uart.o
 .text.HAL_UARTEx_DisableFifoMode
                0x08009a28       0x72 ./Drivers/STM32H7xx_HAL_Driver/Src/stm32h7xx_hal_uart_ex.o
                0x08009a28                HAL_UARTEx_DisableFifoMode
 .text.HAL_UARTEx_SetTxFifoThreshold
                0x08009a9a       0x7c ./Drivers/STM32H7xx_HAL_Driver/Src/stm32h7xx_hal_uart_ex.o
                0x08009a9a                HAL_UARTEx_SetTxFifoThreshold
 .text.HAL_UARTEx_SetRxFifoThreshold
                0x08009b16       0x7c ./Drivers/STM32H7xx_HAL_Driver/Src/stm32h7xx_hal_uart_ex.o
                0x08009b16                HAL_UARTEx_SetRxFifoThreshold
 *fill*         0x08009b92        0x2 
 .text.UARTEx_SetNbDataToProcess
                0x08009b94       0x9c ./Drivers/STM32H7xx_HAL_Driver/Src/stm32h7xx_hal_uart_ex.o
 .text.__cvt    0x08009c30       0xa8 C:/ST/STM32CubeIDE_1.14.0/STM32CubeIDE/plugins/com.st.stm32cube.ide.mcu.externaltools.gnu-tools-for-stm32.12.3.rel1.win32_1.1.0.202410251130/tools/bin/../lib/gcc/arm-none-eabi/12.3.1/../../../../arm-none-eabi/lib/thumb/v7e-m+dp/hard\libc_nano.a(libc_a-nano-vfprintf_float.o)
                0x08009c30                __cvt
 .text.__exponent
                0x08009cd8       0x74 C:/ST/STM32CubeIDE_1.14.0/STM32CubeIDE/plugins/com.st.stm32cube.ide.mcu.externaltools.gnu-tools-for-stm32.12.3.rel1.win32_1.1.0.202410251130/tools/bin/../lib/gcc/arm-none-eabi/12.3.1/../../../../arm-none-eabi/lib/thumb/v7e-m+dp/hard\libc_nano.a(libc_a-nano-vfprintf_float.o)
                0x08009cd8                __exponent
 *fill*         0x08009d4c        0x4 
 .text._printf_float
                0x08009d50      0x434 C:/ST/STM32CubeIDE_1.14.0/STM32CubeIDE/plugins/com.st.stm32cube.ide.mcu.externaltools.gnu-tools-for-stm32.12.3.rel1.win32_1.1.0.202410251130/tools/bin/../lib/gcc/arm-none-eabi/12.3.1/../../../../arm-none-eabi/lib/thumb/v7e-m+dp/hard\libc_nano.a(libc_a-nano-vfprintf_float.o)
                0x08009d50                _printf_float
 .text._printf_common
                0x0800a184       0xda C:/ST/STM32CubeIDE_1.14.0/STM32CubeIDE/plugins/com.st.stm32cube.ide.mcu.externaltools.gnu-tools-for-stm32.12.3.rel1.win32_1.1.0.202410251130/tools/bin/../lib/gcc/arm-none-eabi/12.3.1/../../../../arm-none-eabi/lib/thumb/v7e-m+dp/hard\libc_nano.a(libc_a-nano-vfprintf_i.o)
                0x0800a184                _printf_common
 *fill*         0x0800a25e        0x2 
 .text._printf_i
                0x0800a260      0x240 C:/ST/STM32CubeIDE_1.14.0/STM32CubeIDE/plugins/com.st.stm32cube.ide.mcu.externaltools.gnu-tools-for-stm32.12.3.rel1.win32_1.1.0.202410251130/tools/bin/../lib/gcc/arm-none-eabi/12.3.1/../../../../arm-none-eabi/lib/thumb/v7e-m+dp/hard\libc_nano.a(libc_a-nano-vfprintf_i.o)
                0x0800a260                _printf_i
 .text.std      0x0800a4a0       0x6c C:/ST/STM32CubeIDE_1.14.0/STM32CubeIDE/plugins/com.st.stm32cube.ide.mcu.externaltools.gnu-tools-for-stm32.12.3.rel1.win32_1.1.0.202410251130/tools/bin/../lib/gcc/arm-none-eabi/12.3.1/../../../../arm-none-eabi/lib/thumb/v7e-m+dp/hard\libc_nano.a(libc_a-findfp.o)
 .text.stdio_exit_handler
                0x0800a50c       0x18 C:/ST/STM32CubeIDE_1.14.0/STM32CubeIDE/plugins/com.st.stm32cube.ide.mcu.externaltools.gnu-tools-for-stm32.12.3.rel1.win32_1.1.0.202410251130/tools/bin/../lib/gcc/arm-none-eabi/12.3.1/../../../../arm-none-eabi/lib/thumb/v7e-m+dp/hard\libc_nano.a(libc_a-findfp.o)
 .text.cleanup_stdio
                0x0800a524       0x40 C:/ST/STM32CubeIDE_1.14.0/STM32CubeIDE/plugins/com.st.stm32cube.ide.mcu.externaltools.gnu-tools-for-stm32.12.3.rel1.win32_1.1.0.202410251130/tools/bin/../lib/gcc/arm-none-eabi/12.3.1/../../../../arm-none-eabi/lib/thumb/v7e-m+dp/hard\libc_nano.a(libc_a-findfp.o)
 .text.global_stdio_init.part.0
                0x0800a564       0x3c C:/ST/STM32CubeIDE_1.14.0/STM32CubeIDE/plugins/com.st.stm32cube.ide.mcu.externaltools.gnu-tools-for-stm32.12.3.rel1.win32_1.1.0.202410251130/tools/bin/../lib/gcc/arm-none-eabi/12.3.1/../../../../arm-none-eabi/lib/thumb/v7e-m+dp/hard\libc_nano.a(libc_a-findfp.o)
 .text.__sfp_lock_acquire
                0x0800a5a0        0xc C:/ST/STM32CubeIDE_1.14.0/STM32CubeIDE/plugins/com.st.stm32cube.ide.mcu.externaltools.gnu-tools-for-stm32.12.3.rel1.win32_1.1.0.202410251130/tools/bin/../lib/gcc/arm-none-eabi/12.3.1/../../../../arm-none-eabi/lib/thumb/v7e-m+dp/hard\libc_nano.a(libc_a-findfp.o)
                0x0800a5a0                __sfp_lock_acquire
 .text.__sfp_lock_release
                0x0800a5ac        0xc C:/ST/STM32CubeIDE_1.14.0/STM32CubeIDE/plugins/com.st.stm32cube.ide.mcu.externaltools.gnu-tools-for-stm32.12.3.rel1.win32_1.1.0.202410251130/tools/bin/../lib/gcc/arm-none-eabi/12.3.1/../../../../arm-none-eabi/lib/thumb/v7e-m+dp/hard\libc_nano.a(libc_a-findfp.o)
                0x0800a5ac                __sfp_lock_release
 .text.__sinit  0x0800a5b8       0x30 C:/ST/STM32CubeIDE_1.14.0/STM32CubeIDE/plugins/com.st.stm32cube.ide.mcu.externaltools.gnu-tools-for-stm32.12.3.rel1.win32_1.1.0.202410251130/tools/bin/../lib/gcc/arm-none-eabi/12.3.1/../../../../arm-none-eabi/lib/thumb/v7e-m+dp/hard\libc_nano.a(libc_a-findfp.o)
                0x0800a5b8                __sinit
 .text._fwalk_sglue
                0x0800a5e8       0x3c C:/ST/STM32CubeIDE_1.14.0/STM32CubeIDE/plugins/com.st.stm32cube.ide.mcu.externaltools.gnu-tools-for-stm32.12.3.rel1.win32_1.1.0.202410251130/tools/bin/../lib/gcc/arm-none-eabi/12.3.1/../../../../arm-none-eabi/lib/thumb/v7e-m+dp/hard\libc_nano.a(libc_a-fwalk.o)
                0x0800a5e8                _fwalk_sglue
 .text.printf   0x0800a624       0x24 C:/ST/STM32CubeIDE_1.14.0/STM32CubeIDE/plugins/com.st.stm32cube.ide.mcu.externaltools.gnu-tools-for-stm32.12.3.rel1.win32_1.1.0.202410251130/tools/bin/../lib/gcc/arm-none-eabi/12.3.1/../../../../arm-none-eabi/lib/thumb/v7e-m+dp/hard\libc_nano.a(libc_a-printf.o)
                0x0800a624                iprintf
                0x0800a624                printf
 .text.__sread  0x0800a648       0x22 C:/ST/STM32CubeIDE_1.14.0/STM32CubeIDE/plugins/com.st.stm32cube.ide.mcu.externaltools.gnu-tools-for-stm32.12.3.rel1.win32_1.1.0.202410251130/tools/bin/../lib/gcc/arm-none-eabi/12.3.1/../../../../arm-none-eabi/lib/thumb/v7e-m+dp/hard\libc_nano.a(libc_a-stdio.o)
                0x0800a648                __sread
 .text.__swrite
                0x0800a66a       0x38 C:/ST/STM32CubeIDE_1.14.0/STM32CubeIDE/plugins/com.st.stm32cube.ide.mcu.externaltools.gnu-tools-for-stm32.12.3.rel1.win32_1.1.0.202410251130/tools/bin/../lib/gcc/arm-none-eabi/12.3.1/../../../../arm-none-eabi/lib/thumb/v7e-m+dp/hard\libc_nano.a(libc_a-stdio.o)
                0x0800a66a                __swrite
 .text.__sseek  0x0800a6a2       0x24 C:/ST/STM32CubeIDE_1.14.0/STM32CubeIDE/plugins/com.st.stm32cube.ide.mcu.externaltools.gnu-tools-for-stm32.12.3.rel1.win32_1.1.0.202410251130/tools/bin/../lib/gcc/arm-none-eabi/12.3.1/../../../../arm-none-eabi/lib/thumb/v7e-m+dp/hard\libc_nano.a(libc_a-stdio.o)
                0x0800a6a2                __sseek
 .text.__sclose
                0x0800a6c6        0x8 C:/ST/STM32CubeIDE_1.14.0/STM32CubeIDE/plugins/com.st.stm32cube.ide.mcu.externaltools.gnu-tools-for-stm32.12.3.rel1.win32_1.1.0.202410251130/tools/bin/../lib/gcc/arm-none-eabi/12.3.1/../../../../arm-none-eabi/lib/thumb/v7e-m+dp/hard\libc_nano.a(libc_a-stdio.o)
                0x0800a6c6                __sclose
 .text.memset   0x0800a6ce       0x10 C:/ST/STM32CubeIDE_1.14.0/STM32CubeIDE/plugins/com.st.stm32cube.ide.mcu.externaltools.gnu-tools-for-stm32.12.3.rel1.win32_1.1.0.202410251130/tools/bin/../lib/gcc/arm-none-eabi/12.3.1/../../../../arm-none-eabi/lib/thumb/v7e-m+dp/hard\libc_nano.a(libc_a-memset.o)
                0x0800a6ce                memset
 *fill*         0x0800a6de        0x2 
 .text._localeconv_r
                0x0800a6e0        0x8 C:/ST/STM32CubeIDE_1.14.0/STM32CubeIDE/plugins/com.st.stm32cube.ide.mcu.externaltools.gnu-tools-for-stm32.12.3.rel1.win32_1.1.0.202410251130/tools/bin/../lib/gcc/arm-none-eabi/12.3.1/../../../../arm-none-eabi/lib/thumb/v7e-m+dp/hard\libc_nano.a(libc_a-localeconv.o)
                0x0800a6e0                _localeconv_r
 .text._close_r
                0x0800a6e8       0x20 C:/ST/STM32CubeIDE_1.14.0/STM32CubeIDE/plugins/com.st.stm32cube.ide.mcu.externaltools.gnu-tools-for-stm32.12.3.rel1.win32_1.1.0.202410251130/tools/bin/../lib/gcc/arm-none-eabi/12.3.1/../../../../arm-none-eabi/lib/thumb/v7e-m+dp/hard\libc_nano.a(libc_a-closer.o)
                0x0800a6e8                _close_r
 .text._lseek_r
                0x0800a708       0x24 C:/ST/STM32CubeIDE_1.14.0/STM32CubeIDE/plugins/com.st.stm32cube.ide.mcu.externaltools.gnu-tools-for-stm32.12.3.rel1.win32_1.1.0.202410251130/tools/bin/../lib/gcc/arm-none-eabi/12.3.1/../../../../arm-none-eabi/lib/thumb/v7e-m+dp/hard\libc_nano.a(libc_a-lseekr.o)
                0x0800a708                _lseek_r
 .text._read_r  0x0800a72c       0x24 C:/ST/STM32CubeIDE_1.14.0/STM32CubeIDE/plugins/com.st.stm32cube.ide.mcu.externaltools.gnu-tools-for-stm32.12.3.rel1.win32_1.1.0.202410251130/tools/bin/../lib/gcc/arm-none-eabi/12.3.1/../../../../arm-none-eabi/lib/thumb/v7e-m+dp/hard\libc_nano.a(libc_a-readr.o)
                0x0800a72c                _read_r
 .text._write_r
                0x0800a750       0x24 C:/ST/STM32CubeIDE_1.14.0/STM32CubeIDE/plugins/com.st.stm32cube.ide.mcu.externaltools.gnu-tools-for-stm32.12.3.rel1.win32_1.1.0.202410251130/tools/bin/../lib/gcc/arm-none-eabi/12.3.1/../../../../arm-none-eabi/lib/thumb/v7e-m+dp/hard\libc_nano.a(libc_a-writer.o)
                0x0800a750                _write_r
 .text.__errno  0x0800a774        0xc C:/ST/STM32CubeIDE_1.14.0/STM32CubeIDE/plugins/com.st.stm32cube.ide.mcu.externaltools.gnu-tools-for-stm32.12.3.rel1.win32_1.1.0.202410251130/tools/bin/../lib/gcc/arm-none-eabi/12.3.1/../../../../arm-none-eabi/lib/thumb/v7e-m+dp/hard\libc_nano.a(libc_a-errno.o)
                0x0800a774                __errno
 .text.__libc_init_array
                0x0800a780       0x48 C:/ST/STM32CubeIDE_1.14.0/STM32CubeIDE/plugins/com.st.stm32cube.ide.mcu.externaltools.gnu-tools-for-stm32.12.3.rel1.win32_1.1.0.202410251130/tools/bin/../lib/gcc/arm-none-eabi/12.3.1/../../../../arm-none-eabi/lib/thumb/v7e-m+dp/hard\libc_nano.a(libc_a-init.o)
                0x0800a780                __libc_init_array
 .text.__retarget_lock_init_recursive
                0x0800a7c8        0x2 C:/ST/STM32CubeIDE_1.14.0/STM32CubeIDE/plugins/com.st.stm32cube.ide.mcu.externaltools.gnu-tools-for-stm32.12.3.rel1.win32_1.1.0.202410251130/tools/bin/../lib/gcc/arm-none-eabi/12.3.1/../../../../arm-none-eabi/lib/thumb/v7e-m+dp/hard\libc_nano.a(libc_a-lock.o)
                0x0800a7c8                __retarget_lock_init_recursive
 .text.__retarget_lock_acquire_recursive
                0x0800a7ca        0x2 C:/ST/STM32CubeIDE_1.14.0/STM32CubeIDE/plugins/com.st.stm32cube.ide.mcu.externaltools.gnu-tools-for-stm32.12.3.rel1.win32_1.1.0.202410251130/tools/bin/../lib/gcc/arm-none-eabi/12.3.1/../../../../arm-none-eabi/lib/thumb/v7e-m+dp/hard\libc_nano.a(libc_a-lock.o)
                0x0800a7ca                __retarget_lock_acquire_recursive
 .text.__retarget_lock_release_recursive
                0x0800a7cc        0x2 C:/ST/STM32CubeIDE_1.14.0/STM32CubeIDE/plugins/com.st.stm32cube.ide.mcu.externaltools.gnu-tools-for-stm32.12.3.rel1.win32_1.1.0.202410251130/tools/bin/../lib/gcc/arm-none-eabi/12.3.1/../../../../arm-none-eabi/lib/thumb/v7e-m+dp/hard\libc_nano.a(libc_a-lock.o)
                0x0800a7cc                __retarget_lock_release_recursive
 .text.quorem   0x0800a7ce      0x110 C:/ST/STM32CubeIDE_1.14.0/STM32CubeIDE/plugins/com.st.stm32cube.ide.mcu.externaltools.gnu-tools-for-stm32.12.3.rel1.win32_1.1.0.202410251130/tools/bin/../lib/gcc/arm-none-eabi/12.3.1/../../../../arm-none-eabi/lib/thumb/v7e-m+dp/hard\libc_nano.a(libc_a-dtoa.o)
 *fill*         0x0800a8de        0x2 
 .text._dtoa_r  0x0800a8e0      0xaac C:/ST/STM32CubeIDE_1.14.0/STM32CubeIDE/plugins/com.st.stm32cube.ide.mcu.externaltools.gnu-tools-for-stm32.12.3.rel1.win32_1.1.0.202410251130/tools/bin/../lib/gcc/arm-none-eabi/12.3.1/../../../../arm-none-eabi/lib/thumb/v7e-m+dp/hard\libc_nano.a(libc_a-dtoa.o)
                0x0800a8e0                _dtoa_r
 .text._free_r  0x0800b38c       0x94 C:/ST/STM32CubeIDE_1.14.0/STM32CubeIDE/plugins/com.st.stm32cube.ide.mcu.externaltools.gnu-tools-for-stm32.12.3.rel1.win32_1.1.0.202410251130/tools/bin/../lib/gcc/arm-none-eabi/12.3.1/../../../../arm-none-eabi/lib/thumb/v7e-m+dp/hard\libc_nano.a(libc_a-freer.o)
                0x0800b38c                _free_r
 .text.malloc   0x0800b420       0x10 C:/ST/STM32CubeIDE_1.14.0/STM32CubeIDE/plugins/com.st.stm32cube.ide.mcu.externaltools.gnu-tools-for-stm32.12.3.rel1.win32_1.1.0.202410251130/tools/bin/../lib/gcc/arm-none-eabi/12.3.1/../../../../arm-none-eabi/lib/thumb/v7e-m+dp/hard\libc_nano.a(libc_a-malloc.o)
                0x0800b420                malloc
 .text.sbrk_aligned
                0x0800b430       0x44 C:/ST/STM32CubeIDE_1.14.0/STM32CubeIDE/plugins/com.st.stm32cube.ide.mcu.externaltools.gnu-tools-for-stm32.12.3.rel1.win32_1.1.0.202410251130/tools/bin/../lib/gcc/arm-none-eabi/12.3.1/../../../../arm-none-eabi/lib/thumb/v7e-m+dp/hard\libc_nano.a(libc_a-mallocr.o)
 .text._malloc_r
                0x0800b474      0x100 C:/ST/STM32CubeIDE_1.14.0/STM32CubeIDE/plugins/com.st.stm32cube.ide.mcu.externaltools.gnu-tools-for-stm32.12.3.rel1.win32_1.1.0.202410251130/tools/bin/../lib/gcc/arm-none-eabi/12.3.1/../../../../arm-none-eabi/lib/thumb/v7e-m+dp/hard\libc_nano.a(libc_a-mallocr.o)
                0x0800b474                _malloc_r
 .text.__malloc_lock
                0x0800b574        0xc C:/ST/STM32CubeIDE_1.14.0/STM32CubeIDE/plugins/com.st.stm32cube.ide.mcu.externaltools.gnu-tools-for-stm32.12.3.rel1.win32_1.1.0.202410251130/tools/bin/../lib/gcc/arm-none-eabi/12.3.1/../../../../arm-none-eabi/lib/thumb/v7e-m+dp/hard\libc_nano.a(libc_a-mlock.o)
                0x0800b574                __malloc_lock
 .text.__malloc_unlock
                0x0800b580        0xc C:/ST/STM32CubeIDE_1.14.0/STM32CubeIDE/plugins/com.st.stm32cube.ide.mcu.externaltools.gnu-tools-for-stm32.12.3.rel1.win32_1.1.0.202410251130/tools/bin/../lib/gcc/arm-none-eabi/12.3.1/../../../../arm-none-eabi/lib/thumb/v7e-m+dp/hard\libc_nano.a(libc_a-mlock.o)
                0x0800b580                __malloc_unlock
 .text._Balloc  0x0800b58c       0x80 C:/ST/STM32CubeIDE_1.14.0/STM32CubeIDE/plugins/com.st.stm32cube.ide.mcu.externaltools.gnu-tools-for-stm32.12.3.rel1.win32_1.1.0.202410251130/tools/bin/../lib/gcc/arm-none-eabi/12.3.1/../../../../arm-none-eabi/lib/thumb/v7e-m+dp/hard\libc_nano.a(libc_a-mprec.o)
                0x0800b58c                _Balloc
 .text._Bfree   0x0800b60c       0x44 C:/ST/STM32CubeIDE_1.14.0/STM32CubeIDE/plugins/com.st.stm32cube.ide.mcu.externaltools.gnu-tools-for-stm32.12.3.rel1.win32_1.1.0.202410251130/tools/bin/../lib/gcc/arm-none-eabi/12.3.1/../../../../arm-none-eabi/lib/thumb/v7e-m+dp/hard\libc_nano.a(libc_a-mprec.o)
                0x0800b60c                _Bfree
 .text.__multadd
                0x0800b650       0x8c C:/ST/STM32CubeIDE_1.14.0/STM32CubeIDE/plugins/com.st.stm32cube.ide.mcu.externaltools.gnu-tools-for-stm32.12.3.rel1.win32_1.1.0.202410251130/tools/bin/../lib/gcc/arm-none-eabi/12.3.1/../../../../arm-none-eabi/lib/thumb/v7e-m+dp/hard\libc_nano.a(libc_a-mprec.o)
                0x0800b650                __multadd
 .text.__hi0bits
                0x0800b6dc       0x3e C:/ST/STM32CubeIDE_1.14.0/STM32CubeIDE/plugins/com.st.stm32cube.ide.mcu.externaltools.gnu-tools-for-stm32.12.3.rel1.win32_1.1.0.202410251130/tools/bin/../lib/gcc/arm-none-eabi/12.3.1/../../../../arm-none-eabi/lib/thumb/v7e-m+dp/hard\libc_nano.a(libc_a-mprec.o)
                0x0800b6dc                __hi0bits
 .text.__lo0bits
                0x0800b71a       0x5a C:/ST/STM32CubeIDE_1.14.0/STM32CubeIDE/plugins/com.st.stm32cube.ide.mcu.externaltools.gnu-tools-for-stm32.12.3.rel1.win32_1.1.0.202410251130/tools/bin/../lib/gcc/arm-none-eabi/12.3.1/../../../../arm-none-eabi/lib/thumb/v7e-m+dp/hard\libc_nano.a(libc_a-mprec.o)
                0x0800b71a                __lo0bits
 .text.__i2b    0x0800b774       0x2c C:/ST/STM32CubeIDE_1.14.0/STM32CubeIDE/plugins/com.st.stm32cube.ide.mcu.externaltools.gnu-tools-for-stm32.12.3.rel1.win32_1.1.0.202410251130/tools/bin/../lib/gcc/arm-none-eabi/12.3.1/../../../../arm-none-eabi/lib/thumb/v7e-m+dp/hard\libc_nano.a(libc_a-mprec.o)
                0x0800b774                __i2b
 .text.__multiply
                0x0800b7a0      0x154 C:/ST/STM32CubeIDE_1.14.0/STM32CubeIDE/plugins/com.st.stm32cube.ide.mcu.externaltools.gnu-tools-for-stm32.12.3.rel1.win32_1.1.0.202410251130/tools/bin/../lib/gcc/arm-none-eabi/12.3.1/../../../../arm-none-eabi/lib/thumb/v7e-m+dp/hard\libc_nano.a(libc_a-mprec.o)
                0x0800b7a0                __multiply
 .text.__pow5mult
                0x0800b8f4       0xb4 C:/ST/STM32CubeIDE_1.14.0/STM32CubeIDE/plugins/com.st.stm32cube.ide.mcu.externaltools.gnu-tools-for-stm32.12.3.rel1.win32_1.1.0.202410251130/tools/bin/../lib/gcc/arm-none-eabi/12.3.1/../../../../arm-none-eabi/lib/thumb/v7e-m+dp/hard\libc_nano.a(libc_a-mprec.o)
                0x0800b8f4                __pow5mult
 .text.__lshift
                0x0800b9a8       0xd8 C:/ST/STM32CubeIDE_1.14.0/STM32CubeIDE/plugins/com.st.stm32cube.ide.mcu.externaltools.gnu-tools-for-stm32.12.3.rel1.win32_1.1.0.202410251130/tools/bin/../lib/gcc/arm-none-eabi/12.3.1/../../../../arm-none-eabi/lib/thumb/v7e-m+dp/hard\libc_nano.a(libc_a-mprec.o)
                0x0800b9a8                __lshift
 .text.__mcmp   0x0800ba80       0x36 C:/ST/STM32CubeIDE_1.14.0/STM32CubeIDE/plugins/com.st.stm32cube.ide.mcu.externaltools.gnu-tools-for-stm32.12.3.rel1.win32_1.1.0.202410251130/tools/bin/../lib/gcc/arm-none-eabi/12.3.1/../../../../arm-none-eabi/lib/thumb/v7e-m+dp/hard\libc_nano.a(libc_a-mprec.o)
                0x0800ba80                __mcmp
 *fill*         0x0800bab6        0x2 
 .text.__mdiff  0x0800bab8      0x128 C:/ST/STM32CubeIDE_1.14.0/STM32CubeIDE/plugins/com.st.stm32cube.ide.mcu.externaltools.gnu-tools-for-stm32.12.3.rel1.win32_1.1.0.202410251130/tools/bin/../lib/gcc/arm-none-eabi/12.3.1/../../../../arm-none-eabi/lib/thumb/v7e-m+dp/hard\libc_nano.a(libc_a-mprec.o)
                0x0800bab8                __mdiff
 .text.__d2b    0x0800bbe0       0xb0 C:/ST/STM32CubeIDE_1.14.0/STM32CubeIDE/plugins/com.st.stm32cube.ide.mcu.externaltools.gnu-tools-for-stm32.12.3.rel1.win32_1.1.0.202410251130/tools/bin/../lib/gcc/arm-none-eabi/12.3.1/../../../../arm-none-eabi/lib/thumb/v7e-m+dp/hard\libc_nano.a(libc_a-mprec.o)
                0x0800bbe0                __d2b
 .text.__sfputc_r
                0x0800bc90       0x2e C:/ST/STM32CubeIDE_1.14.0/STM32CubeIDE/plugins/com.st.stm32cube.ide.mcu.externaltools.gnu-tools-for-stm32.12.3.rel1.win32_1.1.0.202410251130/tools/bin/../lib/gcc/arm-none-eabi/12.3.1/../../../../arm-none-eabi/lib/thumb/v7e-m+dp/hard\libc_nano.a(libc_a-nano-vfprintf.o)
 .text.__sfputs_r
                0x0800bcbe       0x24 C:/ST/STM32CubeIDE_1.14.0/STM32CubeIDE/plugins/com.st.stm32cube.ide.mcu.externaltools.gnu-tools-for-stm32.12.3.rel1.win32_1.1.0.202410251130/tools/bin/../lib/gcc/arm-none-eabi/12.3.1/../../../../arm-none-eabi/lib/thumb/v7e-m+dp/hard\libc_nano.a(libc_a-nano-vfprintf.o)
                0x0800bcbe                __sfputs_r
 *fill*         0x0800bce2        0x2 
 .text._vfprintf_r
                0x0800bce4      0x230 C:/ST/STM32CubeIDE_1.14.0/STM32CubeIDE/plugins/com.st.stm32cube.ide.mcu.externaltools.gnu-tools-for-stm32.12.3.rel1.win32_1.1.0.202410251130/tools/bin/../lib/gcc/arm-none-eabi/12.3.1/../../../../arm-none-eabi/lib/thumb/v7e-m+dp/hard\libc_nano.a(libc_a-nano-vfprintf.o)
                0x0800bce4                _vfprintf_r
                0x0800bce4                _vfiprintf_r
 .text.__sflush_r
                0x0800bf14      0x108 C:/ST/STM32CubeIDE_1.14.0/STM32CubeIDE/plugins/com.st.stm32cube.ide.mcu.externaltools.gnu-tools-for-stm32.12.3.rel1.win32_1.1.0.202410251130/tools/bin/../lib/gcc/arm-none-eabi/12.3.1/../../../../arm-none-eabi/lib/thumb/v7e-m+dp/hard\libc_nano.a(libc_a-fflush.o)
                0x0800bf14                __sflush_r
 .text._fflush_r
                0x0800c01c       0x50 C:/ST/STM32CubeIDE_1.14.0/STM32CubeIDE/plugins/com.st.stm32cube.ide.mcu.externaltools.gnu-tools-for-stm32.12.3.rel1.win32_1.1.0.202410251130/tools/bin/../lib/gcc/arm-none-eabi/12.3.1/../../../../arm-none-eabi/lib/thumb/v7e-m+dp/hard\libc_nano.a(libc_a-fflush.o)
                0x0800c01c                _fflush_r
 .text.__swbuf_r
                0x0800c06c       0x7c C:/ST/STM32CubeIDE_1.14.0/STM32CubeIDE/plugins/com.st.stm32cube.ide.mcu.externaltools.gnu-tools-for-stm32.12.3.rel1.win32_1.1.0.202410251130/tools/bin/../lib/gcc/arm-none-eabi/12.3.1/../../../../arm-none-eabi/lib/thumb/v7e-m+dp/hard\libc_nano.a(libc_a-wbuf.o)
                0x0800c06c                __swbuf_r
 .text.__swsetup_r
                0x0800c0e8       0xac C:/ST/STM32CubeIDE_1.14.0/STM32CubeIDE/plugins/com.st.stm32cube.ide.mcu.externaltools.gnu-tools-for-stm32.12.3.rel1.win32_1.1.0.202410251130/tools/bin/../lib/gcc/arm-none-eabi/12.3.1/../../../../arm-none-eabi/lib/thumb/v7e-m+dp/hard\libc_nano.a(libc_a-wsetup.o)
                0x0800c0e8                __swsetup_r
 .text._sbrk_r  0x0800c194       0x20 C:/ST/STM32CubeIDE_1.14.0/STM32CubeIDE/plugins/com.st.stm32cube.ide.mcu.externaltools.gnu-tools-for-stm32.12.3.rel1.win32_1.1.0.202410251130/tools/bin/../lib/gcc/arm-none-eabi/12.3.1/../../../../arm-none-eabi/lib/thumb/v7e-m+dp/hard\libc_nano.a(libc_a-sbrkr.o)
                0x0800c194                _sbrk_r
 .text.memcpy   0x0800c1b4       0x1c C:/ST/STM32CubeIDE_1.14.0/STM32CubeIDE/plugins/com.st.stm32cube.ide.mcu.externaltools.gnu-tools-for-stm32.12.3.rel1.win32_1.1.0.202410251130/tools/bin/../lib/gcc/arm-none-eabi/12.3.1/../../../../arm-none-eabi/lib/thumb/v7e-m+dp/hard\libc_nano.a(libc_a-memcpy-stub.o)
                0x0800c1b4                memcpy
 .text.__assert_func
                0x0800c1d0       0x3c C:/ST/STM32CubeIDE_1.14.0/STM32CubeIDE/plugins/com.st.stm32cube.ide.mcu.externaltools.gnu-tools-for-stm32.12.3.rel1.win32_1.1.0.202410251130/tools/bin/../lib/gcc/arm-none-eabi/12.3.1/../../../../arm-none-eabi/lib/thumb/v7e-m+dp/hard\libc_nano.a(libc_a-assert.o)
                0x0800c1d0                __assert_func
 .text._calloc_r
                0x0800c20c       0x28 C:/ST/STM32CubeIDE_1.14.0/STM32CubeIDE/plugins/com.st.stm32cube.ide.mcu.externaltools.gnu-tools-for-stm32.12.3.rel1.win32_1.1.0.202410251130/tools/bin/../lib/gcc/arm-none-eabi/12.3.1/../../../../arm-none-eabi/lib/thumb/v7e-m+dp/hard\libc_nano.a(libc_a-callocr.o)
                0x0800c20c                _calloc_r
 .text.__ascii_mbtowc
                0x0800c234       0x24 C:/ST/STM32CubeIDE_1.14.0/STM32CubeIDE/plugins/com.st.stm32cube.ide.mcu.externaltools.gnu-tools-for-stm32.12.3.rel1.win32_1.1.0.202410251130/tools/bin/../lib/gcc/arm-none-eabi/12.3.1/../../../../arm-none-eabi/lib/thumb/v7e-m+dp/hard\libc_nano.a(libc_a-mbtowc_r.o)
                0x0800c234                __ascii_mbtowc
 .text.__ascii_wctomb
                0x0800c258       0x1a C:/ST/STM32CubeIDE_1.14.0/STM32CubeIDE/plugins/com.st.stm32cube.ide.mcu.externaltools.gnu-tools-for-stm32.12.3.rel1.win32_1.1.0.202410251130/tools/bin/../lib/gcc/arm-none-eabi/12.3.1/../../../../arm-none-eabi/lib/thumb/v7e-m+dp/hard\libc_nano.a(libc_a-wctomb_r.o)
                0x0800c258                __ascii_wctomb
 *fill*         0x0800c272        0x2 
 .text.fprintf  0x0800c274       0x24 C:/ST/STM32CubeIDE_1.14.0/STM32CubeIDE/plugins/com.st.stm32cube.ide.mcu.externaltools.gnu-tools-for-stm32.12.3.rel1.win32_1.1.0.202410251130/tools/bin/../lib/gcc/arm-none-eabi/12.3.1/../../../../arm-none-eabi/lib/thumb/v7e-m+dp/hard\libc_nano.a(libc_a-fprintf.o)
                0x0800c274                fiprintf
                0x0800c274                fprintf
 .text.__swhatbuf_r
                0x0800c298       0x4c C:/ST/STM32CubeIDE_1.14.0/STM32CubeIDE/plugins/com.st.stm32cube.ide.mcu.externaltools.gnu-tools-for-stm32.12.3.rel1.win32_1.1.0.202410251130/tools/bin/../lib/gcc/arm-none-eabi/12.3.1/../../../../arm-none-eabi/lib/thumb/v7e-m+dp/hard\libc_nano.a(libc_a-makebuf.o)
                0x0800c298                __swhatbuf_r
 .text.__smakebuf_r
                0x0800c2e4       0x78 C:/ST/STM32CubeIDE_1.14.0/STM32CubeIDE/plugins/com.st.stm32cube.ide.mcu.externaltools.gnu-tools-for-stm32.12.3.rel1.win32_1.1.0.202410251130/tools/bin/../lib/gcc/arm-none-eabi/12.3.1/../../../../arm-none-eabi/lib/thumb/v7e-m+dp/hard\libc_nano.a(libc_a-makebuf.o)
                0x0800c2e4                __smakebuf_r
 .text._fstat_r
                0x0800c35c       0x24 C:/ST/STM32CubeIDE_1.14.0/STM32CubeIDE/plugins/com.st.stm32cube.ide.mcu.externaltools.gnu-tools-for-stm32.12.3.rel1.win32_1.1.0.202410251130/tools/bin/../lib/gcc/arm-none-eabi/12.3.1/../../../../arm-none-eabi/lib/thumb/v7e-m+dp/hard\libc_nano.a(libc_a-fstatr.o)
                0x0800c35c                _fstat_r
 .text._isatty_r
                0x0800c380       0x20 C:/ST/STM32CubeIDE_1.14.0/STM32CubeIDE/plugins/com.st.stm32cube.ide.mcu.externaltools.gnu-tools-for-stm32.12.3.rel1.win32_1.1.0.202410251130/tools/bin/../lib/gcc/arm-none-eabi/12.3.1/../../../../arm-none-eabi/lib/thumb/v7e-m+dp/hard\libc_nano.a(libc_a-isattyr.o)
                0x0800c380                _isatty_r
 .text.abort    0x0800c3a0        0xe C:/ST/STM32CubeIDE_1.14.0/STM32CubeIDE/plugins/com.st.stm32cube.ide.mcu.externaltools.gnu-tools-for-stm32.12.3.rel1.win32_1.1.0.202410251130/tools/bin/../lib/gcc/arm-none-eabi/12.3.1/../../../../arm-none-eabi/lib/thumb/v7e-m+dp/hard\libc_nano.a(libc_a-abort.o)
                0x0800c3a0                abort
 .text._raise_r
                0x0800c3ae       0x50 C:/ST/STM32CubeIDE_1.14.0/STM32CubeIDE/plugins/com.st.stm32cube.ide.mcu.externaltools.gnu-tools-for-stm32.12.3.rel1.win32_1.1.0.202410251130/tools/bin/../lib/gcc/arm-none-eabi/12.3.1/../../../../arm-none-eabi/lib/thumb/v7e-m+dp/hard\libc_nano.a(libc_a-signal.o)
                0x0800c3ae                _raise_r
 *fill*         0x0800c3fe        0x2 
 .text.raise    0x0800c400       0x10 C:/ST/STM32CubeIDE_1.14.0/STM32CubeIDE/plugins/com.st.stm32cube.ide.mcu.externaltools.gnu-tools-for-stm32.12.3.rel1.win32_1.1.0.202410251130/tools/bin/../lib/gcc/arm-none-eabi/12.3.1/../../../../arm-none-eabi/lib/thumb/v7e-m+dp/hard\libc_nano.a(libc_a-signal.o)
                0x0800c400                raise
 .text._kill_r  0x0800c410       0x24 C:/ST/STM32CubeIDE_1.14.0/STM32CubeIDE/plugins/com.st.stm32cube.ide.mcu.externaltools.gnu-tools-for-stm32.12.3.rel1.win32_1.1.0.202410251130/tools/bin/../lib/gcc/arm-none-eabi/12.3.1/../../../../arm-none-eabi/lib/thumb/v7e-m+dp/hard\libc_nano.a(libc_a-signalr.o)
                0x0800c410                _kill_r
 .text._getpid_r
                0x0800c434        0x4 C:/ST/STM32CubeIDE_1.14.0/STM32CubeIDE/plugins/com.st.stm32cube.ide.mcu.externaltools.gnu-tools-for-stm32.12.3.rel1.win32_1.1.0.202410251130/tools/bin/../lib/gcc/arm-none-eabi/12.3.1/../../../../arm-none-eabi/lib/thumb/v7e-m+dp/hard\libc_nano.a(libc_a-signalr.o)
                0x0800c434                _getpid_r
 .text.atan2f   0x0800c438        0x4 C:/ST/STM32CubeIDE_1.14.0/STM32CubeIDE/plugins/com.st.stm32cube.ide.mcu.externaltools.gnu-tools-for-stm32.12.3.rel1.win32_1.1.0.202410251130/tools/bin/../lib/gcc/arm-none-eabi/12.3.1/../../../../arm-none-eabi/lib/thumb/v7e-m+dp/hard\libm.a(libm_a-wf_atan2.o)
                0x0800c438                atan2f
 .text.round    0x0800c43c       0x88 C:/ST/STM32CubeIDE_1.14.0/STM32CubeIDE/plugins/com.st.stm32cube.ide.mcu.externaltools.gnu-tools-for-stm32.12.3.rel1.win32_1.1.0.202410251130/tools/bin/../lib/gcc/arm-none-eabi/12.3.1/../../../../arm-none-eabi/lib/thumb/v7e-m+dp/hard\libm.a(libm_a-s_round.o)
                0x0800c43c                round
 .text.__ieee754_atan2f
                0x0800c4c4      0x13c C:/ST/STM32CubeIDE_1.14.0/STM32CubeIDE/plugins/com.st.stm32cube.ide.mcu.externaltools.gnu-tools-for-stm32.12.3.rel1.win32_1.1.0.202410251130/tools/bin/../lib/gcc/arm-none-eabi/12.3.1/../../../../arm-none-eabi/lib/thumb/v7e-m+dp/hard\libm.a(libm_a-ef_atan2.o)
                0x0800c4c4                __ieee754_atan2f
 .text.atanf    0x0800c600      0x1a8 C:/ST/STM32CubeIDE_1.14.0/STM32CubeIDE/plugins/com.st.stm32cube.ide.mcu.externaltools.gnu-tools-for-stm32.12.3.rel1.win32_1.1.0.202410251130/tools/bin/../lib/gcc/arm-none-eabi/12.3.1/../../../../arm-none-eabi/lib/thumb/v7e-m+dp/hard\libm.a(libm_a-sf_atan.o)
                0x0800c600                atanf
 .text.fabsf    0x0800c7a8        0xe C:/ST/STM32CubeIDE_1.14.0/STM32CubeIDE/plugins/com.st.stm32cube.ide.mcu.externaltools.gnu-tools-for-stm32.12.3.rel1.win32_1.1.0.202410251130/tools/bin/../lib/gcc/arm-none-eabi/12.3.1/../../../../arm-none-eabi/lib/thumb/v7e-m+dp/hard\libm.a(libm_a-sf_fabs.o)
                0x0800c7a8                fabsf
 *(.glue_7)
 .glue_7        0x0800c7b6        0x0 linker stubs
 *(.glue_7t)
 .glue_7t       0x0800c7b6        0x0 linker stubs
 *(.eh_frame)
 *fill*         0x0800c7b6        0x2 
 .eh_frame      0x0800c7b8        0x0 C:/ST/STM32CubeIDE_1.14.0/STM32CubeIDE/plugins/com.st.stm32cube.ide.mcu.externaltools.gnu-tools-for-stm32.12.3.rel1.win32_1.1.0.202410251130/tools/bin/../lib/gcc/arm-none-eabi/12.3.1/thumb/v7e-m+dp/hard/crtbegin.o
 *(.init)
 .init          0x0800c7b8        0x4 C:/ST/STM32CubeIDE_1.14.0/STM32CubeIDE/plugins/com.st.stm32cube.ide.mcu.externaltools.gnu-tools-for-stm32.12.3.rel1.win32_1.1.0.202410251130/tools/bin/../lib/gcc/arm-none-eabi/12.3.1/thumb/v7e-m+dp/hard/crti.o
                0x0800c7b8                _init
 .init          0x0800c7bc        0x8 C:/ST/STM32CubeIDE_1.14.0/STM32CubeIDE/plugins/com.st.stm32cube.ide.mcu.externaltools.gnu-tools-for-stm32.12.3.rel1.win32_1.1.0.202410251130/tools/bin/../lib/gcc/arm-none-eabi/12.3.1/thumb/v7e-m+dp/hard/crtn.o
 *(.fini)
 .fini          0x0800c7c4        0x4 C:/ST/STM32CubeIDE_1.14.0/STM32CubeIDE/plugins/com.st.stm32cube.ide.mcu.externaltools.gnu-tools-for-stm32.12.3.rel1.win32_1.1.0.202410251130/tools/bin/../lib/gcc/arm-none-eabi/12.3.1/thumb/v7e-m+dp/hard/crti.o
                0x0800c7c4                _fini
 .fini          0x0800c7c8        0x8 C:/ST/STM32CubeIDE_1.14.0/STM32CubeIDE/plugins/com.st.stm32cube.ide.mcu.externaltools.gnu-tools-for-stm32.12.3.rel1.win32_1.1.0.202410251130/tools/bin/../lib/gcc/arm-none-eabi/12.3.1/thumb/v7e-m+dp/hard/crtn.o
                0x0800c7d0                        . = ALIGN (0x4)
                0x0800c7d0                        _etext = .

.vfp11_veneer   0x0800c7d0        0x0
 .vfp11_veneer  0x0800c7d0        0x0 linker stubs

.v4_bx          0x0800c7d0        0x0
 .v4_bx         0x0800c7d0        0x0 linker stubs

.iplt           0x0800c7d0        0x0
 .iplt          0x0800c7d0        0x0 C:/ST/STM32CubeIDE_1.14.0/STM32CubeIDE/plugins/com.st.stm32cube.ide.mcu.externaltools.gnu-tools-for-stm32.12.3.rel1.win32_1.1.0.202410251130/tools/bin/../lib/gcc/arm-none-eabi/12.3.1/thumb/v7e-m+dp/hard/crtbegin.o

.rodata         0x0800c7d0      0x4b0
                0x0800c7d0                        . = ALIGN (0x4)
 *(.rodata)
 .rodata        0x0800c7d0       0x10 ./Core/Src/main.o
 *(.rodata*)
 .rodata.D1CorePrescTable
                0x0800c7e0       0x10 ./Core/Src/system_stm32h7xx.o
                0x0800c7e0                D1CorePrescTable
 .rodata.chan_idx
                0x0800c7f0        0x8 ./Drivers/DW1000/decadriver/Src/deca_params_init.o
                0x0800c7f0                chan_idx
 .rodata.tx_config
                0x0800c7f8       0x18 ./Drivers/DW1000/decadriver/Src/deca_params_init.o
                0x0800c7f8                tx_config
 .rodata.fs_pll_cfg
                0x0800c810       0x18 ./Drivers/DW1000/decadriver/Src/deca_params_init.o
                0x0800c810                fs_pll_cfg
 .rodata.fs_pll_tune
                0x0800c828        0x6 ./Drivers/DW1000/decadriver/Src/deca_params_init.o
                0x0800c828                fs_pll_tune
 *fill*         0x0800c82e        0x2 
 .rodata.tc_pgdelay
                0x0800c830        0x6 ./Drivers/DW1000/decadriver/Src/deca_params_init.o
                0x0800c830                tc_pgdelay
 *fill*         0x0800c836        0x2 
 .rodata.rx_config
                0x0800c838        0x2 ./Drivers/DW1000/decadriver/Src/deca_params_init.o
                0x0800c838                rx_config
 *fill*         0x0800c83a        0x2 
 .rodata.agc_config
                0x0800c83c        0x8 ./Drivers/DW1000/decadriver/Src/deca_params_init.o
                0x0800c83c                agc_config
 .rodata.dwnsSFDlen
                0x0800c844        0x3 ./Drivers/DW1000/decadriver/Src/deca_params_init.o
                0x0800c844                dwnsSFDlen
 *fill*         0x0800c847        0x1 
 .rodata.sftsh  0x0800c848        0xc ./Drivers/DW1000/decadriver/Src/deca_params_init.o
                0x0800c848                sftsh
 .rodata.dtune1
                0x0800c854        0x4 ./Drivers/DW1000/decadriver/Src/deca_params_init.o
                0x0800c854                dtune1
 .rodata.digital_bb_config
                0x0800c858       0x20 ./Drivers/DW1000/decadriver/Src/deca_params_init.o
                0x0800c858                digital_bb_config
 .rodata.lde_replicaCoeff
                0x0800c878       0x32 ./Drivers/DW1000/decadriver/Src/deca_params_init.o
                0x0800c878                lde_replicaCoeff
 *fill*         0x0800c8aa        0x2 
 .rodata.UARTPrescTable
                0x0800c8ac       0x18 ./Drivers/STM32H7xx_HAL_Driver/Src/stm32h7xx_hal_uart.o
                0x0800c8ac                UARTPrescTable
 .rodata.numerator.1
                0x0800c8c4        0x8 ./Drivers/STM32H7xx_HAL_Driver/Src/stm32h7xx_hal_uart_ex.o
 .rodata.denominator.0
                0x0800c8cc        0x8 ./Drivers/STM32H7xx_HAL_Driver/Src/stm32h7xx_hal_uart_ex.o
 .rodata._printf_float.str1.1
                0x0800c8d4       0x12 C:/ST/STM32CubeIDE_1.14.0/STM32CubeIDE/plugins/com.st.stm32cube.ide.mcu.externaltools.gnu-tools-for-stm32.12.3.rel1.win32_1.1.0.202410251130/tools/bin/../lib/gcc/arm-none-eabi/12.3.1/../../../../arm-none-eabi/lib/thumb/v7e-m+dp/hard\libc_nano.a(libc_a-nano-vfprintf_float.o)
 .rodata._printf_i.str1.1
                0x0800c8e6       0x22 C:/ST/STM32CubeIDE_1.14.0/STM32CubeIDE/plugins/com.st.stm32cube.ide.mcu.externaltools.gnu-tools-for-stm32.12.3.rel1.win32_1.1.0.202410251130/tools/bin/../lib/gcc/arm-none-eabi/12.3.1/../../../../arm-none-eabi/lib/thumb/v7e-m+dp/hard\libc_nano.a(libc_a-nano-vfprintf_i.o)
 .rodata._dtoa_r.str1.1
                0x0800c908       0x8d C:/ST/STM32CubeIDE_1.14.0/STM32CubeIDE/plugins/com.st.stm32cube.ide.mcu.externaltools.gnu-tools-for-stm32.12.3.rel1.win32_1.1.0.202410251130/tools/bin/../lib/gcc/arm-none-eabi/12.3.1/../../../../arm-none-eabi/lib/thumb/v7e-m+dp/hard\libc_nano.a(libc_a-dtoa.o)
                                 0x8f (size before relaxing)
 .rodata._Balloc.str1.1
                0x0800c995       0x59 C:/ST/STM32CubeIDE_1.14.0/STM32CubeIDE/plugins/com.st.stm32cube.ide.mcu.externaltools.gnu-tools-for-stm32.12.3.rel1.win32_1.1.0.202410251130/tools/bin/../lib/gcc/arm-none-eabi/12.3.1/../../../../arm-none-eabi/lib/thumb/v7e-m+dp/hard\libc_nano.a(libc_a-mprec.o)
                                 0x70 (size before relaxing)
 .rodata.__multadd.str1.1
                0x0800c9ee       0x11 C:/ST/STM32CubeIDE_1.14.0/STM32CubeIDE/plugins/com.st.stm32cube.ide.mcu.externaltools.gnu-tools-for-stm32.12.3.rel1.win32_1.1.0.202410251130/tools/bin/../lib/gcc/arm-none-eabi/12.3.1/../../../../arm-none-eabi/lib/thumb/v7e-m+dp/hard\libc_nano.a(libc_a-mprec.o)
 *fill*         0x0800c9ee        0x2 
 .rodata.p05.0  0x0800c9f0        0xc C:/ST/STM32CubeIDE_1.14.0/STM32CubeIDE/plugins/com.st.stm32cube.ide.mcu.externaltools.gnu-tools-for-stm32.12.3.rel1.win32_1.1.0.202410251130/tools/bin/../lib/gcc/arm-none-eabi/12.3.1/../../../../arm-none-eabi/lib/thumb/v7e-m+dp/hard\libc_nano.a(libc_a-mprec.o)
 *fill*         0x0800c9fc        0x4 
 .rodata.__mprec_bigtens
                0x0800ca00       0x28 C:/ST/STM32CubeIDE_1.14.0/STM32CubeIDE/plugins/com.st.stm32cube.ide.mcu.externaltools.gnu-tools-for-stm32.12.3.rel1.win32_1.1.0.202410251130/tools/bin/../lib/gcc/arm-none-eabi/12.3.1/../../../../arm-none-eabi/lib/thumb/v7e-m+dp/hard\libc_nano.a(libc_a-mprec.o)
                0x0800ca00                __mprec_bigtens
 .rodata.__mprec_tens
                0x0800ca28       0xc8 C:/ST/STM32CubeIDE_1.14.0/STM32CubeIDE/plugins/com.st.stm32cube.ide.mcu.externaltools.gnu-tools-for-stm32.12.3.rel1.win32_1.1.0.202410251130/tools/bin/../lib/gcc/arm-none-eabi/12.3.1/../../../../arm-none-eabi/lib/thumb/v7e-m+dp/hard\libc_nano.a(libc_a-mprec.o)
                0x0800ca28                __mprec_tens
 .rodata._vfprintf_r.str1.1
                0x0800caf0       0x11 C:/ST/STM32CubeIDE_1.14.0/STM32CubeIDE/plugins/com.st.stm32cube.ide.mcu.externaltools.gnu-tools-for-stm32.12.3.rel1.win32_1.1.0.202410251130/tools/bin/../lib/gcc/arm-none-eabi/12.3.1/../../../../arm-none-eabi/lib/thumb/v7e-m+dp/hard\libc_nano.a(libc_a-nano-vfprintf.o)
 .rodata._setlocale_r.str1.1
                0x0800cb01        0x8 C:/ST/STM32CubeIDE_1.14.0/STM32CubeIDE/plugins/com.st.stm32cube.ide.mcu.externaltools.gnu-tools-for-stm32.12.3.rel1.win32_1.1.0.202410251130/tools/bin/../lib/gcc/arm-none-eabi/12.3.1/../../../../arm-none-eabi/lib/thumb/v7e-m+dp/hard\libc_nano.a(libc_a-locale.o)
                                  0x9 (size before relaxing)
 .rodata.str1.1
                0x0800cb09        0x2 C:/ST/STM32CubeIDE_1.14.0/STM32CubeIDE/plugins/com.st.stm32cube.ide.mcu.externaltools.gnu-tools-for-stm32.12.3.rel1.win32_1.1.0.202410251130/tools/bin/../lib/gcc/arm-none-eabi/12.3.1/../../../../arm-none-eabi/lib/thumb/v7e-m+dp/hard\libc_nano.a(libc_a-locale.o)
 .rodata.__assert_func.str1.1
                0x0800cb0b       0x3c C:/ST/STM32CubeIDE_1.14.0/STM32CubeIDE/plugins/com.st.stm32cube.ide.mcu.externaltools.gnu-tools-for-stm32.12.3.rel1.win32_1.1.0.202410251130/tools/bin/../lib/gcc/arm-none-eabi/12.3.1/../../../../arm-none-eabi/lib/thumb/v7e-m+dp/hard\libc_nano.a(libc_a-assert.o)
                                 0x3d (size before relaxing)
 .rodata._ctype_
                0x0800cb47      0x101 C:/ST/STM32CubeIDE_1.14.0/STM32CubeIDE/plugins/com.st.stm32cube.ide.mcu.externaltools.gnu-tools-for-stm32.12.3.rel1.win32_1.1.0.202410251130/tools/bin/../lib/gcc/arm-none-eabi/12.3.1/../../../../arm-none-eabi/lib/thumb/v7e-m+dp/hard\libc_nano.a(libc_a-ctype_.o)
                0x0800cb47                _ctype_
 .rodata.CSWTCH.9
                0x0800cc48        0xc C:/ST/STM32CubeIDE_1.14.0/STM32CubeIDE/plugins/com.st.stm32cube.ide.mcu.externaltools.gnu-tools-for-stm32.12.3.rel1.win32_1.1.0.202410251130/tools/bin/../lib/gcc/arm-none-eabi/12.3.1/../../../../arm-none-eabi/lib/thumb/v7e-m+dp/hard\libm.a(libm_a-ef_atan2.o)
 .rodata.CSWTCH.8
                0x0800cc54        0xc C:/ST/STM32CubeIDE_1.14.0/STM32CubeIDE/plugins/com.st.stm32cube.ide.mcu.externaltools.gnu-tools-for-stm32.12.3.rel1.win32_1.1.0.202410251130/tools/bin/../lib/gcc/arm-none-eabi/12.3.1/../../../../arm-none-eabi/lib/thumb/v7e-m+dp/hard\libm.a(libm_a-ef_atan2.o)
 .rodata.atanlo
                0x0800cc60       0x10 C:/ST/STM32CubeIDE_1.14.0/STM32CubeIDE/plugins/com.st.stm32cube.ide.mcu.externaltools.gnu-tools-for-stm32.12.3.rel1.win32_1.1.0.202410251130/tools/bin/../lib/gcc/arm-none-eabi/12.3.1/../../../../arm-none-eabi/lib/thumb/v7e-m+dp/hard\libm.a(libm_a-sf_atan.o)
 .rodata.atanhi
                0x0800cc70       0x10 C:/ST/STM32CubeIDE_1.14.0/STM32CubeIDE/plugins/com.st.stm32cube.ide.mcu.externaltools.gnu-tools-for-stm32.12.3.rel1.win32_1.1.0.202410251130/tools/bin/../lib/gcc/arm-none-eabi/12.3.1/../../../../arm-none-eabi/lib/thumb/v7e-m+dp/hard\libm.a(libm_a-sf_atan.o)
                0x0800cc80                        . = ALIGN (0x4)

.ARM.extab
 *(.ARM.extab* .gnu.linkonce.armextab.*)

.ARM            0x0800cc80        0x8
                0x0800cc80                        __exidx_start = .
 *(.ARM.exidx*)
 .ARM.exidx     0x0800cc80        0x8 C:/ST/STM32CubeIDE_1.14.0/STM32CubeIDE/plugins/com.st.stm32cube.ide.mcu.externaltools.gnu-tools-for-stm32.12.3.rel1.win32_1.1.0.202410251130/tools/bin/../lib/gcc/arm-none-eabi/12.3.1/../../../../arm-none-eabi/lib/thumb/v7e-m+dp/hard\libc_nano.a(libc_a-memchr.o)
 .ARM.exidx     0x0800cc88        0x0 C:/ST/STM32CubeIDE_1.14.0/STM32CubeIDE/plugins/com.st.stm32cube.ide.mcu.externaltools.gnu-tools-for-stm32.12.3.rel1.win32_1.1.0.202410251130/tools/bin/../lib/gcc/arm-none-eabi/12.3.1/../../../../arm-none-eabi/lib/thumb/v7e-m+dp/hard\libc_nano.a(libc_a-strlen.o)
                                  0x8 (size before relaxing)
 .ARM.exidx     0x0800cc88        0x0 C:/ST/STM32CubeIDE_1.14.0/STM32CubeIDE/plugins/com.st.stm32cube.ide.mcu.externaltools.gnu-tools-for-stm32.12.3.rel1.win32_1.1.0.202410251130/tools/bin/../lib/gcc/arm-none-eabi/12.3.1/thumb/v7e-m+dp/hard\libgcc.a(_udivmoddi4.o)
                                  0x8 (size before relaxing)
                0x0800cc88                        __exidx_end = .

.preinit_array  0x0800cc88        0x0
                0x0800cc88                        PROVIDE (__preinit_array_start = .)
 *(.preinit_array*)
                0x0800cc88                        PROVIDE (__preinit_array_end = .)

.init_array     0x0800cc88        0x4
                0x0800cc88                        PROVIDE (__init_array_start = .)
 *(SORT_BY_NAME(.init_array.*))
 *(.init_array*)
 .init_array    0x0800cc88        0x4 C:/ST/STM32CubeIDE_1.14.0/STM32CubeIDE/plugins/com.st.stm32cube.ide.mcu.externaltools.gnu-tools-for-stm32.12.3.rel1.win32_1.1.0.202410251130/tools/bin/../lib/gcc/arm-none-eabi/12.3.1/thumb/v7e-m+dp/hard/crtbegin.o
                0x0800cc8c                        PROVIDE (__init_array_end = .)

.fini_array     0x0800cc8c        0x4
                [!provide]                        PROVIDE (__fini_array_start = .)
 *(SORT_BY_NAME(.fini_array.*))
 *(.fini_array*)
 .fini_array    0x0800cc8c        0x4 C:/ST/STM32CubeIDE_1.14.0/STM32CubeIDE/plugins/com.st.stm32cube.ide.mcu.externaltools.gnu-tools-for-stm32.12.3.rel1.win32_1.1.0.202410251130/tools/bin/../lib/gcc/arm-none-eabi/12.3.1/thumb/v7e-m+dp/hard/crtbegin.o
                [!provide]                        PROVIDE (__fini_array_end = .)
                0x0800cc90                        _sidata = LOADADDR (.data)

.rel.dyn        0x0800cc90        0x0
 .rel.iplt      0x0800cc90        0x0 C:/ST/STM32CubeIDE_1.14.0/STM32CubeIDE/plugins/com.st.stm32cube.ide.mcu.externaltools.gnu-tools-for-stm32.12.3.rel1.win32_1.1.0.202410251130/tools/bin/../lib/gcc/arm-none-eabi/12.3.1/thumb/v7e-m+dp/hard/crtbegin.o

.data           0x24000000      0x1e8 load address 0x0800cc90
                0x24000000                        . = ALIGN (0x4)
                0x24000000                        _sdata = .
 *(.data)
 *(.data*)
 .data.SystemCoreClock
                0x24000000        0x4 ./Core/Src/system_stm32h7xx.o
                0x24000000                SystemCoreClock
 .data.SystemD2Clock
                0x24000004        0x4 ./Core/Src/system_stm32h7xx.o
                0x24000004                SystemD2Clock
 .data.config   0x24000008        0xc ./Core/Src/uwb.o
 .data.pdw1000local
                0x24000014        0x4 ./Drivers/DW1000/decadriver/Src/deca_device.o
 .data.uwTickPrio
                0x24000018        0x4 ./Drivers/STM32H7xx_HAL_Driver/Src/stm32h7xx_hal.o
                0x24000018                uwTickPrio
 .data.uwTickFreq
                0x2400001c        0x1 ./Drivers/STM32H7xx_HAL_Driver/Src/stm32h7xx_hal.o
                0x2400001c                uwTickFreq
 *fill*         0x2400001d        0x3 
 .data.__sglue  0x24000020        0xc C:/ST/STM32CubeIDE_1.14.0/STM32CubeIDE/plugins/com.st.stm32cube.ide.mcu.externaltools.gnu-tools-for-stm32.12.3.rel1.win32_1.1.0.202410251130/tools/bin/../lib/gcc/arm-none-eabi/12.3.1/../../../../arm-none-eabi/lib/thumb/v7e-m+dp/hard\libc_nano.a(libc_a-findfp.o)
                0x24000020                __sglue
 .data._impure_ptr
                0x2400002c        0x4 C:/ST/STM32CubeIDE_1.14.0/STM32CubeIDE/plugins/com.st.stm32cube.ide.mcu.externaltools.gnu-tools-for-stm32.12.3.rel1.win32_1.1.0.202410251130/tools/bin/../lib/gcc/arm-none-eabi/12.3.1/../../../../arm-none-eabi/lib/thumb/v7e-m+dp/hard\libc_nano.a(libc_a-impure.o)
                0x2400002c                _impure_ptr
 .data._impure_data
                0x24000030       0x4c C:/ST/STM32CubeIDE_1.14.0/STM32CubeIDE/plugins/com.st.stm32cube.ide.mcu.externaltools.gnu-tools-for-stm32.12.3.rel1.win32_1.1.0.202410251130/tools/bin/../lib/gcc/arm-none-eabi/12.3.1/../../../../arm-none-eabi/lib/thumb/v7e-m+dp/hard\libc_nano.a(libc_a-impure.o)
                0x24000030                _impure_data
 .data.__global_locale
                0x2400007c      0x16c C:/ST/STM32CubeIDE_1.14.0/STM32CubeIDE/plugins/com.st.stm32cube.ide.mcu.externaltools.gnu-tools-for-stm32.12.3.rel1.win32_1.1.0.202410251130/tools/bin/../lib/gcc/arm-none-eabi/12.3.1/../../../../arm-none-eabi/lib/thumb/v7e-m+dp/hard\libc_nano.a(libc_a-locale.o)
                0x2400007c                __global_locale
 *(.RamFunc)
 *(.RamFunc*)
                0x240001e8                        . = ALIGN (0x4)
                0x240001e8                        _edata = .

.igot.plt       0x240001e8        0x0 load address 0x0800ce78
 .igot.plt      0x240001e8        0x0 C:/ST/STM32CubeIDE_1.14.0/STM32CubeIDE/plugins/com.st.stm32cube.ide.mcu.externaltools.gnu-tools-for-stm32.12.3.rel1.win32_1.1.0.202410251130/tools/bin/../lib/gcc/arm-none-eabi/12.3.1/thumb/v7e-m+dp/hard/crtbegin.o
                0x240001e8                        . = ALIGN (0x4)

.bss            0x240001e8      0xa94 load address 0x0800ce78
                0x240001e8                        _sbss = .
                0x240001e8                        __bss_start__ = _sbss
 *(.bss)
 .bss           0x240001e8       0x1c C:/ST/STM32CubeIDE_1.14.0/STM32CubeIDE/plugins/com.st.stm32cube.ide.mcu.externaltools.gnu-tools-for-stm32.12.3.rel1.win32_1.1.0.202410251130/tools/bin/../lib/gcc/arm-none-eabi/12.3.1/thumb/v7e-m+dp/hard/crtbegin.o
 *(.bss*)
 .bss.params_fifo
                0x24000204        0x5 ./Core/Src/aoa_qeuue.o
                0x24000204                params_fifo
 .bss.front     0x24000209        0x1 ./Core/Src/aoa_qeuue.o
                0x24000209                front
 .bss.rear      0x2400020a        0x1 ./Core/Src/aoa_qeuue.o
                0x2400020a                rear
 *fill*         0x2400020b        0x1 
 .bss.hi2c1     0x2400020c       0x54 ./Core/Src/i2c.o
                0x2400020c                hi2c1
 .bss.UWB_device_array
                0x24000260      0x5a0 ./Core/Src/main.o
                0x24000260                UWB_device_array
 .bss.hspi1     0x24000800       0x88 ./Core/Src/spi.o
                0x24000800                hspi1
 .bss.hspi2     0x24000888       0x88 ./Core/Src/spi.o
                0x24000888                hspi2
 .bss.__sbrk_heap_end
                0x24000910        0x4 ./Core/Src/sysmem.o
 .bss.htim1     0x24000914       0x4c ./Core/Src/tim.o
                0x24000914                htim1
 .bss.htim2     0x24000960       0x4c ./Core/Src/tim.o
                0x24000960                htim2
 .bss.huart4    0x240009ac       0x94 ./Core/Src/usart.o
                0x240009ac                huart4
 .bss.data_sequence
                0x24000a40        0x4 ./Core/Src/uwb.o
                0x24000a40                data_sequence
 .bss.dw1000local
                0x24000a44       0xe0 ./Drivers/DW1000/decadriver/Src/deca_device.o
 .bss.signalResetDone
                0x24000b24        0x4 ./Drivers/DW1000/platform/Src/port.o
 .bss.port_deca_isr
                0x24000b28        0x4 ./Drivers/DW1000/platform/Src/port.o
                0x24000b28                port_deca_isr
 .bss.uwTick    0x24000b2c        0x4 ./Drivers/STM32H7xx_HAL_Driver/Src/stm32h7xx_hal.o
                0x24000b2c                uwTick
 .bss.__sf      0x24000b30      0x138 C:/ST/STM32CubeIDE_1.14.0/STM32CubeIDE/plugins/com.st.stm32cube.ide.mcu.externaltools.gnu-tools-for-stm32.12.3.rel1.win32_1.1.0.202410251130/tools/bin/../lib/gcc/arm-none-eabi/12.3.1/../../../../arm-none-eabi/lib/thumb/v7e-m+dp/hard\libc_nano.a(libc_a-findfp.o)
                0x24000b30                __sf
 .bss.__stdio_exit_handler
                0x24000c68        0x4 C:/ST/STM32CubeIDE_1.14.0/STM32CubeIDE/plugins/com.st.stm32cube.ide.mcu.externaltools.gnu-tools-for-stm32.12.3.rel1.win32_1.1.0.202410251130/tools/bin/../lib/gcc/arm-none-eabi/12.3.1/../../../../arm-none-eabi/lib/thumb/v7e-m+dp/hard\libc_nano.a(libc_a-findfp.o)
                0x24000c68                __stdio_exit_handler