../Drivers/CMSIS/Include/core_cm7.h:1902:22:__NVIC_EnableIRQ	16	static,ignoring_inline_asm
../Drivers/CMSIS/Include/core_cm7.h:1940:22:__NVIC_DisableIRQ	16	static,ignoring_inline_asm
../Drivers/DW1000/platform/Src/port.c:45:1:portGetTickCnt	8	static
../Drivers/DW1000/platform/Src/port.c:56:5:usleep	24	static,ignoring_inline_asm
../Drivers/DW1000/platform/Src/port.c:77:1:Sleep	16	static
../Drivers/DW1000/platform/Src/port.c:96:5:peripherals_init	4	static
../Drivers/DW1000/platform/Src/port.c:109:10:EXTI_GetITEnStatus	16	static
../Drivers/DW1000/platform/Src/port.c:132:6:reset_DW1000	16	static
../Drivers/DW1000/platform/Src/port.c:154:6:setup_DW1000RSTnIRQ	16	static
../Drivers/DW1000/platform/Src/port.c:192:6:port_wakeup_dw1000	16	static
../Drivers/DW1000/platform/Src/port.c:209:6:port_wakeup_dw1000_fast	24	static
../Drivers/DW1000/platform/Src/port.c:247:6:port_set_dw1000_slowrate	16	static
../Drivers/DW1000/platform/Src/port.c:257:6:port_set_dw1000_fastrate	16	static
../Drivers/DW1000/platform/Src/port.c:285:6:HAL_GPIO_EXTI_Callback	32	static
../Drivers/DW1000/platform/Src/port.c:326:15:process_deca_irq	16	static
../Drivers/DW1000/platform/Src/port.c:341:15:port_DisableEXT_IRQ	16	static
../Drivers/DW1000/platform/Src/port.c:350:15:port_EnableEXT_IRQ	16	static
../Drivers/DW1000/platform/Src/port.c:359:19:port_GetEXT_IRQStatus	16	static
../Drivers/DW1000/platform/Src/port.c:368:19:port_CheckEXT_IRQ	16	static
../Drivers/DW1000/platform/Src/port.c:412:6:port_set_deca_isr	24	static
